Component: ARM Compiler 5.06 update 7 (build 960) Tool: armlink [4d3601]

==============================================================================

Section Cross References

    startup_stm32f407xx.o(RESET) refers to startup_stm32f407xx.o(STACK) for __initial_sp
    startup_stm32f407xx.o(RESET) refers to startup_stm32f407xx.o(.text) for Reset_Handler
    startup_stm32f407xx.o(RESET) refers to stm32f4xx_it.o(i.NMI_Handler) for NMI_Handler
    startup_stm32f407xx.o(RESET) refers to stm32f4xx_it.o(i.HardFault_Handler) for HardFault_Handler
    startup_stm32f407xx.o(RESET) refers to stm32f4xx_it.o(i.MemManage_Handler) for MemManage_Handler
    startup_stm32f407xx.o(RESET) refers to stm32f4xx_it.o(i.BusFault_Handler) for BusFault_Handler
    startup_stm32f407xx.o(RESET) refers to stm32f4xx_it.o(i.UsageFault_Handler) for UsageFault_Handler
    startup_stm32f407xx.o(RESET) refers to stm32f4xx_it.o(i.SVC_Handler) for SVC_Handler
    startup_stm32f407xx.o(RESET) refers to stm32f4xx_it.o(i.DebugMon_Handler) for DebugMon_Handler
    startup_stm32f407xx.o(RESET) refers to stm32f4xx_it.o(i.PendSV_Handler) for PendSV_Handler
    startup_stm32f407xx.o(RESET) refers to stm32f4xx_it.o(i.SysTick_Handler) for SysTick_Handler
    startup_stm32f407xx.o(RESET) refers to stm32f4xx_it.o(i.DMA1_Stream5_IRQHandler) for DMA1_Stream5_IRQHandler
    startup_stm32f407xx.o(RESET) refers to stm32f4xx_it.o(i.DMA1_Stream6_IRQHandler) for DMA1_Stream6_IRQHandler
    startup_stm32f407xx.o(RESET) refers to stm32f4xx_it.o(i.USART2_IRQHandler) for USART2_IRQHandler
    startup_stm32f407xx.o(RESET) refers to stm32f4xx_it.o(i.TIM7_IRQHandler) for TIM7_IRQHandler
    startup_stm32f407xx.o(RESET) refers to stm32f4xx_it.o(i.DMA2_Stream2_IRQHandler) for DMA2_Stream2_IRQHandler
    startup_stm32f407xx.o(RESET) refers to stm32f4xx_it.o(i.DMA2_Stream7_IRQHandler) for DMA2_Stream7_IRQHandler
    startup_stm32f407xx.o(.text) refers to system_stm32f4xx.o(i.SystemInit) for SystemInit
    startup_stm32f407xx.o(.text) refers to entry.o(.ARM.Collect$$$$00000000) for __main
    main.o(i.SystemClock_Config) refers to memseta.o(.text) for __aeabi_memclr4
    main.o(i.SystemClock_Config) refers to stm32f4xx_hal_rcc.o(i.HAL_RCC_OscConfig) for HAL_RCC_OscConfig
    main.o(i.SystemClock_Config) refers to stm32f4xx_hal_rcc.o(i.HAL_RCC_ClockConfig) for HAL_RCC_ClockConfig
    main.o(i.main) refers to stm32f4xx_hal.o(i.HAL_Init) for HAL_Init
    main.o(i.main) refers to main.o(i.SystemClock_Config) for SystemClock_Config
    main.o(i.main) refers to gpio.o(i.MX_GPIO_Init) for MX_GPIO_Init
    main.o(i.main) refers to dma.o(i.MX_DMA_Init) for MX_DMA_Init
    main.o(i.main) refers to tim.o(i.MX_TIM1_Init) for MX_TIM1_Init
    main.o(i.main) refers to tim.o(i.MX_TIM2_Init) for MX_TIM2_Init
    main.o(i.main) refers to tim.o(i.MX_TIM3_Init) for MX_TIM3_Init
    main.o(i.main) refers to tim.o(i.MX_TIM4_Init) for MX_TIM4_Init
    main.o(i.main) refers to tim.o(i.MX_TIM8_Init) for MX_TIM8_Init
    main.o(i.main) refers to tim.o(i.MX_TIM10_Init) for MX_TIM10_Init
    main.o(i.main) refers to tim.o(i.MX_TIM11_Init) for MX_TIM11_Init
    main.o(i.main) refers to tim.o(i.MX_TIM13_Init) for MX_TIM13_Init
    main.o(i.main) refers to usart.o(i.MX_USART1_UART_Init) for MX_USART1_UART_Init
    main.o(i.main) refers to usart.o(i.MX_USART2_UART_Init) for MX_USART2_UART_Init
    main.o(i.main) refers to usart.o(i.MX_USART3_UART_Init) for MX_USART3_UART_Init
    main.o(i.main) refers to usart.o(i.MX_UART4_Init) for MX_UART4_Init
    main.o(i.main) refers to tim.o(i.MX_TIM14_Init) for MX_TIM14_Init
    main.o(i.main) refers to tim.o(i.MX_TIM7_Init) for MX_TIM7_Init
    main.o(i.main) refers to all_init.o(i.All_init) for All_init
    main.o(i.main) refers to image.o(i.Fill_YLine) for Fill_YLine
    main.o(i.main) refers to key.o(i.key_function) for key_function
    main.o(i.main) refers to main.o(.data) for .data
    main.o(i.main) refers to chuankou.o(.bss) for point_data
    main.o(i.main) refers to image.o(.bss) for AB_line
    gpio.o(i.MX_GPIO_Init) refers to memseta.o(.text) for __aeabi_memclr4
    gpio.o(i.MX_GPIO_Init) refers to stm32f4xx_hal_gpio.o(i.HAL_GPIO_WritePin) for HAL_GPIO_WritePin
    gpio.o(i.MX_GPIO_Init) refers to stm32f4xx_hal_gpio.o(i.HAL_GPIO_Init) for HAL_GPIO_Init
    dma.o(i.MX_DMA_Init) refers to stm32f4xx_hal_cortex.o(i.HAL_NVIC_SetPriority) for HAL_NVIC_SetPriority
    dma.o(i.MX_DMA_Init) refers to stm32f4xx_hal_cortex.o(i.HAL_NVIC_EnableIRQ) for HAL_NVIC_EnableIRQ
    tim.o(i.HAL_TIM_Base_MspDeInit) refers to stm32f4xx_hal_cortex.o(i.HAL_NVIC_DisableIRQ) for HAL_NVIC_DisableIRQ
    tim.o(i.HAL_TIM_Base_MspInit) refers to stm32f4xx_hal_cortex.o(i.HAL_NVIC_SetPriority) for HAL_NVIC_SetPriority
    tim.o(i.HAL_TIM_Base_MspInit) refers to stm32f4xx_hal_cortex.o(i.HAL_NVIC_EnableIRQ) for HAL_NVIC_EnableIRQ
    tim.o(i.HAL_TIM_Encoder_MspDeInit) refers to stm32f4xx_hal_gpio.o(i.HAL_GPIO_DeInit) for HAL_GPIO_DeInit
[...]
    ../clib/microlib/init/entry.s            0x00000000   Number         0  entry9a.o ABSOLUTE
    ../clib/microlib/init/entry.s            0x00000000   Number         0  entry9b.o ABSOLUTE
    ../clib/microlib/init/entry.s            0x00000000   Number         0  entry10a.o ABSOLUTE
    ../clib/microlib/init/entry.s            0x00000000   Number         0  entry10b.o ABSOLUTE
    ../clib/microlib/init/entry.s            0x00000000   Number         0  entry7a.o ABSOLUTE
    ../clib/microlib/init/entry.s            0x00000000   Number         0  entry8b.o ABSOLUTE
    ../clib/microlib/init/entry.s            0x00000000   Number         0  entry11a.o ABSOLUTE
    ../clib/microlib/init/entry.s            0x00000000   Number         0  entry12a.o ABSOLUTE
    ../clib/microlib/longlong.c              0x00000000   Number         0  llshl.o ABSOLUTE
    ../clib/microlib/longlong.c              0x00000000   Number         0  llushr.o ABSOLUTE
    ../clib/microlib/longlong.c              0x00000000   Number         0  llsshr.o ABSOLUTE
    ../clib/microlib/printf/printf.c         0x00000000   Number         0  printfa.o ABSOLUTE
    ../clib/microlib/printf/printf.c         0x00000000   Number         0  printf6.o ABSOLUTE
    ../clib/microlib/printf/printf.c         0x00000000   Number         0  printf5.o ABSOLUTE
    ../clib/microlib/printf/printf.c         0x00000000   Number         0  printf2.o ABSOLUTE
    ../clib/microlib/printf/printf.c         0x00000000   Number         0  printf4.o ABSOLUTE
    ../clib/microlib/printf/printf.c         0x00000000   Number         0  printfb.o ABSOLUTE
    ../clib/microlib/printf/printf.c         0x00000000   Number         0  printf8.o ABSOLUTE
    ../clib/microlib/printf/printf.c         0x00000000   Number         0  printf7.o ABSOLUTE
    ../clib/microlib/printf/printf.c         0x00000000   Number         0  printf3.o ABSOLUTE
    ../clib/microlib/printf/printf.c         0x00000000   Number         0  printf1.o ABSOLUTE
    ../clib/microlib/printf/printf.c         0x00000000   Number         0  printf0.o ABSOLUTE
    ../clib/microlib/stdio/fputc.c           0x00000000   Number         0  fputc.o ABSOLUTE
    ../clib/microlib/stdio/semi.s            0x00000000   Number         0  semi.o ABSOLUTE
    ../clib/microlib/stdio/streams.c         0x00000000   Number         0  stdout.o ABSOLUTE
    ../clib/microlib/string/memcpy.c         0x00000000   Number         0  memcpya.o ABSOLUTE
    ../clib/microlib/string/memcpy.c         0x00000000   Number         0  memcpyb.o ABSOLUTE
    ../clib/microlib/string/memset.c         0x00000000   Number         0  memseta.o ABSOLUTE
    ../clib/microlib/string/strchr.c         0x00000000   Number         0  strchr.o ABSOLUTE
    ../clib/microlib/string/strlen.c         0x00000000   Number         0  strlen.o ABSOLUTE
    ../clib/microlib/stubs.s                 0x00000000   Number         0  iusefp.o ABSOLUTE
    ../clib/microlib/stubs.s                 0x00000000   Number         0  iusesemip.o ABSOLUTE
    ../clib/scanf.c                          0x00000000   Number         0  _chval.o ABSOLUTE
    ../clib/scanf.c                          0x00000000   Number         0  _strtoul.o ABSOLUTE
    ../clib/scanf.c                          0x00000000   Number         0  strtol.o ABSOLUTE
    ../fplib/microlib/fpadd.c                0x00000000   Number         0  dadd.o ABSOLUTE
    ../fplib/microlib/fpdiv.c                0x00000000   Number         0  ddiv.o ABSOLUTE
    ../fplib/microlib/fpepilogue.c           0x00000000   Number         0  depilogue.o ABSOLUTE
    ../fplib/microlib/fpfix.c                0x00000000   Number         0  dfixul.o ABSOLUTE
    ../fplib/microlib/fpmul.c                0x00000000   Number         0  dmul.o ABSOLUTE
    ..\Core\Src\dma.c                        0x00000000   Number         0  dma.o ABSOLUTE
    ..\Core\Src\gpio.c                       0x00000000   Number         0  gpio.o ABSOLUTE
    ..\Core\Src\main.c                       0x00000000   Number         0  main.o ABSOLUTE
    ..\Core\Src\stm32f4xx_hal_msp.c          0x00000000   Number         0  stm32f4xx_hal_msp.o ABSOLUTE
    ..\Core\Src\stm32f4xx_it.c               0x00000000   Number         0  stm32f4xx_it.o ABSOLUTE
    ..\Core\Src\system_stm32f4xx.c           0x00000000   Number         0  system_stm32f4xx.o ABSOLUTE
    ..\Core\Src\tim.c                        0x00000000   Number         0  tim.o ABSOLUTE
    ..\Core\Src\usart.c                      0x00000000   Number         0  usart.o ABSOLUTE
    ..\Drivers\STM32F4xx_HAL_Driver\Src\stm32f4xx_hal.c 0x00000000   Number         0  stm32f4xx_hal.o ABSOLUTE
    ..\Drivers\STM32F4xx_HAL_Driver\Src\stm32f4xx_hal_cortex.c 0x00000000   Number         0  stm32f4xx_hal_cortex.o ABSOLUTE
    ..\Drivers\STM32F4xx_HAL_Driver\Src\stm32f4xx_hal_dma.c 0x00000000   Number         0  stm32f4xx_hal_dma.o ABSOLUTE
    ..\Drivers\STM32F4xx_HAL_Driver\Src\stm32f4xx_hal_dma_ex.c 0x00000000   Number         0  stm32f4xx_hal_dma_ex.o ABSOLUTE
    ..\Drivers\STM32F4xx_HAL_Driver\Src\stm32f4xx_hal_exti.c 0x00000000   Number         0  stm32f4xx_hal_exti.o ABSOLUTE
    ..\Drivers\STM32F4xx_HAL_Driver\Src\stm32f4xx_hal_flash.c 0x00000000   Number         0  stm32f4xx_hal_flash.o ABSOLUTE
    ..\Drivers\STM32F4xx_HAL_Driver\Src\stm32f4xx_hal_flash_ex.c 0x00000000   Number         0  stm32f4xx_hal_flash_ex.o ABSOLUTE
    ..\Drivers\STM32F4xx_HAL_Driver\Src\stm32f4xx_hal_flash_ramfunc.c 0x00000000   Number         0  stm32f4xx_hal_flash_ramfunc.o ABSOLUTE
    ..\Drivers\STM32F4xx_HAL_Driver\Src\stm32f4xx_hal_gpio.c 0x00000000   Number         0  stm32f4xx_hal_gpio.o ABSOLUTE
    ..\Drivers\STM32F4xx_HAL_Driver\Src\stm32f4xx_hal_pwr.c 0x00000000   Number         0  stm32f4xx_hal_pwr.o ABSOLUTE
    ..\Drivers\STM32F4xx_HAL_Driver\Src\stm32f4xx_hal_pwr_ex.c 0x00000000   Number         0  stm32f4xx_hal_pwr_ex.o ABSOLUTE
    ..\Drivers\STM32F4xx_HAL_Driver\Src\stm32f4xx_hal_rcc.c 0x00000000   Number         0  stm32f4xx_hal_rcc.o ABSOLUTE
    ..\Drivers\STM32F4xx_HAL_Driver\Src\stm32f4xx_hal_rcc_ex.c 0x00000000   Number         0  stm32f4xx_hal_rcc_ex.o ABSOLUTE
    ..\Drivers\STM32F4xx_HAL_Driver\Src\stm32f4xx_hal_tim.c 0x00000000   Number         0  stm32f4xx_hal_tim.o ABSOLUTE
    ..\Drivers\STM32F4xx_HAL_Driver\Src\stm32f4xx_hal_tim_ex.c 0x00000000   Number         0  stm32f4xx_hal_tim_ex.o ABSOLUTE
    ..\Drivers\STM32F4xx_HAL_Driver\Src\stm32f4xx_hal_uart.c 0x00000000   Number         0  stm32f4xx_hal_uart.o ABSOLUTE
    ..\\icore\\ALL_Init.c                    0x00000000   Number         0  all_init.o ABSOLUTE
    ..\\icore\\KEY.c                         0x00000000   Number         0  key.o ABSOLUTE
    ..\\icore\\chuankou.c                    0x00000000   Number         0  chuankou.o ABSOLUTE
    ..\\icore\\flash.c                       0x00000000   Number         0  flash.o ABSOLUTE
    ..\\icore\\image.c                       0x00000000   Number         0  image.o ABSOLUTE
    ..\\icore\\lcd.c                         0x00000000   Number         0  lcd.o ABSOLUTE
    ..\\icore\\lcd_init.c                    0x00000000   Number         0  lcd_init.o ABSOLUTE
    ..\\icore\\pid.c                         0x00000000   Number         0  pid.o ABSOLUTE
    ..\\icore\\servo.c                       0x00000000   Number         0  servo.o ABSOLUTE
    ..\\icore\\uart.c                        0x00000000   Number         0  uart.o ABSOLUTE
    ..\icore\ALL_Init.c                      0x00000000   Number         0  all_init.o ABSOLUTE
    ..\icore\KEY.c                           0x00000000   Number         0  key.o ABSOLUTE
    ..\icore\chuankou.c                      0x00000000   Number         0  chuankou.o ABSOLUTE
    ..\icore\flash.c                         0x00000000   Number         0  flash.o ABSOLUTE
    ..\icore\image.c                         0x00000000   Number         0  image.o ABSOLUTE
    ..\icore\lcd.c                           0x00000000   Number         0  lcd.o ABSOLUTE
    ..\icore\lcd_init.c                      0x00000000   Number         0  lcd_init.o ABSOLUTE
    ..\icore\pid.c                           0x00000000   Number         0  pid.o ABSOLUTE
    ..\icore\servo.c                         0x00000000   Number         0  servo.o ABSOLUTE
    ..\icore\uart.c                          0x00000000   Number         0  uart.o ABSOLUTE
    cdrcmple.s                               0x00000000   Number         0  cdrcmple.o ABSOLUTE
    dc.s                                     0x00000000   Number         0  dc.o ABSOLUTE
    handlers.s                               0x00000000   Number         0  handlers.o ABSOLUTE
    init.s                                   0x00000000   Number         0  init.o ABSOLUTE
    startup_stm32f407xx.s                    0x00000000   Number         0  startup_stm32f407xx.o ABSOLUTE
    RESET                                    0x08000000   Section      392  startup_stm32f407xx.o(RESET)
    .ARM.Collect$$$$00000000                 0x08000188   Section        0  entry.o(.ARM.Collect$$$$00000000)
    .ARM.Collect$$$$00000001                 0x08000188   Section        4  entry2.o(.ARM.Collect$$$$00000001)
    .ARM.Collect$$$$00000004                 0x0800018c   Section        4  entry5.o(.ARM.Collect$$$$00000004)
    .ARM.Collect$$$$00000008                 0x08000190   Section        0  entry7b.o(.ARM.Collect$$$$00000008)
    .ARM.Collect$$$$0000000A                 0x08000190   Section        0  entry8b.o(.ARM.Collect$$$$0000000A)
    .ARM.Collect$$$$0000000B                 0x08000190   Section        8  entry9a.o(.ARM.Collect$$$$0000000B)
    .ARM.Collect$$$$0000000E                 0x08000198   Section        4  entry12b.o(.ARM.Collect$$$$0000000E)
    .ARM.Collect$$$$0000000F                 0x0800019c   Section        0  entry10a.o(.ARM.Collect$$$$0000000F)
    .ARM.Collect$$$$00000011                 0x0800019c   Section        0  entry11a.o(.ARM.Collect$$$$00000011)
    .ARM.Collect$$$$00002712                 0x0800019c   Section        4  entry2.o(.ARM.Collect$$$$00002712)
    __lit__00000000                          0x0800019c   Data           4  entry2.o(.ARM.Collect$$$$00002712)
    .text                                    0x080001a0   Section       36  startup_stm32f407xx.o(.text)
    $v0                                      0x080001a0   Number         0  startup_stm32f407xx.o(.text)
    .text                                    0x080001c4   Section        0  uldiv.o(.text)
    .text                                    0x08000226   Section        0  memseta.o(.text)
    .text                                    0x0800024a   Section        0  strchr.o(.text)
    .text                                    0x0800025e   Section        0  strlen.o(.text)
    .text                                    0x0800026c   Section        0  strtol.o(.text)
    .text                                    0x080002dc   Section        0  llshl.o(.text)
    .text                                    0x080002fa   Section        0  llushr.o(.text)
    .text                                    0x0800031c   Section        0  ctype_o.o(.text)
    .text                                    0x08000324   Section        0  _strtoul.o(.text)
    .text                                    0x080003c4   Section       36  init.o(.text)
    .text                                    0x080003e8   Section        0  _chval.o(.text)
    i.All_init                               0x08000404   Section        0  all_init.o(i.All_init)
    i.BusFault_Handler                       0x0800042a   Section        0  stm32f4xx_it.o(i.BusFault_Handler)
    i.DMA1_Stream5_IRQHandler                0x0800042c   Section        0  stm32f4xx_it.o(i.DMA1_Stream5_IRQHandler)
    i.DMA1_Stream6_IRQHandler                0x08000438   Section        0  stm32f4xx_it.o(i.DMA1_Stream6_IRQHandler)
    i.DMA2_Stream2_IRQHandler                0x08000444   Section        0  stm32f4xx_it.o(i.DMA2_Stream2_IRQHandler)
    i.DMA2_Stream7_IRQHandler                0x08000450   Section        0  stm32f4xx_it.o(i.DMA2_Stream7_IRQHandler)
    i.DMA_CalcBaseAndBitshift                0x0800045c   Section        0  stm32f4xx_hal_dma.o(i.DMA_CalcBaseAndBitshift)
    DMA_CalcBaseAndBitshift                  0x0800045d   Thumb Code    34  stm32f4xx_hal_dma.o(i.DMA_CalcBaseAndBitshift)
    i.DMA_CheckFifoParam                     0x08000484   Section        0  stm32f4xx_hal_dma.o(i.DMA_CheckFifoParam)
    DMA_CheckFifoParam                       0x08000485   Thumb Code    84  stm32f4xx_hal_dma.o(i.DMA_CheckFifoParam)
    i.DMA_SetConfig                          0x080004d8   Section        0  stm32f4xx_hal_dma.o(i.DMA_SetConfig)
    DMA_SetConfig                            0x080004d9   Thumb Code    40  stm32f4xx_hal_dma.o(i.DMA_SetConfig)
    i.DebugMon_Handler                       0x08000500   Section        0  stm32f4xx_it.o(i.DebugMon_Handler)
    i.Error_Handler                          0x08000502   Section        0  main.o(i.Error_Handler)
    i.FLASH_Erase_Sector                     0x08000508   Section        0  stm32f4xx_hal_flash_ex.o(i.FLASH_Erase_Sector)
    i.FLASH_FlushCaches                      0x08000558   Section        0  stm32f4xx_hal_flash_ex.o(i.FLASH_FlushCaches)
    i.FLASH_MassErase                        0x080005ac   Section        0  stm32f4xx_hal_flash_ex.o(i.FLASH_MassErase)
    FLASH_MassErase                          0x080005ad   Thumb Code    34  stm32f4xx_hal_flash_ex.o(i.FLASH_MassErase)
    i.FLASH_Program_Byte                     0x080005d4   Section        0  stm32f4xx_hal_flash.o(i.FLASH_Program_Byte)
    FLASH_Program_Byte                       0x080005d5   Thumb Code    26  stm32f4xx_hal_flash.o(i.FLASH_Program_Byte)
    i.FLASH_Program_DoubleWord               0x080005f4   Section        0  stm32f4xx_hal_flash.o(i.FLASH_Program_DoubleWord)
    FLASH_Program_DoubleWord                 0x080005f5   Thumb Code    38  stm32f4xx_hal_flash.o(i.FLASH_Program_DoubleWord)
    i.FLASH_Program_HalfWord                 0x08000620   Section        0  stm32f4xx_hal_flash.o(i.FLASH_Program_HalfWord)
    FLASH_Program_HalfWord                   0x08000621   Thumb Code    30  stm32f4xx_hal_flash.o(i.FLASH_Program_HalfWord)
    i.FLASH_Program_Word                     0x08000644   Section        0  stm32f4xx_hal_flash.o(i.FLASH_Program_Word)
    FLASH_Program_Word                       0x08000645   Thumb Code    30  stm32f4xx_hal_flash.o(i.FLASH_Program_Word)
    i.FLASH_SetErrorCode                     0x08000668   Section        0  stm32f4xx_hal_flash.o(i.FLASH_SetErrorCode)
    FLASH_SetErrorCode                       0x08000669   Thumb Code    96  stm32f4xx_hal_flash.o(i.FLASH_SetErrorCode)
    i.FLASH_WaitForLastOperation             0x080006d0   Section        0  stm32f4xx_hal_flash.o(i.FLASH_WaitForLastOperation)
    i.Fill_YLine                             0x08000720   Section        0  image.o(i.Fill_YLine)
    i.HAL_DMA_Abort                          0x080007e4   Section        0  stm32f4xx_hal_dma.o(i.HAL_DMA_Abort)
    i.HAL_DMA_Abort_IT                       0x08000876   Section        0  stm32f4xx_hal_dma.o(i.HAL_DMA_Abort_IT)
    i.HAL_DMA_IRQHandler                     0x0800089c   Section        0  stm32f4xx_hal_dma.o(i.HAL_DMA_IRQHandler)
    i.HAL_DMA_Init                           0x08000a3c   Section        0  stm32f4xx_hal_dma.o(i.HAL_DMA_Init)
    i.HAL_DMA_Start_IT                       0x08000b10   Section        0  stm32f4xx_hal_dma.o(i.HAL_DMA_Start_IT)
    i.HAL_Delay                              0x08000b80   Section        0  stm32f4xx_hal.o(i.HAL_Delay)
    i.HAL_FLASHEx_Erase                      0x08000ba4   Section        0  stm32f4xx_hal_flash_ex.o(i.HAL_FLASHEx_Erase)
    i.HAL_FLASH_Lock                         0x08000c3c   Section        0  stm32f4xx_hal_flash.o(i.HAL_FLASH_Lock)
    i.HAL_FLASH_Program                      0x08000c50   Section        0  stm32f4xx_hal_flash.o(i.HAL_FLASH_Program)
    i.HAL_FLASH_Unlock                       0x08000ccc   Section        0  stm32f4xx_hal_flash.o(i.HAL_FLASH_Unlock)
    i.HAL_GPIO_Init                          0x08000cf8   Section        0  stm32f4xx_hal_gpio.o(i.HAL_GPIO_Init)
    i.HAL_GPIO_ReadPin                       0x08000ee8   Section        0  stm32f4xx_hal_gpio.o(i.HAL_GPIO_ReadPin)
    i.HAL_GPIO_WritePin                      0x08000ef2   Section        0  stm32f4xx_hal_gpio.o(i.HAL_GPIO_WritePin)
    i.HAL_GetTick                            0x08000efc   Section        0  stm32f4xx_hal.o(i.HAL_GetTick)
    i.HAL_IncTick                            0x08000f08   Section        0  stm32f4xx_hal.o(i.HAL_IncTick)
    i.HAL_Init                               0x08000f18   Section        0  stm32f4xx_hal.o(i.HAL_Init)
    i.HAL_InitTick                           0x08000f4c   Section        0  stm32f4xx_hal.o(i.HAL_InitTick)
    i.HAL_MspInit                            0x08000f8c   Section        0  stm32f4xx_hal_msp.o(i.HAL_MspInit)
    i.HAL_NVIC_EnableIRQ                     0x08000fbc   Section        0  stm32f4xx_hal_cortex.o(i.HAL_NVIC_EnableIRQ)
    i.HAL_NVIC_SetPriority                   0x08000fd8   Section        0  stm32f4xx_hal_cortex.o(i.HAL_NVIC_SetPriority)
    i.HAL_NVIC_SetPriorityGrouping           0x08001018   Section        0  stm32f4xx_hal_cortex.o(i.HAL_NVIC_SetPriorityGrouping)
    i.HAL_RCC_ClockConfig                    0x0800103c   Section        0  stm32f4xx_hal_rcc.o(i.HAL_RCC_ClockConfig)
    i.HAL_RCC_GetPCLK1Freq                   0x08001170   Section        0  stm32f4xx_hal_rcc.o(i.HAL_RCC_GetPCLK1Freq)
    i.HAL_RCC_GetPCLK2Freq                   0x08001190   Section        0  stm32f4xx_hal_rcc.o(i.HAL_RCC_GetPCLK2Freq)
    i.HAL_RCC_GetSysClockFreq                0x080011b0   Section        0  stm32f4xx_hal_rcc.o(i.HAL_RCC_GetSysClockFreq)
    i.HAL_RCC_OscConfig                      0x08001214   Section        0  stm32f4xx_hal_rcc.o(i.HAL_RCC_OscConfig)
    i.HAL_SYSTICK_Config                     0x08001580   Section        0  stm32f4xx_hal_cortex.o(i.HAL_SYSTICK_Config)
    i.HAL_TIMEx_BreakCallback                0x080015a8   Section        0  stm32f4xx_hal_tim_ex.o(i.HAL_TIMEx_BreakCallback)
    i.HAL_TIMEx_CommutCallback               0x080015aa   Section        0  stm32f4xx_hal_tim_ex.o(i.HAL_TIMEx_CommutCallback)
    i.HAL_TIMEx_ConfigBreakDeadTime          0x080015ac   Section        0  stm32f4xx_hal_tim_ex.o(i.HAL_TIMEx_ConfigBreakDeadTime)
    i.HAL_TIMEx_MasterConfigSynchronization  0x08001600   Section        0  stm32f4xx_hal_tim_ex.o(i.HAL_TIMEx_MasterConfigSynchronization)
    i.HAL_TIM_Base_Init                      0x08001690   Section        0  stm32f4xx_hal_tim.o(i.HAL_TIM_Base_Init)
    i.HAL_TIM_Base_MspInit                   0x080016ec   Section        0  tim.o(i.HAL_TIM_Base_MspInit)
    i.HAL_TIM_Base_Start_IT                  0x080017ac   Section        0  stm32f4xx_hal_tim.o(i.HAL_TIM_Base_Start_IT)
    i.HAL_TIM_ConfigClockSource              0x0800182c   Section        0  stm32f4xx_hal_tim.o(i.HAL_TIM_ConfigClockSource)
    i.HAL_TIM_Encoder_Init                   0x08001908   Section        0  stm32f4xx_hal_tim.o(i.HAL_TIM_Encoder_Init)
    i.HAL_TIM_Encoder_MspInit                0x080019ac   Section        0  tim.o(i.HAL_TIM_Encoder_MspInit)
    i.HAL_TIM_IC_CaptureCallback             0x08001ad8   Section        0  stm32f4xx_hal_tim.o(i.HAL_TIM_IC_CaptureCallback)
    i.HAL_TIM_IRQHandler                     0x08001ada   Section        0  stm32f4xx_hal_tim.o(i.HAL_TIM_IRQHandler)
    i.HAL_TIM_MspPostInit                    0x08001c0c   Section        0  tim.o(i.HAL_TIM_MspPostInit)
    i.HAL_TIM_OC_ConfigChannel               0x08001cf0   Section        0  stm32f4xx_hal_tim.o(i.HAL_TIM_OC_ConfigChannel)
    i.HAL_TIM_OC_DelayElapsedCallback        0x08001d42   Section        0  stm32f4xx_hal_tim.o(i.HAL_TIM_OC_DelayElapsedCallback)
    i.HAL_TIM_OC_Init                        0x08001d44   Section        0  stm32f4xx_hal_tim.o(i.HAL_TIM_OC_Init)
    i.HAL_TIM_OC_MspInit                     0x08001d9e   Section        0  stm32f4xx_hal_tim.o(i.HAL_TIM_OC_MspInit)
    i.HAL_TIM_PWM_ConfigChannel              0x08001da0   Section        0  stm32f4xx_hal_tim.o(i.HAL_TIM_PWM_ConfigChannel)
    i.HAL_TIM_PWM_Init                       0x08001e6c   Section        0  stm32f4xx_hal_tim.o(i.HAL_TIM_PWM_Init)
    i.HAL_TIM_PWM_MspInit                    0x08001ec6   Section        0  stm32f4xx_hal_tim.o(i.HAL_TIM_PWM_MspInit)
    i.HAL_TIM_PWM_PulseFinishedCallback      0x08001ec8   Section        0  stm32f4xx_hal_tim.o(i.HAL_TIM_PWM_PulseFinishedCallback)
    i.HAL_TIM_PeriodElapsedCallback          0x08001ecc   Section        0  key.o(i.HAL_TIM_PeriodElapsedCallback)
    i.HAL_TIM_TriggerCallback                0x08001ee0   Section        0  stm32f4xx_hal_tim.o(i.HAL_TIM_TriggerCallback)
    i.HAL_UARTEx_ReceiveToIdle_DMA           0x08001ee2   Section        0  stm32f4xx_hal_uart.o(i.HAL_UARTEx_ReceiveToIdle_DMA)
    i.HAL_UARTEx_RxEventCallback             0x08001f30   Section        0  chuankou.o(i.HAL_UARTEx_RxEventCallback)
    i.HAL_UART_ErrorCallback                 0x0800202c   Section        0  stm32f4xx_hal_uart.o(i.HAL_UART_ErrorCallback)
    i.HAL_UART_IRQHandler                    0x08002030   Section        0  stm32f4xx_hal_uart.o(i.HAL_UART_IRQHandler)
    i.HAL_UART_Init                          0x080022a0   Section        0  stm32f4xx_hal_uart.o(i.HAL_UART_Init)
    i.HAL_UART_MspInit                       0x08002304   Section        0  usart.o(i.HAL_UART_MspInit)
    i.HAL_UART_RxCpltCallback                0x08002518   Section        0  stm32f4xx_hal_uart.o(i.HAL_UART_RxCpltCallback)
    i.HAL_UART_RxHalfCpltCallback            0x0800251a   Section        0  stm32f4xx_hal_uart.o(i.HAL_UART_RxHalfCpltCallback)
    i.HAL_UART_Transmit_DMA                  0x0800251c   Section        0  stm32f4xx_hal_uart.o(i.HAL_UART_Transmit_DMA)
    i.HAL_UART_TxCpltCallback                0x08002594   Section        0  stm32f4xx_hal_uart.o(i.HAL_UART_TxCpltCallback)
    i.HAL_UART_TxHalfCpltCallback            0x08002596   Section        0  stm32f4xx_hal_uart.o(i.HAL_UART_TxHalfCpltCallback)
    i.HardFault_Handler                      0x08002598   Section        0  stm32f4xx_it.o(i.HardFault_Handler)
    i.LCD_Address_Set                        0x0800259a   Section        0  lcd.o(i.LCD_Address_Set)
    i.LCD_Fill                               0x08002604   Section        0  lcd.o(i.LCD_Fill)
    i.LCD_GPIO_Init                          0x08002644   Section        0  lcd_init.o(i.LCD_GPIO_Init)
    i.LCD_Init                               0x080026c0   Section        0  lcd_init.o(i.LCD_Init)
    i.LCD_WR_DATA                            0x080029d8   Section        0  lcd_init.o(i.LCD_WR_DATA)
    i.LCD_WR_DATA8                           0x080029ec   Section        0  lcd_init.o(i.LCD_WR_DATA8)
    i.LCD_WR_REG                             0x080029f0   Section        0  lcd_init.o(i.LCD_WR_REG)
    i.LCD_Writ_Bus                           0x08002a18   Section        0  lcd_init.o(i.LCD_Writ_Bus)
    i.MX_DMA_Init                            0x08002abc   Section        0  dma.o(i.MX_DMA_Init)
    i.MX_GPIO_Init                           0x08002b28   Section        0  gpio.o(i.MX_GPIO_Init)
    i.MX_TIM10_Init                          0x08002be0   Section        0  tim.o(i.MX_TIM10_Init)
    i.MX_TIM11_Init                          0x08002c48   Section        0  tim.o(i.MX_TIM11_Init)
    i.MX_TIM13_Init                          0x08002cb0   Section        0  tim.o(i.MX_TIM13_Init)
    i.MX_TIM14_Init                          0x08002d18   Section        0  tim.o(i.MX_TIM14_Init)
    i.MX_TIM1_Init                           0x08002d7c   Section        0  tim.o(i.MX_TIM1_Init)
    i.MX_TIM2_Init                           0x08002de8   Section        0  tim.o(i.MX_TIM2_Init)
    i.MX_TIM3_Init                           0x08002e4c   Section        0  tim.o(i.MX_TIM3_Init)
    i.MX_TIM4_Init                           0x08002eb4   Section        0  tim.o(i.MX_TIM4_Init)
    i.MX_TIM7_Init                           0x08002f1c   Section        0  tim.o(i.MX_TIM7_Init)
    i.MX_TIM8_Init                           0x08002f60   Section        0  tim.o(i.MX_TIM8_Init)
    i.MX_UART4_Init                          0x08003064   Section        0  usart.o(i.MX_UART4_Init)
    i.MX_USART1_UART_Init                    0x0800309c   Section        0  usart.o(i.MX_USART1_UART_Init)
    i.MX_USART2_UART_Init                    0x080030d4   Section        0  usart.o(i.MX_USART2_UART_Init)
    i.MX_USART3_UART_Init                    0x0800310c   Section        0  usart.o(i.MX_USART3_UART_Init)
    i.MemManage_Handler                      0x08003144   Section        0  stm32f4xx_it.o(i.MemManage_Handler)
    i.NMI_Handler                            0x08003146   Section        0  stm32f4xx_it.o(i.NMI_Handler)
    i.PendSV_Handler                         0x08003148   Section        0  stm32f4xx_it.o(i.PendSV_Handler)
    i.SVC_Handler                            0x0800314a   Section        0  stm32f4xx_it.o(i.SVC_Handler)
    i.SysTick_Handler                        0x0800314c   Section        0  stm32f4xx_it.o(i.SysTick_Handler)
    i.SystemClock_Config                     0x080031b4   Section        0  main.o(i.SystemClock_Config)
    i.SystemInit                             0x08003248   Section        0  system_stm32f4xx.o(i.SystemInit)
    i.TIM7_IRQHandler                        0x08003258   Section        0  stm32f4xx_it.o(i.TIM7_IRQHandler)
    i.TIM_Base_SetConfig                     0x08003264   Section        0  stm32f4xx_hal_tim.o(i.TIM_Base_SetConfig)
    i.TIM_ETR_SetConfig                      0x0800333c   Section        0  stm32f4xx_hal_tim.o(i.TIM_ETR_SetConfig)
    i.TIM_ITRx_SetConfig                     0x08003350   Section        0  stm32f4xx_hal_tim.o(i.TIM_ITRx_SetConfig)
    TIM_ITRx_SetConfig                       0x08003351   Thumb Code    16  stm32f4xx_hal_tim.o(i.TIM_ITRx_SetConfig)
    i.TIM_OC1_SetConfig                      0x08003360   Section        0  stm32f4xx_hal_tim.o(i.TIM_OC1_SetConfig)
    TIM_OC1_SetConfig                        0x08003361   Thumb Code    88  stm32f4xx_hal_tim.o(i.TIM_OC1_SetConfig)
    i.TIM_OC2_SetConfig                      0x080033c0   Section        0  stm32f4xx_hal_tim.o(i.TIM_OC2_SetConfig)
    i.TIM_OC3_SetConfig                      0x0800342c   Section        0  stm32f4xx_hal_tim.o(i.TIM_OC3_SetConfig)
    TIM_OC3_SetConfig                        0x0800342d   Thumb Code    96  stm32f4xx_hal_tim.o(i.TIM_OC3_SetConfig)
    i.TIM_OC4_SetConfig                      0x08003494   Section        0  stm32f4xx_hal_tim.o(i.TIM_OC4_SetConfig)
    TIM_OC4_SetConfig                        0x08003495   Thumb Code    70  stm32f4xx_hal_tim.o(i.TIM_OC4_SetConfig)
    i.TIM_TI1_ConfigInputStage               0x080034e4   Section        0  stm32f4xx_hal_tim.o(i.TIM_TI1_ConfigInputStage)
    TIM_TI1_ConfigInputStage                 0x080034e5   Thumb Code    34  stm32f4xx_hal_tim.o(i.TIM_TI1_ConfigInputStage)
    i.TIM_TI2_ConfigInputStage               0x08003506   Section        0  stm32f4xx_hal_tim.o(i.TIM_TI2_ConfigInputStage)
    TIM_TI2_ConfigInputStage                 0x08003507   Thumb Code    36  stm32f4xx_hal_tim.o(i.TIM_TI2_ConfigInputStage)
    i.UART_DMAAbortOnError                   0x0800352a   Section        0  stm32f4xx_hal_uart.o(i.UART_DMAAbortOnError)
    UART_DMAAbortOnError                     0x0800352b   Thumb Code    16  stm32f4xx_hal_uart.o(i.UART_DMAAbortOnError)
    i.UART_DMAError                          0x0800353a   Section        0  stm32f4xx_hal_uart.o(i.UART_DMAError)
    UART_DMAError                            0x0800353b   Thumb Code    74  stm32f4xx_hal_uart.o(i.UART_DMAError)
    i.UART_DMAReceiveCplt                    0x08003584   Section        0  stm32f4xx_hal_uart.o(i.UART_DMAReceiveCplt)
    UART_DMAReceiveCplt                      0x08003585   Thumb Code   134  stm32f4xx_hal_uart.o(i.UART_DMAReceiveCplt)
    i.UART_DMARxHalfCplt                     0x0800360a   Section        0  stm32f4xx_hal_uart.o(i.UART_DMARxHalfCplt)
    UART_DMARxHalfCplt                       0x0800360b   Thumb Code    30  stm32f4xx_hal_uart.o(i.UART_DMARxHalfCplt)
    i.UART_DMATransmitCplt                   0x08003628   Section        0  stm32f4xx_hal_uart.o(i.UART_DMATransmitCplt)
    UART_DMATransmitCplt                     0x08003629   Thumb Code    66  stm32f4xx_hal_uart.o(i.UART_DMATransmitCplt)
    i.UART_DMATxHalfCplt                     0x0800366a   Section        0  stm32f4xx_hal_uart.o(i.UART_DMATxHalfCplt)
    UART_DMATxHalfCplt                       0x0800366b   Thumb Code    10  stm32f4xx_hal_uart.o(i.UART_DMATxHalfCplt)
    i.UART_EndRxTransfer                     0x08003674   Section        0  stm32f4xx_hal_uart.o(i.UART_EndRxTransfer)
    UART_EndRxTransfer                       0x08003675   Thumb Code    78  stm32f4xx_hal_uart.o(i.UART_EndRxTransfer)
    i.UART_EndTxTransfer                     0x080036c2   Section        0  stm32f4xx_hal_uart.o(i.UART_EndTxTransfer)
    UART_EndTxTransfer                       0x080036c3   Thumb Code    28  stm32f4xx_hal_uart.o(i.UART_EndTxTransfer)
    i.UART_Receive_IT                        0x080036de   Section        0  stm32f4xx_hal_uart.o(i.UART_Receive_IT)
    UART_Receive_IT                          0x080036df   Thumb Code   194  stm32f4xx_hal_uart.o(i.UART_Receive_IT)
    i.UART_SetConfig                         0x080037a0   Section        0  stm32f4xx_hal_uart.o(i.UART_SetConfig)
    UART_SetConfig                           0x080037a1   Thumb Code   258  stm32f4xx_hal_uart.o(i.UART_SetConfig)
    i.UART_Start_Receive_DMA                 0x080038ac   Section        0  stm32f4xx_hal_uart.o(i.UART_Start_Receive_DMA)
    i.USART2_IRQHandler                      0x0800393c   Section        0  stm32f4xx_it.o(i.USART2_IRQHandler)
    i.UsageFault_Handler                     0x08003948   Section        0  stm32f4xx_it.o(i.UsageFault_Handler)
    i.__0sprintf$bare                        0x0800394c   Section        0  printfb.o(i.__0sprintf$bare)
    i.__NVIC_SetPriority                     0x08003970   Section        0  stm32f4xx_hal_cortex.o(i.__NVIC_SetPriority)
    __NVIC_SetPriority                       0x08003971   Thumb Code    32  stm32f4xx_hal_cortex.o(i.__NVIC_SetPriority)
    i.__aeabi_errno_addr                     0x08003990   Section        0  errno.o(i.__aeabi_errno_addr)
    i.__scatterload_copy                     0x08003998   Section       14  handlers.o(i.__scatterload_copy)
    i.__scatterload_null                     0x080039a6   Section        2  handlers.o(i.__scatterload_null)
    i.__scatterload_zeroinit                 0x080039a8   Section       14  handlers.o(i.__scatterload_zeroinit)
    i._printf_core                           0x080039b6   Section        0  printfb.o(i._printf_core)
    _printf_core                             0x080039b7   Thumb Code    34  printfb.o(i._printf_core)
    i._sputc                                 0x080039d8   Section        0  printfb.o(i._sputc)
    _sputc                                   0x080039d9   Thumb Code    10  printfb.o(i._sputc)
    i.flash_buffer_clear                     0x080039e4   Section        0  flash.o(i.flash_buffer_clear)
    i.flash_set_buffer_PARA                  0x080039f4   Section        0  flash.o(i.flash_set_buffer_PARA)
    i.flash_write_page                       0x08003a20   Section        0  flash.o(i.flash_write_page)
    i.key_function                           0x08003a68   Section        0  key.o(i.key_function)
    i.key_scan                               0x08003aac   Section        0  key.o(i.key_scan)
    i.key_start                              0x08003b3c   Section        0  key.o(i.key_start)
    i.main                                   0x08003b48   Section        0  main.o(i.main)
    i.safe_parse_int                         0x08003bd4   Section        0  chuankou.o(i.safe_parse_int)
    i.stm32_flash_erase_page                 0x08003c02   Section        0  flash.o(i.stm32_flash_erase_page)
    i.uart_R_start                           0x08003c28   Section        0  uart.o(i.uart_R_start)
    .constdata                               0x08003c3c   Section        8  stm32f4xx_hal_dma.o(.constdata)
    flagBitshiftOffset                       0x08003c3c   Data           8  stm32f4xx_hal_dma.o(.constdata)
    .constdata                               0x08003c44   Section       16  system_stm32f4xx.o(.constdata)
    .constdata                               0x08003c54   Section        8  system_stm32f4xx.o(.constdata)
    .constdata                               0x08003c5c   Section      129  ctype_o.o(.constdata)
    .constdata                               0x08003ce0   Section        4  ctype_o.o(.constdata)
    table                                    0x08003ce0   Data           4  ctype_o.o(.constdata)
    .data                                    0x20000000   Section        2  main.o(.data)
    .data                                    0x20000002   Section        1  main.o(.data)
    .data                                    0x20000004   Section        8  main.o(.data)
    .data                                    0x2000000c   Section        4  stm32f4xx_it.o(.data)
    .data                                    0x20000010   Section       12  stm32f4xx_hal.o(.data)
    .data                                    0x2000001c   Section        4  system_stm32f4xx.o(.data)
    .data                                    0x20000020   Section        4  flash.o(.data)
    .data                                    0x20000024   Section        4  errno.o(.data)
    _errno                                   0x20000024   Data           4  errno.o(.data)
    .bss                                     0x20000028   Section      720  tim.o(.bss)
    .bss                                     0x200002f8   Section      672  usart.o(.bss)
    .bss                                     0x20000598   Section       32  stm32f4xx_hal_flash.o(.bss)
    .bss                                     0x200005b8   Section       40  key.o(.bss)
    str                                      0x200005b8   Data          20  key.o(.bss)
    .bss                                     0x200005e0   Section     4096  flash.o(.bss)
    .bss                                     0x200015e0   Section      100  uart.o(.bss)
    .bss                                     0x20001644   Section      240  chuankou.o(.bss)
    .bss                                     0x20001734   Section      480  image.o(.bss)
    STACK                                    0x20001918   Section     1024  startup_stm32f407xx.o(STACK)

    Global Symbols

    Symbol Name                              Value     Ov Type        Size  Object(Section)

    BuildAttributes$$THM_ISAv4$E$P$D$K$B$S$7EM$VFPi3$EXTD16$VFPS$VFMA$PE$A:L22UL41UL21$X:L11$S22US41US21$IEEE1$IW$USESV6$~STKCKD$USESV7$~SHL$OSPACE$ROPI$EBA8$MICROLIB$REQ8$PRES8$EABIv2 0x00000000   Number         0  anon$$obj.o ABSOLUTE
    __ARM_use_no_argv                        0x00000000   Number         0  main.o ABSOLUTE
    __arm_fini_                               - Undefined Weak Reference
    __cpp_initialize__aeabi_                  - Undefined Weak Reference
    __cxa_finalize                            - Undefined Weak Reference
    __decompress                              - Undefined Weak Reference
    _clock_init                               - Undefined Weak Reference
    _microlib_exit                            - Undefined Weak Reference
    __Vectors_Size                           0x00000188   Number         0  startup_stm32f407xx.o ABSOLUTE
    __Vectors                                0x08000000   Data           4  startup_stm32f407xx.o(RESET)
    __Vectors_End                            0x08000188   Data           0  startup_stm32f407xx.o(RESET)
    __main                                   0x08000189   Thumb Code     0  entry.o(.ARM.Collect$$$$00000000)
    _main_stk                                0x08000189   Thumb Code     0  entry2.o(.ARM.Collect$$$$00000001)
    _main_scatterload                        0x0800018d   Thumb Code     0  entry5.o(.ARM.Collect$$$$00000004)
    __main_after_scatterload                 0x08000191   Thumb Code     0  entry5.o(.ARM.Collect$$$$00000004)
    _main_clock                              0x08000191   Thumb Code     0  entry7b.o(.ARM.Collect$$$$00000008)
    _main_cpp_init                           0x08000191   Thumb Code     0  entry8b.o(.ARM.Collect$$$$0000000A)
    _main_init                               0x08000191   Thumb Code     0  entry9a.o(.ARM.Collect$$$$0000000B)
    __rt_lib_shutdown_fini                   0x08000199   Thumb Code     0  entry12b.o(.ARM.Collect$$$$0000000E)
    __rt_final_cpp                           0x0800019d   Thumb Code     0  entry10a.o(.ARM.Collect$$$$0000000F)
    __rt_final_exit                          0x0800019d   Thumb Code     0  entry11a.o(.ARM.Collect$$$$00000011)
    Reset_Handler                            0x080001a1   Thumb Code     8  startup_stm32f407xx.o(.text)
    ADC_IRQHandler                           0x080001bb   Thumb Code     0  startup_stm32f407xx.o(.text)
    CAN1_RX0_IRQHandler                      0x080001bb   Thumb Code     0  startup_stm32f407xx.o(.text)
    CAN1_RX1_IRQHandler                      0x080001bb   Thumb Code     0  startup_stm32f407xx.o(.text)
    CAN1_SCE_IRQHandler                      0x080001bb   Thumb Code     0  startup_stm32f407xx.o(.text)
    CAN1_TX_IRQHandler                       0x080001bb   Thumb Code     0  startup_stm32f407xx.o(.text)
    CAN2_RX0_IRQHandler                      0x080001bb   Thumb Code     0  startup_stm32f407xx.o(.text)
    CAN2_RX1_IRQHandler                      0x080001bb   Thumb Code     0  startup_stm32f407xx.o(.text)
    CAN2_SCE_IRQHandler                      0x080001bb   Thumb Code     0  startup_stm32f407xx.o(.text)
    CAN2_TX_IRQHandler                       0x080001bb   Thumb Code     0  startup_stm32f407xx.o(.text)
    DCMI_IRQHandler                          0x080001bb   Thumb Code     0  startup_stm32f407xx.o(.text)
    DMA1_Stream0_IRQHandler                  0x080001bb   Thumb Code     0  startup_stm32f407xx.o(.text)
    DMA1_Stream1_IRQHandler                  0x080001bb   Thumb Code     0  startup_stm32f407xx.o(.text)
    DMA1_Stream2_IRQHandler                  0x080001bb   Thumb Code     0  startup_stm32f407xx.o(.text)
    DMA1_Stream3_IRQHandler                  0x080001bb   Thumb Code     0  startup_stm32f407xx.o(.text)
    DMA1_Stream4_IRQHandler                  0x080001bb   Thumb Code     0  startup_stm32f407xx.o(.text)
    DMA1_Stream7_IRQHandler                  0x080001bb   Thumb Code     0  startup_stm32f407xx.o(.text)
    DMA2_Stream0_IRQHandler                  0x080001bb   Thumb Code     0  startup_stm32f407xx.o(.text)
    DMA2_Stream1_IRQHandler                  0x080001bb   Thumb Code     0  startup_stm32f407xx.o(.text)
    DMA2_Stream3_IRQHandler                  0x080001bb   Thumb Code     0  startup_stm32f407xx.o(.text)
    DMA2_Stream4_IRQHandler                  0x080001bb   Thumb Code     0  startup_stm32f407xx.o(.text)
    DMA2_Stream5_IRQHandler                  0x080001bb   Thumb Code     0  startup_stm32f407xx.o(.text)
    DMA2_Stream6_IRQHandler                  0x080001bb   Thumb Code     0  startup_stm32f407xx.o(.text)
    ETH_IRQHandler                           0x080001bb   Thumb Code     0  startup_stm32f407xx.o(.text)
    ETH_WKUP_IRQHandler                      0x080001bb   Thumb Code     0  startup_stm32f407xx.o(.text)
    EXTI0_IRQHandler                         0x080001bb   Thumb Code     0  startup_stm32f407xx.o(.text)
    EXTI15_10_IRQHandler                     0x080001bb   Thumb Code     0  startup_stm32f407xx.o(.text)
    EXTI1_IRQHandler                         0x080001bb   Thumb Code     0  startup_stm32f407xx.o(.text)
    EXTI2_IRQHandler                         0x080001bb   Thumb Code     0  startup_stm32f407xx.o(.text)
    EXTI3_IRQHandler                         0x080001bb   Thumb Code     0  startup_stm32f407xx.o(.text)
    EXTI4_IRQHandler                         0x080001bb   Thumb Code     0  startup_stm32f407xx.o(.text)
    EXTI9_5_IRQHandler                       0x080001bb   Thumb Code     0  startup_stm32f407xx.o(.text)
    FLASH_IRQHandler                         0x080001bb   Thumb Code     0  startup_stm32f407xx.o(.text)
    FMC_IRQHandler                           0x080001bb   Thumb Code     0  startup_stm32f407xx.o(.text)
    FPU_IRQHandler                           0x080001bb   Thumb Code     0  startup_stm32f407xx.o(.text)
    HASH_RNG_IRQHandler                      0x080001bb   Thumb Code     0  startup_stm32f407xx.o(.text)
    I2C1_ER_IRQHandler                       0x080001bb   Thumb Code     0  startup_stm32f407xx.o(.text)
    I2C1_EV_IRQHandler                       0x080001bb   Thumb Code     0  startup_stm32f407xx.o(.text)
    I2C2_ER_IRQHandler                       0x080001bb   Thumb Code     0  startup_stm32f407xx.o(.text)
    I2C2_EV_IRQHandler                       0x080001bb   Thumb Code     0  startup_stm32f407xx.o(.text)
    I2C3_ER_IRQHandler                       0x080001bb   Thumb Code     0  startup_stm32f407xx.o(.text)
    I2C3_EV_IRQHandler                       0x080001bb   Thumb Code     0  startup_stm32f407xx.o(.text)
    OTG_FS_IRQHandler                        0x080001bb   Thumb Code     0  startup_stm32f407xx.o(.text)
    OTG_FS_WKUP_IRQHandler                   0x080001bb   Thumb Code     0  startup_stm32f407xx.o(.text)
    OTG_HS_EP1_IN_IRQHandler                 0x080001bb   Thumb Code     0  startup_stm32f407xx.o(.text)
    OTG_HS_EP1_OUT_IRQHandler                0x080001bb   Thumb Code     0  startup_stm32f407xx.o(.text)
    OTG_HS_IRQHandler                        0x080001bb   Thumb Code     0  startup_stm32f407xx.o(.text)
    OTG_HS_WKUP_IRQHandler                   0x080001bb   Thumb Code     0  startup_stm32f407xx.o(.text)
    PVD_IRQHandler                           0x080001bb   Thumb Code     0  startup_stm32f407xx.o(.text)
    RCC_IRQHandler                           0x080001bb   Thumb Code     0  startup_stm32f407xx.o(.text)
    RTC_Alarm_IRQHandler                     0x080001bb   Thumb Code     0  startup_stm32f407xx.o(.text)
    RTC_WKUP_IRQHandler                      0x080001bb   Thumb Code     0  startup_stm32f407xx.o(.text)
    SDIO_IRQHandler                          0x080001bb   Thumb Code     0  startup_stm32f407xx.o(.text)
    SPI1_IRQHandler                          0x080001bb   Thumb Code     0  startup_stm32f407xx.o(.text)
    SPI2_IRQHandler                          0x080001bb   Thumb Code     0  startup_stm32f407xx.o(.text)
    SPI3_IRQHandler                          0x080001bb   Thumb Code     0  startup_stm32f407xx.o(.text)
    TAMP_STAMP_IRQHandler                    0x080001bb   Thumb Code     0  startup_stm32f407xx.o(.text)
    TIM1_BRK_TIM9_IRQHandler                 0x080001bb   Thumb Code     0  startup_stm32f407xx.o(.text)
    TIM1_CC_IRQHandler                       0x080001bb   Thumb Code     0  startup_stm32f407xx.o(.text)
    TIM1_TRG_COM_TIM11_IRQHandler            0x080001bb   Thumb Code     0  startup_stm32f407xx.o(.text)
    TIM1_UP_TIM10_IRQHandler                 0x080001bb   Thumb Code     0  startup_stm32f407xx.o(.text)
    TIM2_IRQHandler                          0x080001bb   Thumb Code     0  startup_stm32f407xx.o(.text)
    TIM3_IRQHandler                          0x080001bb   Thumb Code     0  startup_stm32f407xx.o(.text)
    TIM4_IRQHandler                          0x080001bb   Thumb Code     0  startup_stm32f407xx.o(.text)
    TIM5_IRQHandler                          0x080001bb   Thumb Code     0  startup_stm32f407xx.o(.text)
    TIM6_DAC_IRQHandler                      0x080001bb   Thumb Code     0  startup_stm32f407xx.o(.text)
    TIM8_BRK_TIM12_IRQHandler                0x080001bb   Thumb Code     0  startup_stm32f407xx.o(.text)
    TIM8_CC_IRQHandler                       0x080001bb   Thumb Code     0  startup_stm32f407xx.o(.text)
    TIM8_TRG_COM_TIM14_IRQHandler            0x080001bb   Thumb Code     0  startup_stm32f407xx.o(.text)
    TIM8_UP_TIM13_IRQHandler                 0x080001bb   Thumb Code     0  startup_stm32f407xx.o(.text)
    UART4_IRQHandler                         0x080001bb   Thumb Code     0  startup_stm32f407xx.o(.text)
    UART5_IRQHandler                         0x080001bb   Thumb Code     0  startup_stm32f407xx.o(.text)
    USART1_IRQHandler                        0x080001bb   Thumb Code     0  startup_stm32f407xx.o(.text)
    USART3_IRQHandler                        0x080001bb   Thumb Code     0  startup_stm32f407xx.o(.text)
    USART6_IRQHandler                        0x080001bb   Thumb Code     0  startup_stm32f407xx.o(.text)
    WWDG_IRQHandler                          0x080001bb   Thumb Code     0  startup_stm32f407xx.o(.text)
    __aeabi_uldivmod                         0x080001c5   Thumb Code    98  uldiv.o(.text)
    __aeabi_memset                           0x08000227   Thumb Code    14  memseta.o(.text)
    __aeabi_memset4                          0x08000227   Thumb Code     0  memseta.o(.text)
    __aeabi_memset8                          0x08000227   Thumb Code     0  memseta.o(.text)
    __aeabi_memclr                           0x08000235   Thumb Code     4  memseta.o(.text)
    __aeabi_memclr4                          0x08000235   Thumb Code     0  memseta.o(.text)
    __aeabi_memclr8                          0x08000235   Thumb Code     0  memseta.o(.text)
    _memset$wrapper                          0x08000239   Thumb Code    18  memseta.o(.text)
    strchr                                   0x0800024b   Thumb Code    20  strchr.o(.text)
    strlen                                   0x0800025f   Thumb Code    14  strlen.o(.text)
    strtol                                   0x0800026d   Thumb Code   112  strtol.o(.text)
    __aeabi_llsl                             0x080002dd   Thumb Code    30  llshl.o(.text)
    _ll_shift_l                              0x080002dd   Thumb Code     0  llshl.o(.text)
    __aeabi_llsr                             0x080002fb   Thumb Code    32  llushr.o(.text)
    _ll_ushift_r                             0x080002fb   Thumb Code     0  llushr.o(.text)
    __rt_ctype_table                         0x0800031d   Thumb Code     4  ctype_o.o(.text)
    _strtoul                                 0x08000325   Thumb Code   158  _strtoul.o(.text)
    __scatterload                            0x080003c5   Thumb Code    28  init.o(.text)
    __scatterload_rt2                        0x080003c5   Thumb Code     0  init.o(.text)
    _chval                                   0x080003e9   Thumb Code    28  _chval.o(.text)
    All_init                                 0x08000405   Thumb Code    38  all_init.o(i.All_init)
    BusFault_Handler                         0x0800042b   Thumb Code     2  stm32f4xx_it.o(i.BusFault_Handler)
    DMA1_Stream5_IRQHandler                  0x0800042d   Thumb Code     6  stm32f4xx_it.o(i.DMA1_Stream5_IRQHandler)
    DMA1_Stream6_IRQHandler                  0x08000439   Thumb Code     6  stm32f4xx_it.o(i.DMA1_Stream6_IRQHandler)
    DMA2_Stream2_IRQHandler                  0x08000445   Thumb Code     6  stm32f4xx_it.o(i.DMA2_Stream2_IRQHandler)
    DMA2_Stream7_IRQHandler                  0x08000451   Thumb Code     6  stm32f4xx_it.o(i.DMA2_Stream7_IRQHandler)
    DebugMon_Handler                         0x08000501   Thumb Code     2  stm32f4xx_it.o(i.DebugMon_Handler)
    Error_Handler                            0x08000503   Thumb Code     4  main.o(i.Error_Handler)
    FLASH_Erase_Sector                       0x08000509   Thumb Code    74  stm32f4xx_hal_flash_ex.o(i.FLASH_Erase_Sector)
    FLASH_FlushCaches                        0x08000559   Thumb Code    80  stm32f4xx_hal_flash_ex.o(i.FLASH_FlushCaches)
    FLASH_WaitForLastOperation               0x080006d1   Thumb Code    72  stm32f4xx_hal_flash.o(i.FLASH_WaitForLastOperation)
    Fill_YLine                               0x08000721   Thumb Code   196  image.o(i.Fill_YLine)
    HAL_DMA_Abort                            0x080007e5   Thumb Code   146  stm32f4xx_hal_dma.o(i.HAL_DMA_Abort)
    HAL_DMA_Abort_IT                         0x08000877   Thumb Code    36  stm32f4xx_hal_dma.o(i.HAL_DMA_Abort_IT)
    HAL_DMA_IRQHandler                       0x0800089d   Thumb Code   412  stm32f4xx_hal_dma.o(i.HAL_DMA_IRQHandler)
    HAL_DMA_Init                             0x08000a3d   Thumb Code   206  stm32f4xx_hal_dma.o(i.HAL_DMA_Init)
    HAL_DMA_Start_IT                         0x08000b11   Thumb Code   110  stm32f4xx_hal_dma.o(i.HAL_DMA_Start_IT)
    HAL_Delay                                0x08000b81   Thumb Code    32  stm32f4xx_hal.o(i.HAL_Delay)
    HAL_FLASHEx_Erase                        0x08000ba5   Thumb Code   144  stm32f4xx_hal_flash_ex.o(i.HAL_FLASHEx_Erase)
    HAL_FLASH_Lock                           0x08000c3d   Thumb Code    14  stm32f4xx_hal_flash.o(i.HAL_FLASH_Lock)
    HAL_FLASH_Program                        0x08000c51   Thumb Code   116  stm32f4xx_hal_flash.o(i.HAL_FLASH_Program)
    HAL_FLASH_Unlock                         0x08000ccd   Thumb Code    32  stm32f4xx_hal_flash.o(i.HAL_FLASH_Unlock)
    HAL_GPIO_Init                            0x08000cf9   Thumb Code   450  stm32f4xx_hal_gpio.o(i.HAL_GPIO_Init)
    HAL_GPIO_ReadPin                         0x08000ee9   Thumb Code    10  stm32f4xx_hal_gpio.o(i.HAL_GPIO_ReadPin)
    HAL_GPIO_WritePin                        0x08000ef3   Thumb Code    10  stm32f4xx_hal_gpio.o(i.HAL_GPIO_WritePin)
    HAL_GetTick                              0x08000efd   Thumb Code     6  stm32f4xx_hal.o(i.HAL_GetTick)
    HAL_IncTick                              0x08000f09   Thumb Code    12  stm32f4xx_hal.o(i.HAL_IncTick)
    HAL_Init                                 0x08000f19   Thumb Code    48  stm32f4xx_hal.o(i.HAL_Init)
    HAL_InitTick                             0x08000f4d   Thumb Code    54  stm32f4xx_hal.o(i.HAL_InitTick)
    HAL_MspInit                              0x08000f8d   Thumb Code    42  stm32f4xx_hal_msp.o(i.HAL_MspInit)
    HAL_NVIC_EnableIRQ                       0x08000fbd   Thumb Code    26  stm32f4xx_hal_cortex.o(i.HAL_NVIC_EnableIRQ)
    HAL_NVIC_SetPriority                     0x08000fd9   Thumb Code    60  stm32f4xx_hal_cortex.o(i.HAL_NVIC_SetPriority)
    HAL_NVIC_SetPriorityGrouping             0x08001019   Thumb Code    26  stm32f4xx_hal_cortex.o(i.HAL_NVIC_SetPriorityGrouping)
    HAL_RCC_ClockConfig                      0x0800103d   Thumb Code   288  stm32f4xx_hal_rcc.o(i.HAL_RCC_ClockConfig)
    HAL_RCC_GetPCLK1Freq                     0x08001171   Thumb Code    20  stm32f4xx_hal_rcc.o(i.HAL_RCC_GetPCLK1Freq)
    HAL_RCC_GetPCLK2Freq                     0x08001191   Thumb Code    20  stm32f4xx_hal_rcc.o(i.HAL_RCC_GetPCLK2Freq)
    HAL_RCC_GetSysClockFreq                  0x080011b1   Thumb Code    88  stm32f4xx_hal_rcc.o(i.HAL_RCC_GetSysClockFreq)
    HAL_RCC_OscConfig                        0x08001215   Thumb Code   856  stm32f4xx_hal_rcc.o(i.HAL_RCC_OscConfig)
    HAL_SYSTICK_Config                       0x08001581   Thumb Code    40  stm32f4xx_hal_cortex.o(i.HAL_SYSTICK_Config)
    HAL_TIMEx_BreakCallback                  0x080015a9   Thumb Code     2  stm32f4xx_hal_tim_ex.o(i.HAL_TIMEx_BreakCallback)
    HAL_TIMEx_CommutCallback                 0x080015ab   Thumb Code     2  stm32f4xx_hal_tim_ex.o(i.HAL_TIMEx_CommutCallback)
    HAL_TIMEx_ConfigBreakDeadTime            0x080015ad   Thumb Code    84  stm32f4xx_hal_tim_ex.o(i.HAL_TIMEx_ConfigBreakDeadTime)
    HAL_TIMEx_MasterConfigSynchronization    0x08001601   Thumb Code   116  stm32f4xx_hal_tim_ex.o(i.HAL_TIMEx_MasterConfigSynchronization)
    HAL_TIM_Base_Init                        0x08001691   Thumb Code    90  stm32f4xx_hal_tim.o(i.HAL_TIM_Base_Init)
    HAL_TIM_Base_MspInit                     0x080016ed   Thumb Code   164  tim.o(i.HAL_TIM_Base_MspInit)
    HAL_TIM_Base_Start_IT                    0x080017ad   Thumb Code   100  stm32f4xx_hal_tim.o(i.HAL_TIM_Base_Start_IT)
    HAL_TIM_ConfigClockSource                0x0800182d   Thumb Code   220  stm32f4xx_hal_tim.o(i.HAL_TIM_ConfigClockSource)
    HAL_TIM_Encoder_Init                     0x08001909   Thumb Code   164  stm32f4xx_hal_tim.o(i.HAL_TIM_Encoder_Init)
    HAL_TIM_Encoder_MspInit                  0x080019ad   Thumb Code   266  tim.o(i.HAL_TIM_Encoder_MspInit)
    HAL_TIM_IC_CaptureCallback               0x08001ad9   Thumb Code     2  stm32f4xx_hal_tim.o(i.HAL_TIM_IC_CaptureCallback)
    HAL_TIM_IRQHandler                       0x08001adb   Thumb Code   304  stm32f4xx_hal_tim.o(i.HAL_TIM_IRQHandler)
    HAL_TIM_MspPostInit                      0x08001c0d   Thumb Code   192  tim.o(i.HAL_TIM_MspPostInit)
    HAL_TIM_OC_ConfigChannel                 0x08001cf1   Thumb Code    82  stm32f4xx_hal_tim.o(i.HAL_TIM_OC_ConfigChannel)
    HAL_TIM_OC_DelayElapsedCallback          0x08001d43   Thumb Code     2  stm32f4xx_hal_tim.o(i.HAL_TIM_OC_DelayElapsedCallback)
    HAL_TIM_OC_Init                          0x08001d45   Thumb Code    90  stm32f4xx_hal_tim.o(i.HAL_TIM_OC_Init)
    HAL_TIM_OC_MspInit                       0x08001d9f   Thumb Code     2  stm32f4xx_hal_tim.o(i.HAL_TIM_OC_MspInit)
    HAL_TIM_PWM_ConfigChannel                0x08001da1   Thumb Code   204  stm32f4xx_hal_tim.o(i.HAL_TIM_PWM_ConfigChannel)
    HAL_TIM_PWM_Init                         0x08001e6d   Thumb Code    90  stm32f4xx_hal_tim.o(i.HAL_TIM_PWM_Init)
    HAL_TIM_PWM_MspInit                      0x08001ec7   Thumb Code     2  stm32f4xx_hal_tim.o(i.HAL_TIM_PWM_MspInit)
    HAL_TIM_PWM_PulseFinishedCallback        0x08001ec9   Thumb Code     2  stm32f4xx_hal_tim.o(i.HAL_TIM_PWM_PulseFinishedCallback)
    HAL_TIM_PeriodElapsedCallback            0x08001ecd   Thumb Code    14  key.o(i.HAL_TIM_PeriodElapsedCallback)
    HAL_TIM_TriggerCallback                  0x08001ee1   Thumb Code     2  stm32f4xx_hal_tim.o(i.HAL_TIM_TriggerCallback)
    HAL_UARTEx_ReceiveToIdle_DMA             0x08001ee3   Thumb Code    78  stm32f4xx_hal_uart.o(i.HAL_UARTEx_ReceiveToIdle_DMA)
    HAL_UARTEx_RxEventCallback               0x08001f31   Thumb Code   234  chuankou.o(i.HAL_UARTEx_RxEventCallback)
    HAL_UART_ErrorCallback                   0x0800202d   Thumb Code     2  stm32f4xx_hal_uart.o(i.HAL_UART_ErrorCallback)
    HAL_UART_IRQHandler                      0x08002031   Thumb Code   618  stm32f4xx_hal_uart.o(i.HAL_UART_IRQHandler)
    HAL_UART_Init                            0x080022a1   Thumb Code   100  stm32f4xx_hal_uart.o(i.HAL_UART_Init)
    HAL_UART_MspInit                         0x08002305   Thumb Code   484  usart.o(i.HAL_UART_MspInit)
    HAL_UART_RxCpltCallback                  0x08002519   Thumb Code     2  stm32f4xx_hal_uart.o(i.HAL_UART_RxCpltCallback)
    HAL_UART_RxHalfCpltCallback              0x0800251b   Thumb Code     2  stm32f4xx_hal_uart.o(i.HAL_UART_RxHalfCpltCallback)
    HAL_UART_Transmit_DMA                    0x0800251d   Thumb Code   106  stm32f4xx_hal_uart.o(i.HAL_UART_Transmit_DMA)
    HAL_UART_TxCpltCallback                  0x08002595   Thumb Code     2  stm32f4xx_hal_uart.o(i.HAL_UART_TxCpltCallback)
    HAL_UART_TxHalfCpltCallback              0x08002597   Thumb Code     2  stm32f4xx_hal_uart.o(i.HAL_UART_TxHalfCpltCallback)
    HardFault_Handler                        0x08002599   Thumb Code     2  stm32f4xx_it.o(i.HardFault_Handler)
    LCD_Address_Set                          0x0800259b   Thumb Code   106  lcd.o(i.LCD_Address_Set)
    LCD_Fill                                 0x08002605   Thumb Code    62  lcd.o(i.LCD_Fill)
    LCD_GPIO_Init                            0x08002645   Thumb Code   114  lcd_init.o(i.LCD_GPIO_Init)
    LCD_Init                                 0x080026c1   Thumb Code   788  lcd_init.o(i.LCD_Init)
    LCD_WR_DATA                              0x080029d9   Thumb Code    20  lcd_init.o(i.LCD_WR_DATA)
    LCD_WR_DATA8                             0x080029ed   Thumb Code     4  lcd_init.o(i.LCD_WR_DATA8)
    LCD_WR_REG                               0x080029f1   Thumb Code    36  lcd_init.o(i.LCD_WR_REG)
    LCD_Writ_Bus                             0x08002a19   Thumb Code   160  lcd_init.o(i.LCD_Writ_Bus)
    MX_DMA_Init                              0x08002abd   Thumb Code   104  dma.o(i.MX_DMA_Init)
    MX_GPIO_Init                             0x08002b29   Thumb Code   172  gpio.o(i.MX_GPIO_Init)
    MX_TIM10_Init                            0x08002be1   Thumb Code    94  tim.o(i.MX_TIM10_Init)
    MX_TIM11_Init                            0x08002c49   Thumb Code    94  tim.o(i.MX_TIM11_Init)
    MX_TIM13_Init                            0x08002cb1   Thumb Code    94  tim.o(i.MX_TIM13_Init)
    MX_TIM14_Init                            0x08002d19   Thumb Code    92  tim.o(i.MX_TIM14_Init)
    MX_TIM1_Init                             0x08002d7d   Thumb Code    98  tim.o(i.MX_TIM1_Init)
    MX_TIM2_Init                             0x08002de9   Thumb Code    96  tim.o(i.MX_TIM2_Init)
    MX_TIM3_Init                             0x08002e4d   Thumb Code    96  tim.o(i.MX_TIM3_Init)
    MX_TIM4_Init                             0x08002eb5   Thumb Code    96  tim.o(i.MX_TIM4_Init)
    MX_TIM7_Init                             0x08002f1d   Thumb Code    60  tim.o(i.MX_TIM7_Init)
    MX_TIM8_Init                             0x08002f61   Thumb Code   252  tim.o(i.MX_TIM8_Init)
    MX_UART4_Init                            0x08003065   Thumb Code    48  usart.o(i.MX_UART4_Init)
    MX_USART1_UART_Init                      0x0800309d   Thumb Code    48  usart.o(i.MX_USART1_UART_Init)
    MX_USART2_UART_Init                      0x080030d5   Thumb Code    48  usart.o(i.MX_USART2_UART_Init)
    MX_USART3_UART_Init                      0x0800310d   Thumb Code    48  usart.o(i.MX_USART3_UART_Init)
    MemManage_Handler                        0x08003145   Thumb Code     2  stm32f4xx_it.o(i.MemManage_Handler)
    NMI_Handler                              0x08003147   Thumb Code     2  stm32f4xx_it.o(i.NMI_Handler)
    PendSV_Handler                           0x08003149   Thumb Code     2  stm32f4xx_it.o(i.PendSV_Handler)
    SVC_Handler                              0x0800314b   Thumb Code     2  stm32f4xx_it.o(i.SVC_Handler)
    SysTick_Handler                          0x0800314d   Thumb Code    92  stm32f4xx_it.o(i.SysTick_Handler)
    SystemClock_Config                       0x080031b5   Thumb Code   140  main.o(i.SystemClock_Config)
    SystemInit                               0x08003249   Thumb Code    12  system_stm32f4xx.o(i.SystemInit)
    TIM7_IRQHandler                          0x08003259   Thumb Code     6  stm32f4xx_it.o(i.TIM7_IRQHandler)
    TIM_Base_SetConfig                       0x08003265   Thumb Code   170  stm32f4xx_hal_tim.o(i.TIM_Base_SetConfig)
    TIM_ETR_SetConfig                        0x0800333d   Thumb Code    20  stm32f4xx_hal_tim.o(i.TIM_ETR_SetConfig)
    TIM_OC2_SetConfig                        0x080033c1   Thumb Code    98  stm32f4xx_hal_tim.o(i.TIM_OC2_SetConfig)
    UART_Start_Receive_DMA                   0x080038ad   Thumb Code   130  stm32f4xx_hal_uart.o(i.UART_Start_Receive_DMA)
    USART2_IRQHandler                        0x0800393d   Thumb Code     6  stm32f4xx_it.o(i.USART2_IRQHandler)
    UsageFault_Handler                       0x08003949   Thumb Code     2  stm32f4xx_it.o(i.UsageFault_Handler)
    __0sprintf$bare                          0x0800394d   Thumb Code    32  printfb.o(i.__0sprintf$bare)
    __1sprintf$bare                          0x0800394d   Thumb Code     0  printfb.o(i.__0sprintf$bare)
    __2sprintf                               0x0800394d   Thumb Code     0  printfb.o(i.__0sprintf$bare)
    __aeabi_errno_addr                       0x08003991   Thumb Code     4  errno.o(i.__aeabi_errno_addr)
    __rt_errno_addr                          0x08003991   Thumb Code     0  errno.o(i.__aeabi_errno_addr)
    __scatterload_copy                       0x08003999   Thumb Code    14  handlers.o(i.__scatterload_copy)
    __scatterload_null                       0x080039a7   Thumb Code     2  handlers.o(i.__scatterload_null)
    __scatterload_zeroinit                   0x080039a9   Thumb Code    14  handlers.o(i.__scatterload_zeroinit)
    flash_buffer_clear                       0x080039e5   Thumb Code    12  flash.o(i.flash_buffer_clear)
    flash_set_buffer_PARA                    0x080039f5   Thumb Code    34  flash.o(i.flash_set_buffer_PARA)
    flash_write_page                         0x08003a21   Thumb Code    64  flash.o(i.flash_write_page)
    key_function                             0x08003a69   Thumb Code    54  key.o(i.key_function)
    key_scan                                 0x08003aad   Thumb Code   134  key.o(i.key_scan)
    key_start                                0x08003b3d   Thumb Code     6  key.o(i.key_start)
    main                                     0x08003b49   Thumb Code   128  main.o(i.main)
    safe_parse_int                           0x08003bd5   Thumb Code    46  chuankou.o(i.safe_parse_int)
    stm32_flash_erase_page                   0x08003c03   Thumb Code    38  flash.o(i.stm32_flash_erase_page)
    uart_R_start                             0x08003c29   Thumb Code    10  uart.o(i.uart_R_start)
    AHBPrescTable                            0x08003c44   Data          16  system_stm32f4xx.o(.constdata)
    APBPrescTable                            0x08003c54   Data           8  system_stm32f4xx.o(.constdata)
    __ctype_table                            0x08003c5c   Data         129  ctype_o.o(.constdata)
    Region$$Table$$Base                      0x08003ce4   Number         0  anon$$obj.o(Region$$Table)
    Region$$Table$$Limit                     0x08003d04   Number         0  anon$$obj.o(Region$$Table)
    servo_PWM                                0x20000000   Data           2  main.o(.data)
    trans_flag                               0x20000002   Data           1  main.o(.data)
    test1                                    0x20000004   Data           4  main.o(.data)
    test2                                    0x20000008   Data           4  main.o(.data)
    s_1_flag                                 0x2000000c   Data           2  stm32f4xx_it.o(.data)
    s_1_cnt                                  0x2000000e   Data           2  stm32f4xx_it.o(.data)
    uwTickFreq                               0x20000010   Data           1  stm32f4xx_hal.o(.data)
    uwTickPrio                               0x20000014   Data           4  stm32f4xx_hal.o(.data)
    uwTick                                   0x20000018   Data           4  stm32f4xx_hal.o(.data)
    SystemCoreClock                          0x2000001c   Data           4  system_stm32f4xx.o(.data)
    test                                     0x20000020   Data           4  flash.o(.data)
    htim1                                    0x20000028   Data          72  tim.o(.bss)
    htim2                                    0x20000070   Data          72  tim.o(.bss)
    htim3                                    0x200000b8   Data          72  tim.o(.bss)
    htim4                                    0x20000100   Data          72  tim.o(.bss)
    htim7                                    0x20000148   Data          72  tim.o(.bss)
    htim8                                    0x20000190   Data          72  tim.o(.bss)
    htim10                                   0x200001d8   Data          72  tim.o(.bss)
    htim11                                   0x20000220   Data          72  tim.o(.bss)
    htim13                                   0x20000268   Data          72  tim.o(.bss)
    htim14                                   0x200002b0   Data          72  tim.o(.bss)
    huart4                                   0x200002f8   Data          72  usart.o(.bss)
    huart1                                   0x20000340   Data          72  usart.o(.bss)
    huart2                                   0x20000388   Data          72  usart.o(.bss)
    huart3                                   0x200003d0   Data          72  usart.o(.bss)
    hdma_usart1_rx                           0x20000418   Data          96  usart.o(.bss)
    hdma_usart1_tx                           0x20000478   Data          96  usart.o(.bss)
    hdma_usart2_rx                           0x200004d8   Data          96  usart.o(.bss)
    hdma_usart2_tx                           0x20000538   Data          96  usart.o(.bss)
    pFlash                                   0x20000598   Data          32  stm32f4xx_hal_flash.o(.bss)
    key                                      0x200005cc   Data          20  key.o(.bss)
    flash_union_buffer                       0x200005e0   Data        4096  flash.o(.bss)
    R_data                                   0x200015e0   Data          50  uart.o(.bss)
    T_data                                   0x20001612   Data          50  uart.o(.bss)
    point_data                               0x20001644   Data          40  chuankou.o(.bss)
    str                                      0x2000166c   Data         200  chuankou.o(.bss)
    AB_line                                  0x20001734   Data         480  image.o(.bss)
    __initial_sp                             0x20001d18   Data           0  startup_stm32f407xx.o(STACK)



==============================================================================

Memory Map of the image

  Image Entry point : 0x08000189

  Load Region LR_IROM1 (Base: 0x08000000, Size: 0x00003d2c, Max: 0x00100000, ABSOLUTE)

    Execution Region ER_IROM1 (Exec base: 0x08000000, Load base: 0x08000000, Size: 0x00003d04, Max: 0x00100000, ABSOLUTE)

    Exec Addr    Load Addr    Size         Type   Attr      Idx    E Section Name        Object

    0x08000000   0x08000000   0x00000188   Data   RO            3    RESET               startup_stm32f407xx.o
    0x08000188   0x08000188   0x00000000   Code   RO         3776  * .ARM.Collect$$$$00000000  mc_w.l(entry.o)
    0x08000188   0x08000188   0x00000004   Code   RO         4053    .ARM.Collect$$$$00000001  mc_w.l(entry2.o)
    0x0800018c   0x0800018c   0x00000004   Code   RO         4056    .ARM.Collect$$$$00000004  mc_w.l(entry5.o)
    0x08000190   0x08000190   0x00000000   Code   RO         4058    .ARM.Collect$$$$00000008  mc_w.l(entry7b.o)
    0x08000190   0x08000190   0x00000000   Code   RO         4060    .ARM.Collect$$$$0000000A  mc_w.l(entry8b.o)
    0x08000190   0x08000190   0x00000008   Code   RO         4061    .ARM.Collect$$$$0000000B  mc_w.l(entry9a.o)
    0x08000198   0x08000198   0x00000004   Code   RO         4068    .ARM.Collect$$$$0000000E  mc_w.l(entry12b.o)
    0x0800019c   0x0800019c   0x00000000   Code   RO         4063    .ARM.Collect$$$$0000000F  mc_w.l(entry10a.o)
    0x0800019c   0x0800019c   0x00000000   Code   RO         4065    .ARM.Collect$$$$00000011  mc_w.l(entry11a.o)
    0x0800019c   0x0800019c   0x00000004   Code   RO         4054    .ARM.Collect$$$$00002712  mc_w.l(entry2.o)
    0x080001a0   0x080001a0   0x00000024   Code   RO            4    .text               startup_stm32f407xx.o
    0x080001c4   0x080001c4   0x00000062   Code   RO         3779    .text               mc_w.l(uldiv.o)
    0x08000226   0x08000226   0x00000024   Code   RO         3783    .text               mc_w.l(memseta.o)
    0x0800024a   0x0800024a   0x00000014   Code   RO         3785    .text               mc_w.l(strchr.o)
    0x0800025e   0x0800025e   0x0000000e   Code   RO         3787    .text               mc_w.l(strlen.o)
    0x0800026c   0x0800026c   0x00000070   Code   RO         4051    .text               mc_w.l(strtol.o)
    0x080002dc   0x080002dc   0x0000001e   Code   RO         4074    .text               mc_w.l(llshl.o)
    0x080002fa   0x080002fa   0x00000020   Code   RO         4076    .text               mc_w.l(llushr.o)
    0x0800031a   0x0800031a   0x00000002   PAD
    0x0800031c   0x0800031c   0x00000008   Code   RO         4078    .text               mc_w.l(ctype_o.o)
    0x08000324   0x08000324   0x0000009e   Code   RO         4113    .text               mc_w.l(_strtoul.o)
    0x080003c2   0x080003c2   0x00000002   PAD
    0x080003c4   0x080003c4   0x00000024   Code   RO         4126    .text               mc_w.l(init.o)
    0x080003e8   0x080003e8   0x0000001c   Code   RO         4131    .text               mc_w.l(_chval.o)
    0x08000404   0x08000404   0x00000026   Code   RO         3533    i.All_init          all_init.o
    0x0800042a   0x0800042a   0x00000002   Code   RO          433    i.BusFault_Handler  stm32f4xx_it.o
    0x0800042c   0x0800042c   0x0000000c   Code   RO          434    i.DMA1_Stream5_IRQHandler  stm32f4xx_it.o
    0x08000438   0x08000438   0x0000000c   Code   RO          435    i.DMA1_Stream6_IRQHandler  stm32f4xx_it.o
    0x08000444   0x08000444   0x0000000c   Code   RO          436    i.DMA2_Stream2_IRQHandler  stm32f4xx_it.o
    0x08000450   0x08000450   0x0000000c   Code   RO          437    i.DMA2_Stream7_IRQHandler  stm32f4xx_it.o
    0x0800045c   0x0800045c   0x00000028   Code   RO         2008    i.DMA_CalcBaseAndBitshift  stm32f4xx_hal_dma.o
    0x08000484   0x08000484   0x00000054   Code   RO         2009    i.DMA_CheckFifoParam  stm32f4xx_hal_dma.o
    0x080004d8   0x080004d8   0x00000028   Code   RO         2010    i.DMA_SetConfig     stm32f4xx_hal_dma.o
    0x08000500   0x08000500   0x00000002   Code   RO          438    i.DebugMon_Handler  stm32f4xx_it.o
    0x08000502   0x08000502   0x00000004   Code   RO           13    i.Error_Handler     main.o
    0x08000506   0x08000506   0x00000002   PAD
    0x08000508   0x08000508   0x00000050   Code   RO         1823    i.FLASH_Erase_Sector  stm32f4xx_hal_flash_ex.o
    0x08000558   0x08000558   0x00000054   Code   RO         1824    i.FLASH_FlushCaches  stm32f4xx_hal_flash_ex.o
    0x080005ac   0x080005ac   0x00000028   Code   RO         1825    i.FLASH_MassErase   stm32f4xx_hal_flash_ex.o
    0x080005d4   0x080005d4   0x00000020   Code   RO         1705    i.FLASH_Program_Byte  stm32f4xx_hal_flash.o
    0x080005f4   0x080005f4   0x0000002c   Code   RO         1706    i.FLASH_Program_DoubleWord  stm32f4xx_hal_flash.o
    0x08000620   0x08000620   0x00000024   Code   RO         1707    i.FLASH_Program_HalfWord  stm32f4xx_hal_flash.o
    0x08000644   0x08000644   0x00000024   Code   RO         1708    i.FLASH_Program_Word  stm32f4xx_hal_flash.o
    0x08000668   0x08000668   0x00000068   Code   RO         1709    i.FLASH_SetErrorCode  stm32f4xx_hal_flash.o
    0x080006d0   0x080006d0   0x00000050   Code   RO         1710    i.FLASH_WaitForLastOperation  stm32f4xx_hal_flash.o
    0x08000720   0x08000720   0x000000c4   Code   RO         3741    i.Fill_YLine        image.o
    0x080007e4   0x080007e4   0x00000092   Code   RO         2011    i.HAL_DMA_Abort     stm32f4xx_hal_dma.o
    0x08000876   0x08000876   0x00000024   Code   RO         2012    i.HAL_DMA_Abort_IT  stm32f4xx_hal_dma.o
    0x0800089a   0x0800089a   0x00000002   PAD
    0x0800089c   0x0800089c   0x000001a0   Code   RO         2016    i.HAL_DMA_IRQHandler  stm32f4xx_hal_dma.o
    0x08000a3c   0x08000a3c   0x000000d4   Code   RO         2017    i.HAL_DMA_Init      stm32f4xx_hal_dma.o
    0x08000b10   0x08000b10   0x0000006e   Code   RO         2021    i.HAL_DMA_Start_IT  stm32f4xx_hal_dma.o
    0x08000b7e   0x08000b7e   0x00000002   PAD
    0x08000b80   0x08000b80   0x00000024   Code   RO         2448    i.HAL_Delay         stm32f4xx_hal.o
    0x08000ba4   0x08000ba4   0x00000098   Code   RO         1826    i.HAL_FLASHEx_Erase  stm32f4xx_hal_flash_ex.o
    0x08000c3c   0x08000c3c   0x00000014   Code   RO         1714    i.HAL_FLASH_Lock    stm32f4xx_hal_flash.o
    0x08000c50   0x08000c50   0x0000007c   Code   RO         1719    i.HAL_FLASH_Program  stm32f4xx_hal_flash.o
    0x08000ccc   0x08000ccc   0x0000002c   Code   RO         1721    i.HAL_FLASH_Unlock  stm32f4xx_hal_flash.o
    0x08000cf8   0x08000cf8   0x000001f0   Code   RO         1904    i.HAL_GPIO_Init     stm32f4xx_hal_gpio.o
    0x08000ee8   0x08000ee8   0x0000000a   Code   RO         1906    i.HAL_GPIO_ReadPin  stm32f4xx_hal_gpio.o
    0x08000ef2   0x08000ef2   0x0000000a   Code   RO         1908    i.HAL_GPIO_WritePin  stm32f4xx_hal_gpio.o
    0x08000efc   0x08000efc   0x0000000c   Code   RO         2454    i.HAL_GetTick       stm32f4xx_hal.o
    0x08000f08   0x08000f08   0x00000010   Code   RO         2460    i.HAL_IncTick       stm32f4xx_hal.o
    0x08000f18   0x08000f18   0x00000034   Code   RO         2461    i.HAL_Init          stm32f4xx_hal.o
    0x08000f4c   0x08000f4c   0x00000040   Code   RO         2462    i.HAL_InitTick      stm32f4xx_hal.o
    0x08000f8c   0x08000f8c   0x00000030   Code   RO          552    i.HAL_MspInit       stm32f4xx_hal_msp.o
    0x08000fbc   0x08000fbc   0x0000001a   Code   RO         2296    i.HAL_NVIC_EnableIRQ  stm32f4xx_hal_cortex.o
    0x08000fd6   0x08000fd6   0x00000002   PAD
    0x08000fd8   0x08000fd8   0x00000040   Code   RO         2302    i.HAL_NVIC_SetPriority  stm32f4xx_hal_cortex.o
    0x08001018   0x08001018   0x00000024   Code   RO         2303    i.HAL_NVIC_SetPriorityGrouping  stm32f4xx_hal_cortex.o
    0x0800103c   0x0800103c   0x00000134   Code   RO         1550    i.HAL_RCC_ClockConfig  stm32f4xx_hal_rcc.o
    0x08001170   0x08001170   0x00000020   Code   RO         1557    i.HAL_RCC_GetPCLK1Freq  stm32f4xx_hal_rcc.o
    0x08001190   0x08001190   0x00000020   Code   RO         1558    i.HAL_RCC_GetPCLK2Freq  stm32f4xx_hal_rcc.o
    0x080011b0   0x080011b0   0x00000064   Code   RO         1559    i.HAL_RCC_GetSysClockFreq  stm32f4xx_hal_rcc.o
    0x08001214   0x08001214   0x0000036c   Code   RO         1562    i.HAL_RCC_OscConfig  stm32f4xx_hal_rcc.o
    0x08001580   0x08001580   0x00000028   Code   RO         2307    i.HAL_SYSTICK_Config  stm32f4xx_hal_cortex.o
    0x080015a8   0x080015a8   0x00000002   Code   RO         1282    i.HAL_TIMEx_BreakCallback  stm32f4xx_hal_tim_ex.o
    0x080015aa   0x080015aa   0x00000002   Code   RO         1283    i.HAL_TIMEx_CommutCallback  stm32f4xx_hal_tim_ex.o
    0x080015ac   0x080015ac   0x00000054   Code   RO         1285    i.HAL_TIMEx_ConfigBreakDeadTime  stm32f4xx_hal_tim_ex.o
    0x08001600   0x08001600   0x00000090   Code   RO         1301    i.HAL_TIMEx_MasterConfigSynchronization  stm32f4xx_hal_tim_ex.o
    0x08001690   0x08001690   0x0000005a   Code   RO          578    i.HAL_TIM_Base_Init  stm32f4xx_hal_tim.o
    0x080016ea   0x080016ea   0x00000002   PAD
    0x080016ec   0x080016ec   0x000000c0   Code   RO          260    i.HAL_TIM_Base_MspInit  tim.o
    0x080017ac   0x080017ac   0x00000080   Code   RO          583    i.HAL_TIM_Base_Start_IT  stm32f4xx_hal_tim.o
    0x0800182c   0x0800182c   0x000000dc   Code   RO          587    i.HAL_TIM_ConfigClockSource  stm32f4xx_hal_tim.o
    0x08001908   0x08001908   0x000000a4   Code   RO          599    i.HAL_TIM_Encoder_Init  stm32f4xx_hal_tim.o
    0x080019ac   0x080019ac   0x0000012c   Code   RO          262    i.HAL_TIM_Encoder_MspInit  tim.o
    0x08001ad8   0x08001ad8   0x00000002   Code   RO          612    i.HAL_TIM_IC_CaptureCallback  stm32f4xx_hal_tim.o
    0x08001ada   0x08001ada   0x00000130   Code   RO          626    i.HAL_TIM_IRQHandler  stm32f4xx_hal_tim.o
    0x08001c0a   0x08001c0a   0x00000002   PAD
    0x08001c0c   0x08001c0c   0x000000e4   Code   RO          263    i.HAL_TIM_MspPostInit  tim.o
    0x08001cf0   0x08001cf0   0x00000052   Code   RO          627    i.HAL_TIM_OC_ConfigChannel  stm32f4xx_hal_tim.o
    0x08001d42   0x08001d42   0x00000002   Code   RO          629    i.HAL_TIM_OC_DelayElapsedCallback  stm32f4xx_hal_tim.o
    0x08001d44   0x08001d44   0x0000005a   Code   RO          631    i.HAL_TIM_OC_Init   stm32f4xx_hal_tim.o
    0x08001d9e   0x08001d9e   0x00000002   Code   RO          633    i.HAL_TIM_OC_MspInit  stm32f4xx_hal_tim.o
    0x08001da0   0x08001da0   0x000000cc   Code   RO          650    i.HAL_TIM_PWM_ConfigChannel  stm32f4xx_hal_tim.o
    0x08001e6c   0x08001e6c   0x0000005a   Code   RO          653    i.HAL_TIM_PWM_Init  stm32f4xx_hal_tim.o
    0x08001ec6   0x08001ec6   0x00000002   Code   RO          655    i.HAL_TIM_PWM_MspInit  stm32f4xx_hal_tim.o
    0x08001ec8   0x08001ec8   0x00000002   Code   RO          656    i.HAL_TIM_PWM_PulseFinishedCallback  stm32f4xx_hal_tim.o
    0x08001eca   0x08001eca   0x00000002   PAD
    0x08001ecc   0x08001ecc   0x00000014   Code   RO         3166    i.HAL_TIM_PeriodElapsedCallback  key.o
    0x08001ee0   0x08001ee0   0x00000002   Code   RO          669    i.HAL_TIM_TriggerCallback  stm32f4xx_hal_tim.o
    0x08001ee2   0x08001ee2   0x0000004e   Code   RO         2709    i.HAL_UARTEx_ReceiveToIdle_DMA  stm32f4xx_hal_uart.o
    0x08001f30   0x08001f30   0x000000fc   Code   RO         3360    i.HAL_UARTEx_RxEventCallback  chuankou.o
    0x0800202c   0x0800202c   0x00000002   Code   RO         2725    i.HAL_UART_ErrorCallback  stm32f4xx_hal_uart.o
    0x0800202e   0x0800202e   0x00000002   PAD
    0x08002030   0x08002030   0x00000270   Code   RO         2728    i.HAL_UART_IRQHandler  stm32f4xx_hal_uart.o
    0x080022a0   0x080022a0   0x00000064   Code   RO         2729    i.HAL_UART_Init     stm32f4xx_hal_uart.o
    0x08002304   0x08002304   0x00000214   Code   RO          374    i.HAL_UART_MspInit  usart.o
    0x08002518   0x08002518   0x00000002   Code   RO         2735    i.HAL_UART_RxCpltCallback  stm32f4xx_hal_uart.o
    0x0800251a   0x0800251a   0x00000002   Code   RO         2736    i.HAL_UART_RxHalfCpltCallback  stm32f4xx_hal_uart.o
    0x0800251c   0x0800251c   0x00000078   Code   RO         2738    i.HAL_UART_Transmit_DMA  stm32f4xx_hal_uart.o
    0x08002594   0x08002594   0x00000002   Code   RO         2740    i.HAL_UART_TxCpltCallback  stm32f4xx_hal_uart.o
    0x08002596   0x08002596   0x00000002   Code   RO         2741    i.HAL_UART_TxHalfCpltCallback  stm32f4xx_hal_uart.o
    0x08002598   0x08002598   0x00000002   Code   RO          439    i.HardFault_Handler  stm32f4xx_it.o
    0x0800259a   0x0800259a   0x0000006a   Code   RO         3558    i.LCD_Address_Set   lcd.o
    0x08002604   0x08002604   0x0000003e   Code   RO         3562    i.LCD_Fill          lcd.o
    0x08002642   0x08002642   0x00000002   PAD
    0x08002644   0x08002644   0x0000007c   Code   RO         3682    i.LCD_GPIO_Init     lcd_init.o
    0x080026c0   0x080026c0   0x00000318   Code   RO         3683    i.LCD_Init          lcd_init.o
    0x080029d8   0x080029d8   0x00000014   Code   RO         3684    i.LCD_WR_DATA       lcd_init.o
    0x080029ec   0x080029ec   0x00000004   Code   RO         3685    i.LCD_WR_DATA8      lcd_init.o
    0x080029f0   0x080029f0   0x00000028   Code   RO         3686    i.LCD_WR_REG        lcd_init.o
    0x08002a18   0x08002a18   0x000000a4   Code   RO         3687    i.LCD_Writ_Bus      lcd_init.o
    0x08002abc   0x08002abc   0x0000006c   Code   RO          235    i.MX_DMA_Init       dma.o
    0x08002b28   0x08002b28   0x000000b8   Code   RO          211    i.MX_GPIO_Init      gpio.o
    0x08002be0   0x08002be0   0x00000068   Code   RO          264    i.MX_TIM10_Init     tim.o
    0x08002c48   0x08002c48   0x00000068   Code   RO          265    i.MX_TIM11_Init     tim.o
    0x08002cb0   0x08002cb0   0x00000068   Code   RO          266    i.MX_TIM13_Init     tim.o
    0x08002d18   0x08002d18   0x00000064   Code   RO          267    i.MX_TIM14_Init     tim.o
    0x08002d7c   0x08002d7c   0x0000006c   Code   RO          268    i.MX_TIM1_Init      tim.o
    0x08002de8   0x08002de8   0x00000064   Code   RO          269    i.MX_TIM2_Init      tim.o
    0x08002e4c   0x08002e4c   0x00000068   Code   RO          270    i.MX_TIM3_Init      tim.o
    0x08002eb4   0x08002eb4   0x00000068   Code   RO          271    i.MX_TIM4_Init      tim.o
    0x08002f1c   0x08002f1c   0x00000044   Code   RO          272    i.MX_TIM7_Init      tim.o
    0x08002f60   0x08002f60   0x00000104   Code   RO          273    i.MX_TIM8_Init      tim.o
    0x08003064   0x08003064   0x00000038   Code   RO          375    i.MX_UART4_Init     usart.o
    0x0800309c   0x0800309c   0x00000038   Code   RO          376    i.MX_USART1_UART_Init  usart.o
    0x080030d4   0x080030d4   0x00000038   Code   RO          377    i.MX_USART2_UART_Init  usart.o
    0x0800310c   0x0800310c   0x00000038   Code   RO          378    i.MX_USART3_UART_Init  usart.o
    0x08003144   0x08003144   0x00000002   Code   RO          440    i.MemManage_Handler  stm32f4xx_it.o
    0x08003146   0x08003146   0x00000002   Code   RO          441    i.NMI_Handler       stm32f4xx_it.o
    0x08003148   0x08003148   0x00000002   Code   RO          442    i.PendSV_Handler    stm32f4xx_it.o
    0x0800314a   0x0800314a   0x00000002   Code   RO          443    i.SVC_Handler       stm32f4xx_it.o
    0x0800314c   0x0800314c   0x00000068   Code   RO          444    i.SysTick_Handler   stm32f4xx_it.o
    0x080031b4   0x080031b4   0x00000094   Code   RO           14    i.SystemClock_Config  main.o
    0x08003248   0x08003248   0x00000010   Code   RO         3063    i.SystemInit        system_stm32f4xx.o
    0x08003258   0x08003258   0x0000000c   Code   RO          445    i.TIM7_IRQHandler   stm32f4xx_it.o
    0x08003264   0x08003264   0x000000d8   Code   RO          671    i.TIM_Base_SetConfig  stm32f4xx_hal_tim.o
    0x0800333c   0x0800333c   0x00000014   Code   RO          682    i.TIM_ETR_SetConfig  stm32f4xx_hal_tim.o
    0x08003350   0x08003350   0x00000010   Code   RO          683    i.TIM_ITRx_SetConfig  stm32f4xx_hal_tim.o
    0x08003360   0x08003360   0x00000060   Code   RO          684    i.TIM_OC1_SetConfig  stm32f4xx_hal_tim.o
    0x080033c0   0x080033c0   0x0000006c   Code   RO          685    i.TIM_OC2_SetConfig  stm32f4xx_hal_tim.o
    0x0800342c   0x0800342c   0x00000068   Code   RO          686    i.TIM_OC3_SetConfig  stm32f4xx_hal_tim.o
    0x08003494   0x08003494   0x00000050   Code   RO          687    i.TIM_OC4_SetConfig  stm32f4xx_hal_tim.o
    0x080034e4   0x080034e4   0x00000022   Code   RO          689    i.TIM_TI1_ConfigInputStage  stm32f4xx_hal_tim.o
    0x08003506   0x08003506   0x00000024   Code   RO          691    i.TIM_TI2_ConfigInputStage  stm32f4xx_hal_tim.o
    0x0800352a   0x0800352a   0x00000010   Code   RO         2742    i.UART_DMAAbortOnError  stm32f4xx_hal_uart.o
    0x0800353a   0x0800353a   0x0000004a   Code   RO         2743    i.UART_DMAError     stm32f4xx_hal_uart.o
    0x08003584   0x08003584   0x00000086   Code   RO         2744    i.UART_DMAReceiveCplt  stm32f4xx_hal_uart.o
    0x0800360a   0x0800360a   0x0000001e   Code   RO         2746    i.UART_DMARxHalfCplt  stm32f4xx_hal_uart.o
    0x08003628   0x08003628   0x00000042   Code   RO         2748    i.UART_DMATransmitCplt  stm32f4xx_hal_uart.o
    0x0800366a   0x0800366a   0x0000000a   Code   RO         2750    i.UART_DMATxHalfCplt  stm32f4xx_hal_uart.o
    0x08003674   0x08003674   0x0000004e   Code   RO         2752    i.UART_EndRxTransfer  stm32f4xx_hal_uart.o
    0x080036c2   0x080036c2   0x0000001c   Code   RO         2753    i.UART_EndTxTransfer  stm32f4xx_hal_uart.o
    0x080036de   0x080036de   0x000000c2   Code   RO         2754    i.UART_Receive_IT   stm32f4xx_hal_uart.o
    0x080037a0   0x080037a0   0x0000010c   Code   RO         2755    i.UART_SetConfig    stm32f4xx_hal_uart.o
    0x080038ac   0x080038ac   0x00000090   Code   RO         2756    i.UART_Start_Receive_DMA  stm32f4xx_hal_uart.o
    0x0800393c   0x0800393c   0x0000000c   Code   RO          446    i.USART2_IRQHandler  stm32f4xx_it.o
    0x08003948   0x08003948   0x00000002   Code   RO          447    i.UsageFault_Handler  stm32f4xx_it.o
    0x0800394a   0x0800394a   0x00000002   PAD
    0x0800394c   0x0800394c   0x00000024   Code   RO         3794    i.__0sprintf$bare   mc_w.l(printfb.o)
    0x08003970   0x08003970   0x00000020   Code   RO         2309    i.__NVIC_SetPriority  stm32f4xx_hal_cortex.o
    0x08003990   0x08003990   0x00000008   Code   RO         4106    i.__aeabi_errno_addr  mc_w.l(errno.o)
    0x08003998   0x08003998   0x0000000e   Code   RO         4138    i.__scatterload_copy  mc_w.l(handlers.o)
    0x080039a6   0x080039a6   0x00000002   Code   RO         4139    i.__scatterload_null  mc_w.l(handlers.o)
    0x080039a8   0x080039a8   0x0000000e   Code   RO         4140    i.__scatterload_zeroinit  mc_w.l(handlers.o)
    0x080039b6   0x080039b6   0x00000022   Code   RO         3799    i._printf_core      mc_w.l(printfb.o)
    0x080039d8   0x080039d8   0x0000000a   Code   RO         3801    i._sputc            mc_w.l(printfb.o)
    0x080039e2   0x080039e2   0x00000002   PAD
    0x080039e4   0x080039e4   0x00000010   Code   RO         3214    i.flash_buffer_clear  flash.o
    0x080039f4   0x080039f4   0x0000002c   Code   RO         3217    i.flash_set_buffer_PARA  flash.o
    0x08003a20   0x08003a20   0x00000048   Code   RO         3218    i.flash_write_page  flash.o
    0x08003a68   0x08003a68   0x00000044   Code   RO         3167    i.key_function      key.o
    0x08003aac   0x08003aac   0x00000090   Code   RO         3168    i.key_scan          key.o
    0x08003b3c   0x08003b3c   0x0000000c   Code   RO         3169    i.key_start         key.o
    0x08003b48   0x08003b48   0x0000008c   Code   RO           15    i.main              main.o
    0x08003bd4   0x08003bd4   0x0000002e   Code   RO         3361    i.safe_parse_int    chuankou.o
    0x08003c02   0x08003c02   0x00000026   Code   RO         3220    i.stm32_flash_erase_page  flash.o
    0x08003c28   0x08003c28   0x00000014   Code   RO         3279    i.uart_R_start      uart.o
    0x08003c3c   0x08003c3c   0x00000008   Data   RO         2023    .constdata          stm32f4xx_hal_dma.o
    0x08003c44   0x08003c44   0x00000010   Data   RO         3064    .constdata          system_stm32f4xx.o
    0x08003c54   0x08003c54   0x00000008   Data   RO         3065    .constdata          system_stm32f4xx.o
    0x08003c5c   0x08003c5c   0x00000081   Data   RO         4079    .constdata          mc_w.l(ctype_o.o)
    0x08003cdd   0x08003cdd   0x00000003   PAD
    0x08003ce0   0x08003ce0   0x00000004   Data   RO         4080    .constdata          mc_w.l(ctype_o.o)
    0x08003ce4   0x08003ce4   0x00000020   Data   RO         4136    Region$$Table       anon$$obj.o


    Execution Region RW_IRAM1 (Exec base: 0x20000000, Load base: 0x08003d04, Size: 0x00001d18, Max: 0x0001c000, ABSOLUTE)

    Exec Addr    Load Addr    Size         Type   Attr      Idx    E Section Name        Object

    0x20000000   0x08003d04   0x00000002   Data   RW           16    .data               main.o
    0x20000002   0x08003d06   0x00000001   Data   RW           17    .data               main.o
    0x20000003   0x08003d07   0x00000001   PAD
    0x20000004   0x08003d08   0x00000008   Data   RW           19    .data               main.o
    0x2000000c   0x08003d10   0x00000004   Data   RW          448    .data               stm32f4xx_it.o
    0x20000010   0x08003d14   0x0000000c   Data   RW         2468    .data               stm32f4xx_hal.o
    0x2000001c   0x08003d20   0x00000004   Data   RW         3066    .data               system_stm32f4xx.o
    0x20000020   0x08003d24   0x00000004   Data   RW         3222    .data               flash.o
    0x20000024   0x08003d28   0x00000004   Data   RW         4109    .data               mc_w.l(errno.o)
    0x20000028        -       0x000002d0   Zero   RW          274    .bss                tim.o
    0x200002f8        -       0x000002a0   Zero   RW          379    .bss                usart.o
    0x20000598        -       0x00000020   Zero   RW         1722    .bss                stm32f4xx_hal_flash.o
    0x200005b8        -       0x00000028   Zero   RW         3170    .bss                key.o
    0x200005e0        -       0x00001000   Zero   RW         3221    .bss                flash.o
    0x200015e0        -       0x00000064   Zero   RW         3283    .bss                uart.o
    0x20001644        -       0x000000f0   Zero   RW         3362    .bss                chuankou.o
    0x20001734        -       0x000001e0   Zero   RW         3742    .bss                image.o
    0x20001914   0x08003d2c   0x00000004   PAD
    0x20001918        -       0x00000400   Zero   RW            1    STACK               startup_stm32f407xx.o


    Execution Region RW_IRAM2 (Exec base: 0x2001c000, Load base: 0x08003d2c, Size: 0x00000000, Max: 0x00004000, ABSOLUTE)

    **** No section assigned to this execution region ****


==============================================================================

Image component sizes


      Code (inc. data)   RO Data    RW Data    ZI Data      Debug   Object Name

        38          0          0          0          0        451   all_init.o
       298         18          0          0        240     586358   chuankou.o
       108          4          0          0          0        782   dma.o
       170         22          0          4       4096       3479   flash.o
       184         12          0          0          0        959   gpio.o
       196          0          0          0        480       1723   image.o
       244         36          0          0         40       2800   key.o
       168          0          0          0          0       1481   lcd.o
      1144         22          0          0          0       6847   lcd_init.o
       292         20          0         11          0     700623   main.o
        36          8        392          0       1024        808   startup_stm32f407xx.o
       180         28          0         12          0       9197   stm32f4xx_hal.o
       198         14          0          0          0      33663   stm32f4xx_hal_cortex.o
      1084         16          8          0          0       7114   stm32f4xx_hal_dma.o
       520         66          0          0         32       6302   stm32f4xx_hal_flash.o
       356         24          0          0          0       3870   stm32f4xx_hal_flash_ex.o
       516         46          0          0          0       2751   stm32f4xx_hal_gpio.o
        48          6          0          0          0        806   stm32f4xx_hal_msp.o
      1348         76          0          0          0       5084   stm32f4xx_hal_rcc.o
      2094        110          0          0          0      17947   stm32f4xx_hal_tim.o
       232         28          0          0          0       3181   stm32f4xx_hal_tim_ex.o
      1974         44          0          0          0      14827   stm32f4xx_hal_uart.o
       192         48          0          4          0       6979   stm32f4xx_it.o
        16          4         24          4          0       1051   system_stm32f4xx.o
      1876        182          0          0        720       9259   tim.o
        20         10          0          0        100        863   uart.o
       756         80          0          0        672       4015   usart.o

    ----------------------------------------------------------------------
     14308        924        456         36       7408    1433220   Object Totals
         0          0         32          0          0          0   (incl. Generated)
        20          0          0          1          4          0   (incl. Padding)

    ----------------------------------------------------------------------

      Code (inc. data)   RO Data    RW Data    ZI Data      Debug   Library Member Name

        28          0          0          0          0         68   _chval.o
       158          0          0          0          0         92   _strtoul.o
         8          4        133          0          0         68   ctype_o.o
         0          0          0          0          0          0   entry.o
         0          0          0          0          0          0   entry10a.o
         0          0          0          0          0          0   entry11a.o
         4          0          0          0          0          0   entry12b.o
         8          4          0          0          0          0   entry2.o
         4          0          0          0          0          0   entry5.o
         0          0          0          0          0          0   entry7b.o
         0          0          0          0          0          0   entry8b.o
         8          4          0          0          0          0   entry9a.o
         8          4          0          4          0         68   errno.o
        30          0          0          0          0          0   handlers.o
        36          8          0          0          0         68   init.o
        30          0          0          0          0         68   llshl.o
        32          0          0          0          0         68   llushr.o
        36          0          0          0          0        108   memseta.o
        80          4          0          0          0        236   printfb.o
        20          0          0          0          0         68   strchr.o
        14          0          0          0          0         68   strlen.o
       112          0          0          0          0         88   strtol.o
        98          0          0          0          0         92   uldiv.o

    ----------------------------------------------------------------------
       720         28        136          4          0       1160   Library Totals
         6          0          3          0          0          0   (incl. Padding)

    ----------------------------------------------------------------------

      Code (inc. data)   RO Data    RW Data    ZI Data      Debug   Library Name

       714         28        133          4          0       1160   mc_w.l

    ----------------------------------------------------------------------
       720         28        136          4          0       1160   Library Totals

    ----------------------------------------------------------------------

==============================================================================


      Code (inc. data)   RO Data    RW Data    ZI Data      Debug   

     15028        952        592         40       7408    1419964   Grand Totals
     15028        952        592         40       7408    1419964   ELF Image Totals
     15028        952        592         40          0          0   ROM Totals

==============================================================================

    Total RO  Size (Code + RO Data)                15620 (  15.25kB)
    Total RW  Size (RW Data + ZI Data)              7448 (   7.27kB)
    Total ROM Size (Code + RO Data + RW Data)      15660 (  15.29kB)

==============================================================================

