<html>
<body>
<pre>
<h1>µVision Build Log</h1>
<h2>Tool Versions:</h2>
IDE-Version: ¦ÌVision V5.38.0.0
Copyright (C) 2022 ARM Ltd and ARM Germany GmbH. All rights reserved.
License Information: 1 lenovo, 1, LIC=GE7DL-0QKAV-79JG1-CDN53-7KGDI-VFB5Y
 
Tool Versions:
Toolchain:       MDK-ARM Professional  Version: 5.37.0.0
Toolchain Path:  C:\Keil_v5\ARM\ARMCC\Bin
C Compiler:      Armcc.exe V5.06 update 7 (build 960)
Assembler:       Armasm.exe V5.06 update 7 (build 960)
Linker/Locator:  ArmLink.exe V5.06 update 7 (build 960)
Library Manager: ArmAr.exe V5.06 update 7 (build 960)
Hex Converter:   FromElf.exe V5.06 update 7 (build 960)
CPU DLL:         SARMCM3.DLL V5.37.0.0
Dialog DLL:      DCM.DLL V1.17.5.0
Target DLL:      CMSIS_AGDI.dll V1.33.12.0
Dialog DLL:      TCM.DLL V1.56.1.0
 
<h2>Project:</h2>
d:\diansai\MDK-ARM\diansai.uvprojx
Project File Date:  05/13/2025

<h2>Output:</h2>
*** Using Compiler 'V5.06 update 7 (build 960)', folder: 'C:\Keil_v5\ARM\ARMCC\Bin'
Build target 'diansai'
compiling ALL_Init.c...
..\icore\KEY.h(17): warning:  #1295-D: Deprecated declaration key_scan - give arg types
  void key_scan();
..\icore\KEY.h(18): warning:  #1295-D: Deprecated declaration key_start - give arg types
  void key_start();
..\icore\KEY.h(19): warning:  #1295-D: Deprecated declaration key_function - give arg types
  void key_function();
..\icore\flash.h(26): warning:  #1295-D: Deprecated declaration flash_set_buffer_PARA - give arg types
  void flash_set_buffer_PARA();
..\icore\flash.h(27): warning:  #1295-D: Deprecated declaration flash_get_buffer_PARA - give arg types
  void flash_get_buffer_PARA();
..\icore\lcd.h(26): warning:  #1295-D: Deprecated declaration LCD_show - give arg types
  void LCD_show();
..\icore\uart.h(4): warning:  #1295-D: Deprecated declaration uart_R_start - give arg types
  void uart_R_start();
..\icore\uart.h(5): warning:  #1295-D: Deprecated declaration uart_T_yes - give arg types
  void uart_T_yes();
..\icore\uart.h(6): warning:  #1295-D: Deprecated declaration uart_T_no - give arg types
  void uart_T_no();
..\icore\uart.h(7): warning:  #1295-D: Deprecated declaration uart_R_test - give arg types
  void uart_R_test();
..\icore\pid.h(31): warning:  #1295-D: Deprecated declaration PID_servo1 - give arg types
  void PID_servo1();
..\icore\pid.h(33): warning:  #1295-D: Deprecated declaration PID_servo2 - give arg types
  void PID_servo2();
..\icore\ALL_INIT.h(4): warning:  #1295-D: Deprecated declaration All_init - give arg types
  void All_init();
..\icore\ALL_Init.c: 13 warnings, 0 errors
linking...
Program Size: Code=18524 RO-data=15212 RW-data=60 ZI-data=9292  
FromELF: creating hex file...
"diansai\diansai.axf" - 0 Error(s), 13 Warning(s).

<h2>Software Packages used:</h2>

Package Vendor: ARM
                http://www.keil.com/pack/ARM.CMSIS.5.9.0.pack
                ARM.CMSIS.5.9.0
                CMSIS (Common Microcontroller Software Interface Standard)
   * Component: CORE Version: 5.6.0

Package Vendor: Keil
                https://www.keil.com/pack/Keil.STM32F4xx_DFP.3.0.0.pack
                Keil.STM32F4xx_DFP.3.0.0
                STMicroelectronics STM32F4 Series Device Support

<h2>Collection of Component include folders:</h2>
  ./RTE/_diansai
  C:/Keil_v5/ARM/PACK/ARM/CMSIS/5.9.0/CMSIS/Core/Include

<h2>Collection of Component Files used:</h2>

   * Component: ARM::CMSIS:CORE:5.6.0
      Include file:  CMSIS/Core/Include/tz_context.h
Build Time Elapsed:  00:00:02
</pre>
</body>
</html>
