Component: ARM Compiler 5.06 update 7 (build 960) Tool: armlink [4d3601]

==============================================================================

Section Cross References

    startup_stm32f407xx.o(RESET) refers to startup_stm32f407xx.o(STACK) for __initial_sp
    startup_stm32f407xx.o(RESET) refers to startup_stm32f407xx.o(.text) for Reset_Handler
    startup_stm32f407xx.o(RESET) refers to stm32f4xx_it.o(i.NMI_Handler) for NMI_Handler
    startup_stm32f407xx.o(RESET) refers to stm32f4xx_it.o(i.HardFault_Handler) for HardFault_Handler
    startup_stm32f407xx.o(RESET) refers to stm32f4xx_it.o(i.MemManage_Handler) for MemManage_Handler
    startup_stm32f407xx.o(RESET) refers to stm32f4xx_it.o(i.BusFault_Handler) for BusFault_Handler
    startup_stm32f407xx.o(RESET) refers to stm32f4xx_it.o(i.UsageFault_Handler) for UsageFault_Handler
    startup_stm32f407xx.o(RESET) refers to stm32f4xx_it.o(i.SVC_Handler) for SVC_Handler
    startup_stm32f407xx.o(RESET) refers to stm32f4xx_it.o(i.DebugMon_Handler) for DebugMon_Handler
    startup_stm32f407xx.o(RESET) refers to stm32f4xx_it.o(i.PendSV_Handler) for PendSV_Handler
    startup_stm32f407xx.o(RESET) refers to stm32f4xx_it.o(i.SysTick_Handler) for SysTick_Handler
    startup_stm32f407xx.o(RESET) refers to stm32f4xx_it.o(i.DMA1_Stream5_IRQHandler) for DMA1_Stream5_IRQHandler
    startup_stm32f407xx.o(RESET) refers to stm32f4xx_it.o(i.DMA1_Stream6_IRQHandler) for DMA1_Stream6_IRQHandler
    startup_stm32f407xx.o(RESET) refers to stm32f4xx_it.o(i.USART2_IRQHandler) for USART2_IRQHandler
    startup_stm32f407xx.o(RESET) refers to stm32f4xx_it.o(i.TIM6_DAC_IRQHandler) for TIM6_DAC_IRQHandler
    startup_stm32f407xx.o(RESET) refers to stm32f4xx_it.o(i.TIM7_IRQHandler) for TIM7_IRQHandler
    startup_stm32f407xx.o(RESET) refers to stm32f4xx_it.o(i.DMA2_Stream2_IRQHandler) for DMA2_Stream2_IRQHandler
    startup_stm32f407xx.o(RESET) refers to stm32f4xx_it.o(i.DMA2_Stream7_IRQHandler) for DMA2_Stream7_IRQHandler
    startup_stm32f407xx.o(.text) refers to system_stm32f4xx.o(i.SystemInit) for SystemInit
    startup_stm32f407xx.o(.text) refers to entry.o(.ARM.Collect$$$$00000000) for __main
    main.o(i.SystemClock_Config) refers to memseta.o(.text) for __aeabi_memclr4
    main.o(i.SystemClock_Config) refers to stm32f4xx_hal_rcc.o(i.HAL_RCC_OscConfig) for HAL_RCC_OscConfig
    main.o(i.SystemClock_Config) refers to stm32f4xx_hal_rcc.o(i.HAL_RCC_ClockConfig) for HAL_RCC_ClockConfig
    main.o(i.main) refers to stm32f4xx_hal.o(i.HAL_Init) for HAL_Init
    main.o(i.main) refers to main.o(i.SystemClock_Config) for SystemClock_Config
    main.o(i.main) refers to gpio.o(i.MX_GPIO_Init) for MX_GPIO_Init
    main.o(i.main) refers to dma.o(i.MX_DMA_Init) for MX_DMA_Init
    main.o(i.main) refers to tim.o(i.MX_TIM1_Init) for MX_TIM1_Init
    main.o(i.main) refers to tim.o(i.MX_TIM2_Init) for MX_TIM2_Init
    main.o(i.main) refers to tim.o(i.MX_TIM3_Init) for MX_TIM3_Init
    main.o(i.main) refers to tim.o(i.MX_TIM4_Init) for MX_TIM4_Init
    main.o(i.main) refers to tim.o(i.MX_TIM8_Init) for MX_TIM8_Init
    main.o(i.main) refers to tim.o(i.MX_TIM10_Init) for MX_TIM10_Init
    main.o(i.main) refers to tim.o(i.MX_TIM11_Init) for MX_TIM11_Init
    main.o(i.main) refers to tim.o(i.MX_TIM13_Init) for MX_TIM13_Init
    main.o(i.main) refers to usart.o(i.MX_USART1_UART_Init) for MX_USART1_UART_Init
    main.o(i.main) refers to usart.o(i.MX_USART2_UART_Init) for MX_USART2_UART_Init
    main.o(i.main) refers to usart.o(i.MX_USART3_UART_Init) for MX_USART3_UART_Init
    main.o(i.main) refers to usart.o(i.MX_UART4_Init) for MX_UART4_Init
    main.o(i.main) refers to tim.o(i.MX_TIM14_Init) for MX_TIM14_Init
    main.o(i.main) refers to tim.o(i.MX_TIM7_Init) for MX_TIM7_Init
    main.o(i.main) refers to tim.o(i.MX_TIM6_Init) for MX_TIM6_Init
    main.o(i.main) refers to all_init.o(i.All_init) for All_init
    main.o(i.main) refers to image.o(i.cal_mid) for cal_mid
    main.o(i.main) refers to image.o(i.Fill_XLine) for Fill_XLine
    main.o(i.main) refers to image.o(i.Fill_YLine) for Fill_YLine
    main.o(i.main) refers to lcd.o(i.LCD_show) for LCD_show
    main.o(i.main) refers to key.o(i.key_function) for key_function
    main.o(i.main) refers to chuankou.o(.bss) for point_data
    main.o(i.main) refers to image.o(.bss) for AB_line
    main.o(i.main) refers to image.o(.bss) for BC_line
    main.o(i.main) refers to image.o(.bss) for CD_line
    main.o(i.main) refers to image.o(.bss) for AD_line
    gpio.o(i.MX_GPIO_Init) refers to memseta.o(.text) for __aeabi_memclr4
    gpio.o(i.MX_GPIO_Init) refers to stm32f4xx_hal_gpio.o(i.HAL_GPIO_WritePin) for HAL_GPIO_WritePin
    gpio.o(i.MX_GPIO_Init) refers to stm32f4xx_hal_gpio.o(i.HAL_GPIO_Init) for HAL_GPIO_Init
    dma.o(i.MX_DMA_Init) refers to stm32f4xx_hal_cortex.o(i.HAL_NVIC_SetPriority) for HAL_NVIC_SetPriority
    dma.o(i.MX_DMA_Init) refers to stm32f4xx_hal_cortex.o(i.HAL_NVIC_EnableIRQ) for HAL_NVIC_EnableIRQ
[...]
    i.HAL_TIM_TriggerCallback                0x08002538   Section        0  stm32f4xx_hal_tim.o(i.HAL_TIM_TriggerCallback)
    i.HAL_UARTEx_ReceiveToIdle_DMA           0x0800253a   Section        0  stm32f4xx_hal_uart.o(i.HAL_UARTEx_ReceiveToIdle_DMA)
    i.HAL_UARTEx_RxEventCallback             0x08002588   Section        0  chuankou.o(i.HAL_UARTEx_RxEventCallback)
    i.HAL_UART_ErrorCallback                 0x08002728   Section        0  stm32f4xx_hal_uart.o(i.HAL_UART_ErrorCallback)
    i.HAL_UART_IRQHandler                    0x0800272c   Section        0  stm32f4xx_hal_uart.o(i.HAL_UART_IRQHandler)
    i.HAL_UART_Init                          0x0800299c   Section        0  stm32f4xx_hal_uart.o(i.HAL_UART_Init)
    i.HAL_UART_MspInit                       0x08002a00   Section        0  usart.o(i.HAL_UART_MspInit)
    i.HAL_UART_RxCpltCallback                0x08002c14   Section        0  stm32f4xx_hal_uart.o(i.HAL_UART_RxCpltCallback)
    i.HAL_UART_RxHalfCpltCallback            0x08002c16   Section        0  stm32f4xx_hal_uart.o(i.HAL_UART_RxHalfCpltCallback)
    i.HAL_UART_Transmit                      0x08002c18   Section        0  stm32f4xx_hal_uart.o(i.HAL_UART_Transmit)
    i.HAL_UART_Transmit_DMA                  0x08002cb8   Section        0  stm32f4xx_hal_uart.o(i.HAL_UART_Transmit_DMA)
    i.HAL_UART_TxCpltCallback                0x08002d30   Section        0  stm32f4xx_hal_uart.o(i.HAL_UART_TxCpltCallback)
    i.HAL_UART_TxHalfCpltCallback            0x08002d32   Section        0  stm32f4xx_hal_uart.o(i.HAL_UART_TxHalfCpltCallback)
    i.HardFault_Handler                      0x08002d34   Section        0  stm32f4xx_it.o(i.HardFault_Handler)
    i.LCD_Address_Set                        0x08002d36   Section        0  lcd.o(i.LCD_Address_Set)
    i.LCD_DrawLine                           0x08002da0   Section        0  lcd.o(i.LCD_DrawLine)
    i.LCD_DrawPoint                          0x08002e3c   Section        0  lcd.o(i.LCD_DrawPoint)
    i.LCD_Fill                               0x08002e52   Section        0  lcd.o(i.LCD_Fill)
    i.LCD_GPIO_Init                          0x08002e90   Section        0  lcd_init.o(i.LCD_GPIO_Init)
    i.LCD_Init                               0x08002f0c   Section        0  lcd_init.o(i.LCD_Init)
    i.LCD_ShowChar                           0x08003228   Section        0  lcd.o(i.LCD_ShowChar)
    i.LCD_ShowFloatNum1                      0x08003334   Section        0  lcd.o(i.LCD_ShowFloatNum1)
    i.LCD_ShowIntNum                         0x080033cc   Section        0  lcd.o(i.LCD_ShowIntNum)
    i.LCD_ShowString                         0x0800344a   Section        0  lcd.o(i.LCD_ShowString)
    i.LCD_WR_DATA                            0x08003484   Section        0  lcd_init.o(i.LCD_WR_DATA)
    i.LCD_WR_DATA8                           0x08003498   Section        0  lcd_init.o(i.LCD_WR_DATA8)
    i.LCD_WR_REG                             0x0800349c   Section        0  lcd_init.o(i.LCD_WR_REG)
    i.LCD_Writ_Bus                           0x080034c4   Section        0  lcd_init.o(i.LCD_Writ_Bus)
    i.LCD_show                               0x08003568   Section        0  lcd.o(i.LCD_show)
    i.MX_DMA_Init                            0x080039c0   Section        0  dma.o(i.MX_DMA_Init)
    i.MX_GPIO_Init                           0x08003a2c   Section        0  gpio.o(i.MX_GPIO_Init)
    i.MX_TIM10_Init                          0x08003ae4   Section        0  tim.o(i.MX_TIM10_Init)
    i.MX_TIM11_Init                          0x08003b4c   Section        0  tim.o(i.MX_TIM11_Init)
    i.MX_TIM13_Init                          0x08003bb4   Section        0  tim.o(i.MX_TIM13_Init)
    i.MX_TIM14_Init                          0x08003c1c   Section        0  tim.o(i.MX_TIM14_Init)
    i.MX_TIM1_Init                           0x08003c80   Section        0  tim.o(i.MX_TIM1_Init)
    i.MX_TIM2_Init                           0x08003cec   Section        0  tim.o(i.MX_TIM2_Init)
    i.MX_TIM3_Init                           0x08003d50   Section        0  tim.o(i.MX_TIM3_Init)
    i.MX_TIM4_Init                           0x08003db8   Section        0  tim.o(i.MX_TIM4_Init)
    i.MX_TIM6_Init                           0x08003e20   Section        0  tim.o(i.MX_TIM6_Init)
    i.MX_TIM7_Init                           0x08003e64   Section        0  tim.o(i.MX_TIM7_Init)
    i.MX_TIM8_Init                           0x08003ea8   Section        0  tim.o(i.MX_TIM8_Init)
    i.MX_UART4_Init                          0x08003fac   Section        0  usart.o(i.MX_UART4_Init)
    i.MX_USART1_UART_Init                    0x08003fe4   Section        0  usart.o(i.MX_USART1_UART_Init)
    i.MX_USART2_UART_Init                    0x0800401c   Section        0  usart.o(i.MX_USART2_UART_Init)
    i.MX_USART3_UART_Init                    0x08004054   Section        0  usart.o(i.MX_USART3_UART_Init)
    i.MemManage_Handler                      0x0800408c   Section        0  stm32f4xx_it.o(i.MemManage_Handler)
    i.NMI_Handler                            0x0800408e   Section        0  stm32f4xx_it.o(i.NMI_Handler)
    i.PID_servo1                             0x08004090   Section        0  pid.o(i.PID_servo1)
    i.PID_servo2                             0x0800414c   Section        0  pid.o(i.PID_servo2)
    i.PendSV_Handler                         0x08004208   Section        0  stm32f4xx_it.o(i.PendSV_Handler)
    i.SVC_Handler                            0x0800420a   Section        0  stm32f4xx_it.o(i.SVC_Handler)
    i.SysTick_Handler                        0x0800420c   Section        0  stm32f4xx_it.o(i.SysTick_Handler)
    i.SystemClock_Config                     0x08004294   Section        0  main.o(i.SystemClock_Config)
    i.SystemInit                             0x08004328   Section        0  system_stm32f4xx.o(i.SystemInit)
    i.TIM6_DAC_IRQHandler                    0x08004338   Section        0  stm32f4xx_it.o(i.TIM6_DAC_IRQHandler)
    i.TIM7_IRQHandler                        0x08004344   Section        0  stm32f4xx_it.o(i.TIM7_IRQHandler)
    i.TIM_Base_SetConfig                     0x08004350   Section        0  stm32f4xx_hal_tim.o(i.TIM_Base_SetConfig)
    i.TIM_CCxChannelCmd                      0x08004428   Section        0  stm32f4xx_hal_tim.o(i.TIM_CCxChannelCmd)
    i.TIM_ETR_SetConfig                      0x08004442   Section        0  stm32f4xx_hal_tim.o(i.TIM_ETR_SetConfig)
    i.TIM_ITRx_SetConfig                     0x08004456   Section        0  stm32f4xx_hal_tim.o(i.TIM_ITRx_SetConfig)
    TIM_ITRx_SetConfig                       0x08004457   Thumb Code    16  stm32f4xx_hal_tim.o(i.TIM_ITRx_SetConfig)
    i.TIM_OC1_SetConfig                      0x08004468   Section        0  stm32f4xx_hal_tim.o(i.TIM_OC1_SetConfig)
    TIM_OC1_SetConfig                        0x08004469   Thumb Code    88  stm32f4xx_hal_tim.o(i.TIM_OC1_SetConfig)
    i.TIM_OC2_SetConfig                      0x080044c8   Section        0  stm32f4xx_hal_tim.o(i.TIM_OC2_SetConfig)
    i.TIM_OC3_SetConfig                      0x08004534   Section        0  stm32f4xx_hal_tim.o(i.TIM_OC3_SetConfig)
    TIM_OC3_SetConfig                        0x08004535   Thumb Code    96  stm32f4xx_hal_tim.o(i.TIM_OC3_SetConfig)
    i.TIM_OC4_SetConfig                      0x0800459c   Section        0  stm32f4xx_hal_tim.o(i.TIM_OC4_SetConfig)
    TIM_OC4_SetConfig                        0x0800459d   Thumb Code    70  stm32f4xx_hal_tim.o(i.TIM_OC4_SetConfig)
    i.TIM_TI1_ConfigInputStage               0x080045ec   Section        0  stm32f4xx_hal_tim.o(i.TIM_TI1_ConfigInputStage)
    TIM_TI1_ConfigInputStage                 0x080045ed   Thumb Code    34  stm32f4xx_hal_tim.o(i.TIM_TI1_ConfigInputStage)
    i.TIM_TI2_ConfigInputStage               0x0800460e   Section        0  stm32f4xx_hal_tim.o(i.TIM_TI2_ConfigInputStage)
    TIM_TI2_ConfigInputStage                 0x0800460f   Thumb Code    36  stm32f4xx_hal_tim.o(i.TIM_TI2_ConfigInputStage)
    i.UART_DMAAbortOnError                   0x08004632   Section        0  stm32f4xx_hal_uart.o(i.UART_DMAAbortOnError)
    UART_DMAAbortOnError                     0x08004633   Thumb Code    16  stm32f4xx_hal_uart.o(i.UART_DMAAbortOnError)
    i.UART_DMAError                          0x08004642   Section        0  stm32f4xx_hal_uart.o(i.UART_DMAError)
    UART_DMAError                            0x08004643   Thumb Code    74  stm32f4xx_hal_uart.o(i.UART_DMAError)
    i.UART_DMAReceiveCplt                    0x0800468c   Section        0  stm32f4xx_hal_uart.o(i.UART_DMAReceiveCplt)
    UART_DMAReceiveCplt                      0x0800468d   Thumb Code   134  stm32f4xx_hal_uart.o(i.UART_DMAReceiveCplt)
    i.UART_DMARxHalfCplt                     0x08004712   Section        0  stm32f4xx_hal_uart.o(i.UART_DMARxHalfCplt)
    UART_DMARxHalfCplt                       0x08004713   Thumb Code    30  stm32f4xx_hal_uart.o(i.UART_DMARxHalfCplt)
    i.UART_DMATransmitCplt                   0x08004730   Section        0  stm32f4xx_hal_uart.o(i.UART_DMATransmitCplt)
    UART_DMATransmitCplt                     0x08004731   Thumb Code    66  stm32f4xx_hal_uart.o(i.UART_DMATransmitCplt)
    i.UART_DMATxHalfCplt                     0x08004772   Section        0  stm32f4xx_hal_uart.o(i.UART_DMATxHalfCplt)
    UART_DMATxHalfCplt                       0x08004773   Thumb Code    10  stm32f4xx_hal_uart.o(i.UART_DMATxHalfCplt)
    i.UART_EndRxTransfer                     0x0800477c   Section        0  stm32f4xx_hal_uart.o(i.UART_EndRxTransfer)
    UART_EndRxTransfer                       0x0800477d   Thumb Code    78  stm32f4xx_hal_uart.o(i.UART_EndRxTransfer)
    i.UART_EndTxTransfer                     0x080047ca   Section        0  stm32f4xx_hal_uart.o(i.UART_EndTxTransfer)
    UART_EndTxTransfer                       0x080047cb   Thumb Code    28  stm32f4xx_hal_uart.o(i.UART_EndTxTransfer)
    i.UART_Receive_IT                        0x080047e6   Section        0  stm32f4xx_hal_uart.o(i.UART_Receive_IT)
    UART_Receive_IT                          0x080047e7   Thumb Code   194  stm32f4xx_hal_uart.o(i.UART_Receive_IT)
    i.UART_SetConfig                         0x080048a8   Section        0  stm32f4xx_hal_uart.o(i.UART_SetConfig)
    UART_SetConfig                           0x080048a9   Thumb Code   258  stm32f4xx_hal_uart.o(i.UART_SetConfig)
    i.UART_Start_Receive_DMA                 0x080049b4   Section        0  stm32f4xx_hal_uart.o(i.UART_Start_Receive_DMA)
    i.UART_WaitOnFlagUntilTimeout            0x08004a44   Section        0  stm32f4xx_hal_uart.o(i.UART_WaitOnFlagUntilTimeout)
    UART_WaitOnFlagUntilTimeout              0x08004a45   Thumb Code   114  stm32f4xx_hal_uart.o(i.UART_WaitOnFlagUntilTimeout)
    i.USART2_IRQHandler                      0x08004ab8   Section        0  stm32f4xx_it.o(i.USART2_IRQHandler)
    i.UsageFault_Handler                     0x08004ac4   Section        0  stm32f4xx_it.o(i.UsageFault_Handler)
    i.__0sprintf$1                           0x08004ac8   Section        0  printf1.o(i.__0sprintf$1)
    i.__NVIC_SetPriority                     0x08004af0   Section        0  stm32f4xx_hal_cortex.o(i.__NVIC_SetPriority)
    __NVIC_SetPriority                       0x08004af1   Thumb Code    32  stm32f4xx_hal_cortex.o(i.__NVIC_SetPriority)
    i.__aeabi_errno_addr                     0x08004b10   Section        0  errno.o(i.__aeabi_errno_addr)
    i.__scatterload_copy                     0x08004b18   Section       14  handlers.o(i.__scatterload_copy)
    i.__scatterload_null                     0x08004b26   Section        2  handlers.o(i.__scatterload_null)
    i.__scatterload_zeroinit                 0x08004b28   Section       14  handlers.o(i.__scatterload_zeroinit)
    i._printf_core                           0x08004b38   Section        0  printf1.o(i._printf_core)
    _printf_core                             0x08004b39   Thumb Code   336  printf1.o(i._printf_core)
    i._sputc                                 0x08004c8c   Section        0  printf1.o(i._sputc)
    _sputc                                   0x08004c8d   Thumb Code    10  printf1.o(i._sputc)
    i.cal_mid                                0x08004c96   Section        0  image.o(i.cal_mid)
    i.chuankou_init                          0x08004c9c   Section        0  chuankou.o(i.chuankou_init)
    i.control_A                              0x08004cdc   Section        0  control.o(i.control_A)
    i.control_AB_X                           0x08004d04   Section        0  control.o(i.control_AB_X)
    i.control_AB_Y                           0x08004d50   Section        0  control.o(i.control_AB_Y)
    i.control_A_B                            0x08004d7c   Section        0  control.o(i.control_A_B)
    i.control_mid                            0x08004d8c   Section        0  control.o(i.control_mid)
    i.flash_buffer_clear                     0x08004da4   Section        0  flash.o(i.flash_buffer_clear)
    i.flash_get_buffer_PID                   0x08004db4   Section        0  flash.o(i.flash_get_buffer_PID)
    i.flash_set_buffer_PID                   0x08004dfc   Section        0  flash.o(i.flash_set_buffer_PID)
    i.init_pid_parameters                    0x08004ea4   Section        0  pid.o(i.init_pid_parameters)
    i.is_valid_param                         0x08004f58   Section        0  pid.o(i.is_valid_param)
    i.key_function                           0x08004f6c   Section        0  key.o(i.key_function)
    i.key_scan                               0x08005240   Section        0  key.o(i.key_scan)
    i.key_start                              0x080052e0   Section        0  key.o(i.key_start)
    i.main                                   0x080052ec   Section        0  main.o(i.main)
    i.mypow                                  0x08005440   Section        0  lcd.o(i.mypow)
    i.pid_cal                                0x08005450   Section        0  pid.o(i.pid_cal)
    i.pid_init                               0x080054fa   Section        0  pid.o(i.pid_init)
    i.safe_parse_int                         0x08005504   Section        0  chuankou.o(i.safe_parse_int)
    i.saveThePidParameter                    0x08005560   Section        0  pid.o(i.saveThePidParameter)
    i.scale_480_to_128                       0x080055d4   Section        0  image.o(i.scale_480_to_128)
    i.servo_init                             0x08005608   Section        0  servo.o(i.servo_init)
    i.set_servo                              0x08005620   Section        0  servo.o(i.set_servo)
    i.uart_R_start                           0x08005640   Section        0  uart.o(i.uart_R_start)
    .constdata                               0x08005654   Section        8  stm32f4xx_hal_dma.o(.constdata)
    flagBitshiftOffset                       0x08005654   Data           8  stm32f4xx_hal_dma.o(.constdata)
    .constdata                               0x0800565c   Section       16  system_stm32f4xx.o(.constdata)
    .constdata                               0x0800566c   Section        8  system_stm32f4xx.o(.constdata)
    .constdata                               0x08005674   Section    14620  lcd.o(.constdata)
    .constdata                               0x08008f90   Section      129  ctype_o.o(.constdata)
    .constdata                               0x08009014   Section        4  ctype_o.o(.constdata)
    table                                    0x08009014   Data           4  ctype_o.o(.constdata)
    .data                                    0x20000000   Section        2  main.o(.data)
    .data                                    0x20000002   Section        1  main.o(.data)
    .data                                    0x20000004   Section        6  stm32f4xx_it.o(.data)
    .data                                    0x2000000c   Section       12  stm32f4xx_hal.o(.data)
    .data                                    0x20000018   Section        4  system_stm32f4xx.o(.data)
    .data                                    0x2000001c   Section        2  key.o(.data)
    .data                                    0x20000020   Section       24  pid.o(.data)
    .data                                    0x20000038   Section        1  chuankou.o(.data)
    .data                                    0x2000003a   Section        8  control.o(.data)
    .data                                    0x20000044   Section        4  errno.o(.data)
    _errno                                   0x20000044   Data           4  errno.o(.data)
    .bss                                     0x20000048   Section      792  tim.o(.bss)
    .bss                                     0x20000360   Section      672  usart.o(.bss)
    .bss                                     0x20000600   Section       32  stm32f4xx_hal_flash.o(.bss)
    .bss                                     0x20000620   Section       60  key.o(.bss)
    str                                      0x20000620   Data          20  key.o(.bss)
    str                                      0x20000634   Data          20  key.o(.bss)
    .bss                                     0x2000065c   Section     4096  flash.o(.bss)
    .bss                                     0x2000165c   Section      104  pid.o(.bss)
    .bss                                     0x200016c4   Section      240  chuankou.o(.bss)
    .bss                                     0x200017b4   Section     1920  image.o(.bss)
    .bss                                     0x20001f34   Section     1920  image.o(.bss)
    .bss                                     0x200026b4   Section     1280  image.o(.bss)
    .bss                                     0x20002bb4   Section     1280  image.o(.bss)
    STACK                                    0x200030b8   Section     1024  startup_stm32f407xx.o(STACK)

    Global Symbols

    Symbol Name                              Value     Ov Type        Size  Object(Section)

    BuildAttributes$$THM_ISAv4$E$P$D$K$B$S$7EM$VFPi3$EXTD16$VFPS$VFMA$PE$A:L22UL41UL21$X:L11$S22US41US21$IEEE1$IW$USESV6$~STKCKD$USESV7$~SHL$OTIME$ROPI$EBA8$MICROLIB$REQ8$PRES8$EABIv2 0x00000000   Number         0  anon$$obj.o ABSOLUTE
    __ARM_use_no_argv                        0x00000000   Number         0  main.o ABSOLUTE
    _printf_a                                0x00000000   Number         0  stubs.o ABSOLUTE
    _printf_c                                0x00000000   Number         0  stubs.o ABSOLUTE
    _printf_charcount                        0x00000000   Number         0  stubs.o ABSOLUTE
    _printf_d                                0x00000000   Number         0  stubs.o ABSOLUTE
    _printf_e                                0x00000000   Number         0  stubs.o ABSOLUTE
    _printf_f                                0x00000000   Number         0  stubs.o ABSOLUTE
    _printf_flags                            0x00000000   Number         0  stubs.o ABSOLUTE
    _printf_fp_dec                           0x00000000   Number         0  stubs.o ABSOLUTE
    _printf_fp_hex                           0x00000000   Number         0  stubs.o ABSOLUTE
    _printf_g                                0x00000000   Number         0  stubs.o ABSOLUTE
    _printf_i                                0x00000000   Number         0  stubs.o ABSOLUTE
    _printf_int_dec                          0x00000000   Number         0  stubs.o ABSOLUTE
    _printf_l                                0x00000000   Number         0  stubs.o ABSOLUTE
    _printf_lc                               0x00000000   Number         0  stubs.o ABSOLUTE
    _printf_ll                               0x00000000   Number         0  stubs.o ABSOLUTE
    _printf_lld                              0x00000000   Number         0  stubs.o ABSOLUTE
    _printf_lli                              0x00000000   Number         0  stubs.o ABSOLUTE
    _printf_llo                              0x00000000   Number         0  stubs.o ABSOLUTE
    _printf_llu                              0x00000000   Number         0  stubs.o ABSOLUTE
    _printf_llx                              0x00000000   Number         0  stubs.o ABSOLUTE
    _printf_longlong_dec                     0x00000000   Number         0  stubs.o ABSOLUTE
    _printf_longlong_hex                     0x00000000   Number         0  stubs.o ABSOLUTE
    _printf_longlong_oct                     0x00000000   Number         0  stubs.o ABSOLUTE
    _printf_ls                               0x00000000   Number         0  stubs.o ABSOLUTE
    _printf_mbtowc                           0x00000000   Number         0  stubs.o ABSOLUTE
    _printf_n                                0x00000000   Number         0  stubs.o ABSOLUTE
    _printf_o                                0x00000000   Number         0  stubs.o ABSOLUTE
    _printf_p                                0x00000000   Number         0  stubs.o ABSOLUTE
    _printf_percent                          0x00000000   Number         0  stubs.o ABSOLUTE
    _printf_pre_padding                      0x00000000   Number         0  stubs.o ABSOLUTE
    _printf_return_value                     0x00000000   Number         0  stubs.o ABSOLUTE
    _printf_s                                0x00000000   Number         0  stubs.o ABSOLUTE
    _printf_sizespec                         0x00000000   Number         0  stubs.o ABSOLUTE
    _printf_str                              0x00000000   Number         0  stubs.o ABSOLUTE
    _printf_truncate_signed                  0x00000000   Number         0  stubs.o ABSOLUTE
    _printf_truncate_unsigned                0x00000000   Number         0  stubs.o ABSOLUTE
    _printf_u                                0x00000000   Number         0  stubs.o ABSOLUTE
    _printf_wc                               0x00000000   Number         0  stubs.o ABSOLUTE
    _printf_wctomb                           0x00000000   Number         0  stubs.o ABSOLUTE
    _printf_widthprec                        0x00000000   Number         0  stubs.o ABSOLUTE
    _printf_x                                0x00000000   Number         0  stubs.o ABSOLUTE
    __arm_fini_                               - Undefined Weak Reference
    __cpp_initialize__aeabi_                  - Undefined Weak Reference
    __cxa_finalize                            - Undefined Weak Reference
    __decompress                              - Undefined Weak Reference
    _clock_init                               - Undefined Weak Reference
    _microlib_exit                            - Undefined Weak Reference
    __Vectors_Size                           0x00000188   Number         0  startup_stm32f407xx.o ABSOLUTE
    __Vectors                                0x08000000   Data           4  startup_stm32f407xx.o(RESET)
    __Vectors_End                            0x08000188   Data           0  startup_stm32f407xx.o(RESET)
    __main                                   0x08000189   Thumb Code     0  entry.o(.ARM.Collect$$$$00000000)
    _main_stk                                0x08000189   Thumb Code     0  entry2.o(.ARM.Collect$$$$00000001)
    _main_scatterload                        0x0800018d   Thumb Code     0  entry5.o(.ARM.Collect$$$$00000004)
    __main_after_scatterload                 0x08000191   Thumb Code     0  entry5.o(.ARM.Collect$$$$00000004)
    _main_clock                              0x08000191   Thumb Code     0  entry7b.o(.ARM.Collect$$$$00000008)
    _main_cpp_init                           0x08000191   Thumb Code     0  entry8b.o(.ARM.Collect$$$$0000000A)
    _main_init                               0x08000191   Thumb Code     0  entry9a.o(.ARM.Collect$$$$0000000B)
    __rt_lib_shutdown_fini                   0x08000199   Thumb Code     0  entry12b.o(.ARM.Collect$$$$0000000E)
    __rt_final_cpp                           0x0800019d   Thumb Code     0  entry10a.o(.ARM.Collect$$$$0000000F)
    __rt_final_exit                          0x0800019d   Thumb Code     0  entry11a.o(.ARM.Collect$$$$00000011)
    Reset_Handler                            0x080001a1   Thumb Code     8  startup_stm32f407xx.o(.text)
    ADC_IRQHandler                           0x080001bb   Thumb Code     0  startup_stm32f407xx.o(.text)
    CAN1_RX0_IRQHandler                      0x080001bb   Thumb Code     0  startup_stm32f407xx.o(.text)
    CAN1_RX1_IRQHandler                      0x080001bb   Thumb Code     0  startup_stm32f407xx.o(.text)
    CAN1_SCE_IRQHandler                      0x080001bb   Thumb Code     0  startup_stm32f407xx.o(.text)
    CAN1_TX_IRQHandler                       0x080001bb   Thumb Code     0  startup_stm32f407xx.o(.text)
    CAN2_RX0_IRQHandler                      0x080001bb   Thumb Code     0  startup_stm32f407xx.o(.text)
    CAN2_RX1_IRQHandler                      0x080001bb   Thumb Code     0  startup_stm32f407xx.o(.text)
    CAN2_SCE_IRQHandler                      0x080001bb   Thumb Code     0  startup_stm32f407xx.o(.text)
    CAN2_TX_IRQHandler                       0x080001bb   Thumb Code     0  startup_stm32f407xx.o(.text)
    DCMI_IRQHandler                          0x080001bb   Thumb Code     0  startup_stm32f407xx.o(.text)
    DMA1_Stream0_IRQHandler                  0x080001bb   Thumb Code     0  startup_stm32f407xx.o(.text)
    DMA1_Stream1_IRQHandler                  0x080001bb   Thumb Code     0  startup_stm32f407xx.o(.text)
    DMA1_Stream2_IRQHandler                  0x080001bb   Thumb Code     0  startup_stm32f407xx.o(.text)
    DMA1_Stream3_IRQHandler                  0x080001bb   Thumb Code     0  startup_stm32f407xx.o(.text)
    DMA1_Stream4_IRQHandler                  0x080001bb   Thumb Code     0  startup_stm32f407xx.o(.text)
    DMA1_Stream7_IRQHandler                  0x080001bb   Thumb Code     0  startup_stm32f407xx.o(.text)
    DMA2_Stream0_IRQHandler                  0x080001bb   Thumb Code     0  startup_stm32f407xx.o(.text)
    DMA2_Stream1_IRQHandler                  0x080001bb   Thumb Code     0  startup_stm32f407xx.o(.text)
    DMA2_Stream3_IRQHandler                  0x080001bb   Thumb Code     0  startup_stm32f407xx.o(.text)
    DMA2_Stream4_IRQHandler                  0x080001bb   Thumb Code     0  startup_stm32f407xx.o(.text)
    DMA2_Stream5_IRQHandler                  0x080001bb   Thumb Code     0  startup_stm32f407xx.o(.text)
    DMA2_Stream6_IRQHandler                  0x080001bb   Thumb Code     0  startup_stm32f407xx.o(.text)
    ETH_IRQHandler                           0x080001bb   Thumb Code     0  startup_stm32f407xx.o(.text)
    ETH_WKUP_IRQHandler                      0x080001bb   Thumb Code     0  startup_stm32f407xx.o(.text)
    EXTI0_IRQHandler                         0x080001bb   Thumb Code     0  startup_stm32f407xx.o(.text)
    EXTI15_10_IRQHandler                     0x080001bb   Thumb Code     0  startup_stm32f407xx.o(.text)
    EXTI1_IRQHandler                         0x080001bb   Thumb Code     0  startup_stm32f407xx.o(.text)
    EXTI2_IRQHandler                         0x080001bb   Thumb Code     0  startup_stm32f407xx.o(.text)
    EXTI3_IRQHandler                         0x080001bb   Thumb Code     0  startup_stm32f407xx.o(.text)
    EXTI4_IRQHandler                         0x080001bb   Thumb Code     0  startup_stm32f407xx.o(.text)
    EXTI9_5_IRQHandler                       0x080001bb   Thumb Code     0  startup_stm32f407xx.o(.text)
    FLASH_IRQHandler                         0x080001bb   Thumb Code     0  startup_stm32f407xx.o(.text)
    FMC_IRQHandler                           0x080001bb   Thumb Code     0  startup_stm32f407xx.o(.text)
    FPU_IRQHandler                           0x080001bb   Thumb Code     0  startup_stm32f407xx.o(.text)
    HASH_RNG_IRQHandler                      0x080001bb   Thumb Code     0  startup_stm32f407xx.o(.text)
    I2C1_ER_IRQHandler                       0x080001bb   Thumb Code     0  startup_stm32f407xx.o(.text)
    I2C1_EV_IRQHandler                       0x080001bb   Thumb Code     0  startup_stm32f407xx.o(.text)
    I2C2_ER_IRQHandler                       0x080001bb   Thumb Code     0  startup_stm32f407xx.o(.text)
    I2C2_EV_IRQHandler                       0x080001bb   Thumb Code     0  startup_stm32f407xx.o(.text)
    I2C3_ER_IRQHandler                       0x080001bb   Thumb Code     0  startup_stm32f407xx.o(.text)
    I2C3_EV_IRQHandler                       0x080001bb   Thumb Code     0  startup_stm32f407xx.o(.text)
    OTG_FS_IRQHandler                        0x080001bb   Thumb Code     0  startup_stm32f407xx.o(.text)
    OTG_FS_WKUP_IRQHandler                   0x080001bb   Thumb Code     0  startup_stm32f407xx.o(.text)
    OTG_HS_EP1_IN_IRQHandler                 0x080001bb   Thumb Code     0  startup_stm32f407xx.o(.text)
    OTG_HS_EP1_OUT_IRQHandler                0x080001bb   Thumb Code     0  startup_stm32f407xx.o(.text)
    OTG_HS_IRQHandler                        0x080001bb   Thumb Code     0  startup_stm32f407xx.o(.text)
    OTG_HS_WKUP_IRQHandler                   0x080001bb   Thumb Code     0  startup_stm32f407xx.o(.text)
    PVD_IRQHandler                           0x080001bb   Thumb Code     0  startup_stm32f407xx.o(.text)
    RCC_IRQHandler                           0x080001bb   Thumb Code     0  startup_stm32f407xx.o(.text)
    RTC_Alarm_IRQHandler                     0x080001bb   Thumb Code     0  startup_stm32f407xx.o(.text)
    RTC_WKUP_IRQHandler                      0x080001bb   Thumb Code     0  startup_stm32f407xx.o(.text)
    SDIO_IRQHandler                          0x080001bb   Thumb Code     0  startup_stm32f407xx.o(.text)
    SPI1_IRQHandler                          0x080001bb   Thumb Code     0  startup_stm32f407xx.o(.text)
    SPI2_IRQHandler                          0x080001bb   Thumb Code     0  startup_stm32f407xx.o(.text)
    SPI3_IRQHandler                          0x080001bb   Thumb Code     0  startup_stm32f407xx.o(.text)
    TAMP_STAMP_IRQHandler                    0x080001bb   Thumb Code     0  startup_stm32f407xx.o(.text)
    TIM1_BRK_TIM9_IRQHandler                 0x080001bb   Thumb Code     0  startup_stm32f407xx.o(.text)
    TIM1_CC_IRQHandler                       0x080001bb   Thumb Code     0  startup_stm32f407xx.o(.text)
    TIM1_TRG_COM_TIM11_IRQHandler            0x080001bb   Thumb Code     0  startup_stm32f407xx.o(.text)
    TIM1_UP_TIM10_IRQHandler                 0x080001bb   Thumb Code     0  startup_stm32f407xx.o(.text)
    TIM2_IRQHandler                          0x080001bb   Thumb Code     0  startup_stm32f407xx.o(.text)
    TIM3_IRQHandler                          0x080001bb   Thumb Code     0  startup_stm32f407xx.o(.text)
    TIM4_IRQHandler                          0x080001bb   Thumb Code     0  startup_stm32f407xx.o(.text)
    TIM5_IRQHandler                          0x080001bb   Thumb Code     0  startup_stm32f407xx.o(.text)
    TIM8_BRK_TIM12_IRQHandler                0x080001bb   Thumb Code     0  startup_stm32f407xx.o(.text)
    TIM8_CC_IRQHandler                       0x080001bb   Thumb Code     0  startup_stm32f407xx.o(.text)
    TIM8_TRG_COM_TIM14_IRQHandler            0x080001bb   Thumb Code     0  startup_stm32f407xx.o(.text)
    TIM8_UP_TIM13_IRQHandler                 0x080001bb   Thumb Code     0  startup_stm32f407xx.o(.text)
    UART4_IRQHandler                         0x080001bb   Thumb Code     0  startup_stm32f407xx.o(.text)
    UART5_IRQHandler                         0x080001bb   Thumb Code     0  startup_stm32f407xx.o(.text)
    USART1_IRQHandler                        0x080001bb   Thumb Code     0  startup_stm32f407xx.o(.text)
    USART3_IRQHandler                        0x080001bb   Thumb Code     0  startup_stm32f407xx.o(.text)
    USART6_IRQHandler                        0x080001bb   Thumb Code     0  startup_stm32f407xx.o(.text)
    WWDG_IRQHandler                          0x080001bb   Thumb Code     0  startup_stm32f407xx.o(.text)
    __aeabi_uldivmod                         0x080001c5   Thumb Code    98  uldiv.o(.text)
    __aeabi_memcpy                           0x08000227   Thumb Code    36  memcpya.o(.text)
    __aeabi_memcpy4                          0x08000227   Thumb Code     0  memcpya.o(.text)
    __aeabi_memcpy8                          0x08000227   Thumb Code     0  memcpya.o(.text)
    __aeabi_memset                           0x0800024b   Thumb Code    14  memseta.o(.text)
    __aeabi_memset4                          0x0800024b   Thumb Code     0  memseta.o(.text)
    __aeabi_memset8                          0x0800024b   Thumb Code     0  memseta.o(.text)
    __aeabi_memclr                           0x08000259   Thumb Code     4  memseta.o(.text)
    __aeabi_memclr4                          0x08000259   Thumb Code     0  memseta.o(.text)
    __aeabi_memclr8                          0x08000259   Thumb Code     0  memseta.o(.text)
    _memset$wrapper                          0x0800025d   Thumb Code    18  memseta.o(.text)
    strstr                                   0x0800026f   Thumb Code    36  strstr.o(.text)
    strchr                                   0x08000293   Thumb Code    20  strchr.o(.text)
    strlen                                   0x080002a7   Thumb Code    14  strlen.o(.text)
    strncmp                                  0x080002b5   Thumb Code    30  strncmp.o(.text)
    strtol                                   0x080002d3   Thumb Code   112  strtol.o(.text)
    __aeabi_dadd                             0x08000343   Thumb Code   322  dadd.o(.text)
    __aeabi_dsub                             0x08000485   Thumb Code     6  dadd.o(.text)
    __aeabi_drsub                            0x0800048b   Thumb Code     6  dadd.o(.text)
    __aeabi_f2d                              0x08000491   Thumb Code    38  f2d.o(.text)
    __aeabi_d2f                              0x080004b7   Thumb Code    56  d2f.o(.text)
    __aeabi_uidiv                            0x080004ef   Thumb Code     0  uidiv.o(.text)
    __aeabi_uidivmod                         0x080004ef   Thumb Code    44  uidiv.o(.text)
    __aeabi_llsl                             0x0800051b   Thumb Code    30  llshl.o(.text)
    _ll_shift_l                              0x0800051b   Thumb Code     0  llshl.o(.text)
    __aeabi_llsr                             0x08000539   Thumb Code    32  llushr.o(.text)
    _ll_ushift_r                             0x08000539   Thumb Code     0  llushr.o(.text)
    __aeabi_lasr                             0x08000559   Thumb Code    36  llsshr.o(.text)
    _ll_sshift_r                             0x08000559   Thumb Code     0  llsshr.o(.text)
    __rt_ctype_table                         0x0800057d   Thumb Code     4  ctype_o.o(.text)
    _strtoul                                 0x08000585   Thumb Code   158  _strtoul.o(.text)
    __I$use$fp                               0x08000623   Thumb Code     0  iusefp.o(.text)
    _float_round                             0x08000623   Thumb Code    18  fepilogue.o(.text)
    _float_epilogue                          0x08000635   Thumb Code    92  fepilogue.o(.text)
    _double_round                            0x08000691   Thumb Code    30  depilogue.o(.text)
    _double_epilogue                         0x080006af   Thumb Code   156  depilogue.o(.text)
    __scatterload                            0x0800074d   Thumb Code    28  init.o(.text)
    __scatterload_rt2                        0x0800074d   Thumb Code     0  init.o(.text)
    _chval                                   0x08000771   Thumb Code    28  _chval.o(.text)
    All_init                                 0x0800078d   Thumb Code   252  all_init.o(i.All_init)
    BusFault_Handler                         0x08000891   Thumb Code     2  stm32f4xx_it.o(i.BusFault_Handler)
    DMA1_Stream5_IRQHandler                  0x08000895   Thumb Code     6  stm32f4xx_it.o(i.DMA1_Stream5_IRQHandler)
    DMA1_Stream6_IRQHandler                  0x080008a1   Thumb Code     6  stm32f4xx_it.o(i.DMA1_Stream6_IRQHandler)
    DMA2_Stream2_IRQHandler                  0x080008ad   Thumb Code     6  stm32f4xx_it.o(i.DMA2_Stream2_IRQHandler)
    DMA2_Stream7_IRQHandler                  0x080008b9   Thumb Code     6  stm32f4xx_it.o(i.DMA2_Stream7_IRQHandler)
    DebugMon_Handler                         0x08000969   Thumb Code     2  stm32f4xx_it.o(i.DebugMon_Handler)
    Error_Handler                            0x0800096b   Thumb Code     4  main.o(i.Error_Handler)
    FLASH_Erase_Sector                       0x08000971   Thumb Code    74  stm32f4xx_hal_flash_ex.o(i.FLASH_Erase_Sector)
    FLASH_FlushCaches                        0x080009c1   Thumb Code    80  stm32f4xx_hal_flash_ex.o(i.FLASH_FlushCaches)
    FLASH_WaitForLastOperation               0x08000b39   Thumb Code    72  stm32f4xx_hal_flash.o(i.FLASH_WaitForLastOperation)
    Fill_XLine                               0x08000b89   Thumb Code   208  image.o(i.Fill_XLine)
    Fill_YLine                               0x08000c59   Thumb Code   204  image.o(i.Fill_YLine)
    HAL_DMA_Abort                            0x08000d25   Thumb Code   146  stm32f4xx_hal_dma.o(i.HAL_DMA_Abort)
    HAL_DMA_Abort_IT                         0x08000db7   Thumb Code    36  stm32f4xx_hal_dma.o(i.HAL_DMA_Abort_IT)
    HAL_DMA_IRQHandler                       0x08000ddd   Thumb Code   412  stm32f4xx_hal_dma.o(i.HAL_DMA_IRQHandler)
    HAL_DMA_Init                             0x08000f7d   Thumb Code   206  stm32f4xx_hal_dma.o(i.HAL_DMA_Init)
    HAL_DMA_Start_IT                         0x08001051   Thumb Code   110  stm32f4xx_hal_dma.o(i.HAL_DMA_Start_IT)
    HAL_Delay                                0x080010c1   Thumb Code    32  stm32f4xx_hal.o(i.HAL_Delay)
    HAL_FLASHEx_Erase                        0x080010e5   Thumb Code   144  stm32f4xx_hal_flash_ex.o(i.HAL_FLASHEx_Erase)
    HAL_FLASH_Lock                           0x0800117d   Thumb Code    14  stm32f4xx_hal_flash.o(i.HAL_FLASH_Lock)
    HAL_FLASH_Program                        0x08001191   Thumb Code   116  stm32f4xx_hal_flash.o(i.HAL_FLASH_Program)
    HAL_FLASH_Unlock                         0x0800120d   Thumb Code    32  stm32f4xx_hal_flash.o(i.HAL_FLASH_Unlock)
    HAL_GPIO_Init                            0x08001239   Thumb Code   450  stm32f4xx_hal_gpio.o(i.HAL_GPIO_Init)
    HAL_GPIO_ReadPin                         0x08001429   Thumb Code    10  stm32f4xx_hal_gpio.o(i.HAL_GPIO_ReadPin)
    HAL_GPIO_WritePin                        0x08001433   Thumb Code    10  stm32f4xx_hal_gpio.o(i.HAL_GPIO_WritePin)
    HAL_GetTick                              0x0800143d   Thumb Code     6  stm32f4xx_hal.o(i.HAL_GetTick)
    HAL_IncTick                              0x08001449   Thumb Code    12  stm32f4xx_hal.o(i.HAL_IncTick)
    HAL_Init                                 0x08001459   Thumb Code    48  stm32f4xx_hal.o(i.HAL_Init)
    HAL_InitTick                             0x0800148d   Thumb Code    54  stm32f4xx_hal.o(i.HAL_InitTick)
    HAL_MspInit                              0x080014cd   Thumb Code    42  stm32f4xx_hal_msp.o(i.HAL_MspInit)
    HAL_NVIC_EnableIRQ                       0x080014fd   Thumb Code    26  stm32f4xx_hal_cortex.o(i.HAL_NVIC_EnableIRQ)
    HAL_NVIC_SetPriority                     0x08001519   Thumb Code    60  stm32f4xx_hal_cortex.o(i.HAL_NVIC_SetPriority)
    HAL_NVIC_SetPriorityGrouping             0x08001559   Thumb Code    26  stm32f4xx_hal_cortex.o(i.HAL_NVIC_SetPriorityGrouping)
    HAL_RCC_ClockConfig                      0x0800157d   Thumb Code   288  stm32f4xx_hal_rcc.o(i.HAL_RCC_ClockConfig)
    HAL_RCC_GetPCLK1Freq                     0x080016b1   Thumb Code    20  stm32f4xx_hal_rcc.o(i.HAL_RCC_GetPCLK1Freq)
    HAL_RCC_GetPCLK2Freq                     0x080016d1   Thumb Code    20  stm32f4xx_hal_rcc.o(i.HAL_RCC_GetPCLK2Freq)
    HAL_RCC_GetSysClockFreq                  0x080016f1   Thumb Code    88  stm32f4xx_hal_rcc.o(i.HAL_RCC_GetSysClockFreq)
    HAL_RCC_OscConfig                        0x08001755   Thumb Code   856  stm32f4xx_hal_rcc.o(i.HAL_RCC_OscConfig)
    HAL_SYSTICK_Config                       0x08001ac1   Thumb Code    40  stm32f4xx_hal_cortex.o(i.HAL_SYSTICK_Config)
    HAL_TIMEx_BreakCallback                  0x08001ae9   Thumb Code     2  stm32f4xx_hal_tim_ex.o(i.HAL_TIMEx_BreakCallback)
    HAL_TIMEx_CommutCallback                 0x08001aeb   Thumb Code     2  stm32f4xx_hal_tim_ex.o(i.HAL_TIMEx_CommutCallback)
    HAL_TIMEx_ConfigBreakDeadTime            0x08001aed   Thumb Code    84  stm32f4xx_hal_tim_ex.o(i.HAL_TIMEx_ConfigBreakDeadTime)
    HAL_TIMEx_MasterConfigSynchronization    0x08001b41   Thumb Code   116  stm32f4xx_hal_tim_ex.o(i.HAL_TIMEx_MasterConfigSynchronization)
    HAL_TIM_Base_Init                        0x08001bd1   Thumb Code    90  stm32f4xx_hal_tim.o(i.HAL_TIM_Base_Init)
    HAL_TIM_Base_MspInit                     0x08001c2d   Thumb Code   200  tim.o(i.HAL_TIM_Base_MspInit)
    HAL_TIM_Base_Start_IT                    0x08001d15   Thumb Code   100  stm32f4xx_hal_tim.o(i.HAL_TIM_Base_Start_IT)
    HAL_TIM_ConfigClockSource                0x08001d95   Thumb Code   220  stm32f4xx_hal_tim.o(i.HAL_TIM_ConfigClockSource)
    HAL_TIM_Encoder_Init                     0x08001e71   Thumb Code   164  stm32f4xx_hal_tim.o(i.HAL_TIM_Encoder_Init)
    HAL_TIM_Encoder_MspInit                  0x08001f15   Thumb Code   266  tim.o(i.HAL_TIM_Encoder_MspInit)
    HAL_TIM_IC_CaptureCallback               0x08002041   Thumb Code     2  stm32f4xx_hal_tim.o(i.HAL_TIM_IC_CaptureCallback)
    HAL_TIM_IRQHandler                       0x08002043   Thumb Code   304  stm32f4xx_hal_tim.o(i.HAL_TIM_IRQHandler)
    HAL_TIM_MspPostInit                      0x08002175   Thumb Code   192  tim.o(i.HAL_TIM_MspPostInit)
    HAL_TIM_OC_ConfigChannel                 0x08002259   Thumb Code    82  stm32f4xx_hal_tim.o(i.HAL_TIM_OC_ConfigChannel)
    HAL_TIM_OC_DelayElapsedCallback          0x080022ab   Thumb Code     2  stm32f4xx_hal_tim.o(i.HAL_TIM_OC_DelayElapsedCallback)
    HAL_TIM_OC_Init                          0x080022ad   Thumb Code    90  stm32f4xx_hal_tim.o(i.HAL_TIM_OC_Init)
    HAL_TIM_OC_MspInit                       0x08002307   Thumb Code     2  stm32f4xx_hal_tim.o(i.HAL_TIM_OC_MspInit)
    HAL_TIM_PWM_ConfigChannel                0x08002309   Thumb Code   204  stm32f4xx_hal_tim.o(i.HAL_TIM_PWM_ConfigChannel)
    HAL_TIM_PWM_Init                         0x080023d5   Thumb Code    90  stm32f4xx_hal_tim.o(i.HAL_TIM_PWM_Init)
    HAL_TIM_PWM_MspInit                      0x0800242f   Thumb Code     2  stm32f4xx_hal_tim.o(i.HAL_TIM_PWM_MspInit)
    HAL_TIM_PWM_PulseFinishedCallback        0x08002431   Thumb Code     2  stm32f4xx_hal_tim.o(i.HAL_TIM_PWM_PulseFinishedCallback)
    HAL_TIM_PWM_Start                        0x08002435   Thumb Code   172  stm32f4xx_hal_tim.o(i.HAL_TIM_PWM_Start)
    HAL_TIM_PeriodElapsedCallback            0x080024fd   Thumb Code    48  isr.o(i.HAL_TIM_PeriodElapsedCallback)
    HAL_TIM_TriggerCallback                  0x08002539   Thumb Code     2  stm32f4xx_hal_tim.o(i.HAL_TIM_TriggerCallback)
    HAL_UARTEx_ReceiveToIdle_DMA             0x0800253b   Thumb Code    78  stm32f4xx_hal_uart.o(i.HAL_UARTEx_ReceiveToIdle_DMA)
    HAL_UARTEx_RxEventCallback               0x08002589   Thumb Code   342  chuankou.o(i.HAL_UARTEx_RxEventCallback)
    HAL_UART_ErrorCallback                   0x08002729   Thumb Code     2  stm32f4xx_hal_uart.o(i.HAL_UART_ErrorCallback)
    HAL_UART_IRQHandler                      0x0800272d   Thumb Code   618  stm32f4xx_hal_uart.o(i.HAL_UART_IRQHandler)
    HAL_UART_Init                            0x0800299d   Thumb Code   100  stm32f4xx_hal_uart.o(i.HAL_UART_Init)
    HAL_UART_MspInit                         0x08002a01   Thumb Code   484  usart.o(i.HAL_UART_MspInit)
    HAL_UART_RxCpltCallback                  0x08002c15   Thumb Code     2  stm32f4xx_hal_uart.o(i.HAL_UART_RxCpltCallback)
    HAL_UART_RxHalfCpltCallback              0x08002c17   Thumb Code     2  stm32f4xx_hal_uart.o(i.HAL_UART_RxHalfCpltCallback)
    HAL_UART_Transmit                        0x08002c19   Thumb Code   160  stm32f4xx_hal_uart.o(i.HAL_UART_Transmit)
    HAL_UART_Transmit_DMA                    0x08002cb9   Thumb Code   106  stm32f4xx_hal_uart.o(i.HAL_UART_Transmit_DMA)
    HAL_UART_TxCpltCallback                  0x08002d31   Thumb Code     2  stm32f4xx_hal_uart.o(i.HAL_UART_TxCpltCallback)
    HAL_UART_TxHalfCpltCallback              0x08002d33   Thumb Code     2  stm32f4xx_hal_uart.o(i.HAL_UART_TxHalfCpltCallback)
    HardFault_Handler                        0x08002d35   Thumb Code     2  stm32f4xx_it.o(i.HardFault_Handler)
    LCD_Address_Set                          0x08002d37   Thumb Code   106  lcd.o(i.LCD_Address_Set)
    LCD_DrawLine                             0x08002da1   Thumb Code   156  lcd.o(i.LCD_DrawLine)
    LCD_DrawPoint                            0x08002e3d   Thumb Code    22  lcd.o(i.LCD_DrawPoint)
    LCD_Fill                                 0x08002e53   Thumb Code    62  lcd.o(i.LCD_Fill)
    LCD_GPIO_Init                            0x08002e91   Thumb Code   114  lcd_init.o(i.LCD_GPIO_Init)
    LCD_Init                                 0x08002f0d   Thumb Code   790  lcd_init.o(i.LCD_Init)
    LCD_ShowChar                             0x08003229   Thumb Code   252  lcd.o(i.LCD_ShowChar)
    LCD_ShowFloatNum1                        0x08003335   Thumb Code   146  lcd.o(i.LCD_ShowFloatNum1)
    LCD_ShowIntNum                           0x080033cd   Thumb Code   126  lcd.o(i.LCD_ShowIntNum)
    LCD_ShowString                           0x0800344b   Thumb Code    58  lcd.o(i.LCD_ShowString)
    LCD_WR_DATA                              0x08003485   Thumb Code    20  lcd_init.o(i.LCD_WR_DATA)
    LCD_WR_DATA8                             0x08003499   Thumb Code     4  lcd_init.o(i.LCD_WR_DATA8)
    LCD_WR_REG                               0x0800349d   Thumb Code    36  lcd_init.o(i.LCD_WR_REG)
    LCD_Writ_Bus                             0x080034c5   Thumb Code   160  lcd_init.o(i.LCD_Writ_Bus)
    LCD_show                                 0x08003569   Thumb Code  1112  lcd.o(i.LCD_show)
    MX_DMA_Init                              0x080039c1   Thumb Code   104  dma.o(i.MX_DMA_Init)
    MX_GPIO_Init                             0x08003a2d   Thumb Code   172  gpio.o(i.MX_GPIO_Init)
    MX_TIM10_Init                            0x08003ae5   Thumb Code    94  tim.o(i.MX_TIM10_Init)
    MX_TIM11_Init                            0x08003b4d   Thumb Code    94  tim.o(i.MX_TIM11_Init)
    MX_TIM13_Init                            0x08003bb5   Thumb Code    94  tim.o(i.MX_TIM13_Init)
    MX_TIM14_Init                            0x08003c1d   Thumb Code    92  tim.o(i.MX_TIM14_Init)
    MX_TIM1_Init                             0x08003c81   Thumb Code    98  tim.o(i.MX_TIM1_Init)
    MX_TIM2_Init                             0x08003ced   Thumb Code    96  tim.o(i.MX_TIM2_Init)
    MX_TIM3_Init                             0x08003d51   Thumb Code    96  tim.o(i.MX_TIM3_Init)
    MX_TIM4_Init                             0x08003db9   Thumb Code    96  tim.o(i.MX_TIM4_Init)
    MX_TIM6_Init                             0x08003e21   Thumb Code    60  tim.o(i.MX_TIM6_Init)
    MX_TIM7_Init                             0x08003e65   Thumb Code    60  tim.o(i.MX_TIM7_Init)
    MX_TIM8_Init                             0x08003ea9   Thumb Code   252  tim.o(i.MX_TIM8_Init)
    MX_UART4_Init                            0x08003fad   Thumb Code    48  usart.o(i.MX_UART4_Init)
    MX_USART1_UART_Init                      0x08003fe5   Thumb Code    48  usart.o(i.MX_USART1_UART_Init)
    MX_USART2_UART_Init                      0x0800401d   Thumb Code    48  usart.o(i.MX_USART2_UART_Init)
    MX_USART3_UART_Init                      0x08004055   Thumb Code    48  usart.o(i.MX_USART3_UART_Init)
    MemManage_Handler                        0x0800408d   Thumb Code     2  stm32f4xx_it.o(i.MemManage_Handler)
    NMI_Handler                              0x0800408f   Thumb Code     2  stm32f4xx_it.o(i.NMI_Handler)
    PID_servo1                               0x08004091   Thumb Code   166  pid.o(i.PID_servo1)
    PID_servo2                               0x0800414d   Thumb Code   166  pid.o(i.PID_servo2)
    PendSV_Handler                           0x08004209   Thumb Code     2  stm32f4xx_it.o(i.PendSV_Handler)
    SVC_Handler                              0x0800420b   Thumb Code     2  stm32f4xx_it.o(i.SVC_Handler)
    SysTick_Handler                          0x0800420d   Thumb Code   118  stm32f4xx_it.o(i.SysTick_Handler)
    SystemClock_Config                       0x08004295   Thumb Code   140  main.o(i.SystemClock_Config)
    SystemInit                               0x08004329   Thumb Code    12  system_stm32f4xx.o(i.SystemInit)
    TIM6_DAC_IRQHandler                      0x08004339   Thumb Code     6  stm32f4xx_it.o(i.TIM6_DAC_IRQHandler)
    TIM7_IRQHandler                          0x08004345   Thumb Code     6  stm32f4xx_it.o(i.TIM7_IRQHandler)
    TIM_Base_SetConfig                       0x08004351   Thumb Code   170  stm32f4xx_hal_tim.o(i.TIM_Base_SetConfig)
    TIM_CCxChannelCmd                        0x08004429   Thumb Code    26  stm32f4xx_hal_tim.o(i.TIM_CCxChannelCmd)
    TIM_ETR_SetConfig                        0x08004443   Thumb Code    20  stm32f4xx_hal_tim.o(i.TIM_ETR_SetConfig)
    TIM_OC2_SetConfig                        0x080044c9   Thumb Code    98  stm32f4xx_hal_tim.o(i.TIM_OC2_SetConfig)
    UART_Start_Receive_DMA                   0x080049b5   Thumb Code   130  stm32f4xx_hal_uart.o(i.UART_Start_Receive_DMA)
    USART2_IRQHandler                        0x08004ab9   Thumb Code     6  stm32f4xx_it.o(i.USART2_IRQHandler)
    UsageFault_Handler                       0x08004ac5   Thumb Code     2  stm32f4xx_it.o(i.UsageFault_Handler)
    __0sprintf$1                             0x08004ac9   Thumb Code    34  printf1.o(i.__0sprintf$1)
    __1sprintf$1                             0x08004ac9   Thumb Code     0  printf1.o(i.__0sprintf$1)
    __2sprintf                               0x08004ac9   Thumb Code     0  printf1.o(i.__0sprintf$1)
    __aeabi_errno_addr                       0x08004b11   Thumb Code     4  errno.o(i.__aeabi_errno_addr)
    __rt_errno_addr                          0x08004b11   Thumb Code     0  errno.o(i.__aeabi_errno_addr)
    __scatterload_copy                       0x08004b19   Thumb Code    14  handlers.o(i.__scatterload_copy)
    __scatterload_null                       0x08004b27   Thumb Code     2  handlers.o(i.__scatterload_null)
    __scatterload_zeroinit                   0x08004b29   Thumb Code    14  handlers.o(i.__scatterload_zeroinit)
    cal_mid                                  0x08004c97   Thumb Code     6  image.o(i.cal_mid)
    chuankou_init                            0x08004c9d   Thumb Code    52  chuankou.o(i.chuankou_init)
    control_A                                0x08004cdd   Thumb Code    26  control.o(i.control_A)
    control_AB_X                             0x08004d05   Thumb Code    64  control.o(i.control_AB_X)
    control_AB_Y                             0x08004d51   Thumb Code    30  control.o(i.control_AB_Y)
    control_A_B                              0x08004d7d   Thumb Code    14  control.o(i.control_A_B)
    control_mid                              0x08004d8d   Thumb Code    14  control.o(i.control_mid)
    flash_buffer_clear                       0x08004da5   Thumb Code    12  flash.o(i.flash_buffer_clear)
    flash_get_buffer_PID                     0x08004db5   Thumb Code    64  flash.o(i.flash_get_buffer_PID)
    flash_set_buffer_PID                     0x08004dfd   Thumb Code   160  flash.o(i.flash_set_buffer_PID)
    init_pid_parameters                      0x08004ea5   Thumb Code   154  pid.o(i.init_pid_parameters)
    is_valid_param                           0x08004f59   Thumb Code    20  pid.o(i.is_valid_param)
    key_function                             0x08004f6d   Thumb Code   636  key.o(i.key_function)
    key_scan                                 0x08005241   Thumb Code   150  key.o(i.key_scan)
    key_start                                0x080052e1   Thumb Code     6  key.o(i.key_start)
    main                                     0x080052ed   Thumb Code   318  main.o(i.main)
    mypow                                    0x08005441   Thumb Code    16  lcd.o(i.mypow)
    pid_cal                                  0x08005451   Thumb Code   170  pid.o(i.pid_cal)
    pid_init                                 0x080054fb   Thumb Code    10  pid.o(i.pid_init)
    safe_parse_int                           0x08005505   Thumb Code    92  chuankou.o(i.safe_parse_int)
    saveThePidParameter                      0x08005561   Thumb Code   106  pid.o(i.saveThePidParameter)
    scale_480_to_128                         0x080055d5   Thumb Code    48  image.o(i.scale_480_to_128)
    servo_init                               0x08005609   Thumb Code    24  servo.o(i.servo_init)
    set_servo                                0x08005621   Thumb Code    30  servo.o(i.set_servo)
    uart_R_start                             0x08005641   Thumb Code    10  uart.o(i.uart_R_start)
    AHBPrescTable                            0x0800565c   Data          16  system_stm32f4xx.o(.constdata)
    APBPrescTable                            0x0800566c   Data           8  system_stm32f4xx.o(.constdata)
    ascii_1206                               0x08005674   Data        1140  lcd.o(.constdata)
    ascii_1608                               0x08005ae8   Data        1520  lcd.o(.constdata)
    ascii_2412                               0x080060d8   Data        4560  lcd.o(.constdata)
    ascii_3216                               0x080072a8   Data        6080  lcd.o(.constdata)
    tfont12                                  0x08008a68   Data         130  lcd.o(.constdata)
    tfont16                                  0x08008aea   Data         170  lcd.o(.constdata)
    tfont24                                  0x08008b94   Data         370  lcd.o(.constdata)
    tfont32                                  0x08008d06   Data         650  lcd.o(.constdata)
    __ctype_table                            0x08008f90   Data         129  ctype_o.o(.constdata)
    Region$$Table$$Base                      0x08009018   Number         0  anon$$obj.o(Region$$Table)
    Region$$Table$$Limit                     0x08009038   Number         0  anon$$obj.o(Region$$Table)
    servo_PWM                                0x20000000   Data           2  main.o(.data)
    trans_flag                               0x20000002   Data           1  main.o(.data)
    s_1_flag                                 0x20000004   Data           2  stm32f4xx_it.o(.data)
    s_1_cnt                                  0x20000006   Data           2  stm32f4xx_it.o(.data)
    ms_1000                                  0x20000008   Data           2  stm32f4xx_it.o(.data)
    uwTickFreq                               0x2000000c   Data           1  stm32f4xx_hal.o(.data)
    uwTickPrio                               0x20000010   Data           4  stm32f4xx_hal.o(.data)
    uwTick                                   0x20000014   Data           4  stm32f4xx_hal.o(.data)
    SystemCoreClock                          0x20000018   Data           4  system_stm32f4xx.o(.data)
    page                                     0x2000001c   Data           1  key.o(.data)
    mode                                     0x2000001d   Data           1  key.o(.data)
    servo1_P                                 0x20000020   Data           4  pid.o(.data)
    servo1_I                                 0x20000024   Data           4  pid.o(.data)
    servo1_D                                 0x20000028   Data           4  pid.o(.data)
    servo2_P                                 0x2000002c   Data           4  pid.o(.data)
    servo2_I                                 0x20000030   Data           4  pid.o(.data)
    servo2_D                                 0x20000034   Data           4  pid.o(.data)
    last_receive_mode                        0x20000038   Data           1  chuankou.o(.data)
    AB_finish_flag                           0x2000003a   Data           1  control.o(.data)
    AB_flag                                  0x2000003b   Data           1  control.o(.data)
    speed                                    0x2000003c   Data           2  control.o(.data)
    X_target                                 0x2000003e   Data           2  control.o(.data)
    Y_target                                 0x20000040   Data           2  control.o(.data)
    htim1                                    0x20000048   Data          72  tim.o(.bss)
    htim2                                    0x20000090   Data          72  tim.o(.bss)
    htim3                                    0x200000d8   Data          72  tim.o(.bss)
    htim4                                    0x20000120   Data          72  tim.o(.bss)
    htim6                                    0x20000168   Data          72  tim.o(.bss)
    htim7                                    0x200001b0   Data          72  tim.o(.bss)
    htim8                                    0x200001f8   Data          72  tim.o(.bss)
    htim10                                   0x20000240   Data          72  tim.o(.bss)
    htim11                                   0x20000288   Data          72  tim.o(.bss)
    htim13                                   0x200002d0   Data          72  tim.o(.bss)
    htim14                                   0x20000318   Data          72  tim.o(.bss)
    huart4                                   0x20000360   Data          72  usart.o(.bss)
    huart1                                   0x200003a8   Data          72  usart.o(.bss)
    huart2                                   0x200003f0   Data          72  usart.o(.bss)
    huart3                                   0x20000438   Data          72  usart.o(.bss)
    hdma_usart1_rx                           0x20000480   Data          96  usart.o(.bss)
    hdma_usart1_tx                           0x200004e0   Data          96  usart.o(.bss)
    hdma_usart2_rx                           0x20000540   Data          96  usart.o(.bss)
    hdma_usart2_tx                           0x200005a0   Data          96  usart.o(.bss)
    pFlash                                   0x20000600   Data          32  stm32f4xx_hal_flash.o(.bss)
    key                                      0x20000648   Data          20  key.o(.bss)
    flash_union_buffer                       0x2000065c   Data        4096  flash.o(.bss)
    servo1                                   0x2000165c   Data          52  pid.o(.bss)
    servo2                                   0x20001690   Data          52  pid.o(.bss)
    point_data                               0x200016c4   Data          40  chuankou.o(.bss)
    str                                      0x200016ec   Data         200  chuankou.o(.bss)
    AB_line                                  0x200017b4   Data        1920  image.o(.bss)
    CD_line                                  0x20001f34   Data        1920  image.o(.bss)
    BC_line                                  0x200026b4   Data        1280  image.o(.bss)
    AD_line                                  0x20002bb4   Data        1280  image.o(.bss)
    __initial_sp                             0x200034b8   Data           0  startup_stm32f407xx.o(STACK)



==============================================================================

Memory Map of the image

  Image Entry point : 0x08000189

  Load Region LR_IROM1 (Base: 0x08000000, Size: 0x00009080, Max: 0x00100000, ABSOLUTE)

    Execution Region ER_IROM1 (Exec base: 0x08000000, Load base: 0x08000000, Size: 0x00009038, Max: 0x00100000, ABSOLUTE)

    Exec Addr    Load Addr    Size         Type   Attr      Idx    E Section Name        Object

    0x08000000   0x08000000   0x00000188   Data   RO            3    RESET               startup_stm32f407xx.o
    0x08000188   0x08000188   0x00000000   Code   RO         3847  * .ARM.Collect$$$$00000000  mc_w.l(entry.o)
    0x08000188   0x08000188   0x00000004   Code   RO         4135    .ARM.Collect$$$$00000001  mc_w.l(entry2.o)
    0x0800018c   0x0800018c   0x00000004   Code   RO         4138    .ARM.Collect$$$$00000004  mc_w.l(entry5.o)
    0x08000190   0x08000190   0x00000000   Code   RO         4140    .ARM.Collect$$$$00000008  mc_w.l(entry7b.o)
    0x08000190   0x08000190   0x00000000   Code   RO         4142    .ARM.Collect$$$$0000000A  mc_w.l(entry8b.o)
    0x08000190   0x08000190   0x00000008   Code   RO         4143    .ARM.Collect$$$$0000000B  mc_w.l(entry9a.o)
    0x08000198   0x08000198   0x00000004   Code   RO         4150    .ARM.Collect$$$$0000000E  mc_w.l(entry12b.o)
    0x0800019c   0x0800019c   0x00000000   Code   RO         4145    .ARM.Collect$$$$0000000F  mc_w.l(entry10a.o)
    0x0800019c   0x0800019c   0x00000000   Code   RO         4147    .ARM.Collect$$$$00000011  mc_w.l(entry11a.o)
    0x0800019c   0x0800019c   0x00000004   Code   RO         4136    .ARM.Collect$$$$00002712  mc_w.l(entry2.o)
    0x080001a0   0x080001a0   0x00000024   Code   RO            4    .text               startup_stm32f407xx.o
    0x080001c4   0x080001c4   0x00000062   Code   RO         3850    .text               mc_w.l(uldiv.o)
    0x08000226   0x08000226   0x00000024   Code   RO         3852    .text               mc_w.l(memcpya.o)
    0x0800024a   0x0800024a   0x00000024   Code   RO         3854    .text               mc_w.l(memseta.o)
    0x0800026e   0x0800026e   0x00000024   Code   RO         3856    .text               mc_w.l(strstr.o)
    0x08000292   0x08000292   0x00000014   Code   RO         3858    .text               mc_w.l(strchr.o)
    0x080002a6   0x080002a6   0x0000000e   Code   RO         3860    .text               mc_w.l(strlen.o)
    0x080002b4   0x080002b4   0x0000001e   Code   RO         3862    .text               mc_w.l(strncmp.o)
    0x080002d2   0x080002d2   0x00000070   Code   RO         4127    .text               mc_w.l(strtol.o)
    0x08000342   0x08000342   0x0000014e   Code   RO         4129    .text               mf_w.l(dadd.o)
    0x08000490   0x08000490   0x00000026   Code   RO         4131    .text               mf_w.l(f2d.o)
    0x080004b6   0x080004b6   0x00000038   Code   RO         4133    .text               mf_w.l(d2f.o)
    0x080004ee   0x080004ee   0x0000002c   Code   RO         4154    .text               mc_w.l(uidiv.o)
    0x0800051a   0x0800051a   0x0000001e   Code   RO         4156    .text               mc_w.l(llshl.o)
    0x08000538   0x08000538   0x00000020   Code   RO         4158    .text               mc_w.l(llushr.o)
    0x08000558   0x08000558   0x00000024   Code   RO         4160    .text               mc_w.l(llsshr.o)
    0x0800057c   0x0800057c   0x00000008   Code   RO         4162    .text               mc_w.l(ctype_o.o)
    0x08000584   0x08000584   0x0000009e   Code   RO         4197    .text               mc_w.l(_strtoul.o)
    0x08000622   0x08000622   0x00000000   Code   RO         4199    .text               mc_w.l(iusefp.o)
    0x08000622   0x08000622   0x0000006e   Code   RO         4200    .text               mf_w.l(fepilogue.o)
    0x08000690   0x08000690   0x000000ba   Code   RO         4202    .text               mf_w.l(depilogue.o)
    0x0800074a   0x0800074a   0x00000002   PAD
    0x0800074c   0x0800074c   0x00000024   Code   RO         4212    .text               mc_w.l(init.o)
    0x08000770   0x08000770   0x0000001c   Code   RO         4215    .text               mc_w.l(_chval.o)
    0x0800078c   0x0800078c   0x00000104   Code   RO         3502    i.All_init          all_init.o
    0x08000890   0x08000890   0x00000002   Code   RO          451    i.BusFault_Handler  stm32f4xx_it.o
    0x08000892   0x08000892   0x00000002   PAD
    0x08000894   0x08000894   0x0000000c   Code   RO          452    i.DMA1_Stream5_IRQHandler  stm32f4xx_it.o
    0x080008a0   0x080008a0   0x0000000c   Code   RO          453    i.DMA1_Stream6_IRQHandler  stm32f4xx_it.o
    0x080008ac   0x080008ac   0x0000000c   Code   RO          454    i.DMA2_Stream2_IRQHandler  stm32f4xx_it.o
    0x080008b8   0x080008b8   0x0000000c   Code   RO          455    i.DMA2_Stream7_IRQHandler  stm32f4xx_it.o
    0x080008c4   0x080008c4   0x00000028   Code   RO         2032    i.DMA_CalcBaseAndBitshift  stm32f4xx_hal_dma.o
    0x080008ec   0x080008ec   0x00000054   Code   RO         2033    i.DMA_CheckFifoParam  stm32f4xx_hal_dma.o
    0x08000940   0x08000940   0x00000028   Code   RO         2034    i.DMA_SetConfig     stm32f4xx_hal_dma.o
    0x08000968   0x08000968   0x00000002   Code   RO          456    i.DebugMon_Handler  stm32f4xx_it.o
    0x0800096a   0x0800096a   0x00000004   Code   RO           13    i.Error_Handler     main.o
    0x0800096e   0x0800096e   0x00000002   PAD
    0x08000970   0x08000970   0x00000050   Code   RO         1847    i.FLASH_Erase_Sector  stm32f4xx_hal_flash_ex.o
    0x080009c0   0x080009c0   0x00000054   Code   RO         1848    i.FLASH_FlushCaches  stm32f4xx_hal_flash_ex.o
    0x08000a14   0x08000a14   0x00000028   Code   RO         1849    i.FLASH_MassErase   stm32f4xx_hal_flash_ex.o
    0x08000a3c   0x08000a3c   0x00000020   Code   RO         1729    i.FLASH_Program_Byte  stm32f4xx_hal_flash.o
    0x08000a5c   0x08000a5c   0x0000002c   Code   RO         1730    i.FLASH_Program_DoubleWord  stm32f4xx_hal_flash.o
    0x08000a88   0x08000a88   0x00000024   Code   RO         1731    i.FLASH_Program_HalfWord  stm32f4xx_hal_flash.o
    0x08000aac   0x08000aac   0x00000024   Code   RO         1732    i.FLASH_Program_Word  stm32f4xx_hal_flash.o
    0x08000ad0   0x08000ad0   0x00000068   Code   RO         1733    i.FLASH_SetErrorCode  stm32f4xx_hal_flash.o
    0x08000b38   0x08000b38   0x00000050   Code   RO         1734    i.FLASH_WaitForLastOperation  stm32f4xx_hal_flash.o
    0x08000b88   0x08000b88   0x000000d0   Code   RO         3715    i.Fill_XLine        image.o
    0x08000c58   0x08000c58   0x000000cc   Code   RO         3716    i.Fill_YLine        image.o
    0x08000d24   0x08000d24   0x00000092   Code   RO         2035    i.HAL_DMA_Abort     stm32f4xx_hal_dma.o
    0x08000db6   0x08000db6   0x00000024   Code   RO         2036    i.HAL_DMA_Abort_IT  stm32f4xx_hal_dma.o
    0x08000dda   0x08000dda   0x00000002   PAD
    0x08000ddc   0x08000ddc   0x000001a0   Code   RO         2040    i.HAL_DMA_IRQHandler  stm32f4xx_hal_dma.o
    0x08000f7c   0x08000f7c   0x000000d4   Code   RO         2041    i.HAL_DMA_Init      stm32f4xx_hal_dma.o
    0x08001050   0x08001050   0x0000006e   Code   RO         2045    i.HAL_DMA_Start_IT  stm32f4xx_hal_dma.o
    0x080010be   0x080010be   0x00000002   PAD
    0x080010c0   0x080010c0   0x00000024   Code   RO         2472    i.HAL_Delay         stm32f4xx_hal.o
    0x080010e4   0x080010e4   0x00000098   Code   RO         1850    i.HAL_FLASHEx_Erase  stm32f4xx_hal_flash_ex.o
    0x0800117c   0x0800117c   0x00000014   Code   RO         1738    i.HAL_FLASH_Lock    stm32f4xx_hal_flash.o
    0x08001190   0x08001190   0x0000007c   Code   RO         1743    i.HAL_FLASH_Program  stm32f4xx_hal_flash.o
    0x0800120c   0x0800120c   0x0000002c   Code   RO         1745    i.HAL_FLASH_Unlock  stm32f4xx_hal_flash.o
    0x08001238   0x08001238   0x000001f0   Code   RO         1928    i.HAL_GPIO_Init     stm32f4xx_hal_gpio.o
    0x08001428   0x08001428   0x0000000a   Code   RO         1930    i.HAL_GPIO_ReadPin  stm32f4xx_hal_gpio.o
    0x08001432   0x08001432   0x0000000a   Code   RO         1932    i.HAL_GPIO_WritePin  stm32f4xx_hal_gpio.o
    0x0800143c   0x0800143c   0x0000000c   Code   RO         2478    i.HAL_GetTick       stm32f4xx_hal.o
    0x08001448   0x08001448   0x00000010   Code   RO         2484    i.HAL_IncTick       stm32f4xx_hal.o
    0x08001458   0x08001458   0x00000034   Code   RO         2485    i.HAL_Init          stm32f4xx_hal.o
    0x0800148c   0x0800148c   0x00000040   Code   RO         2486    i.HAL_InitTick      stm32f4xx_hal.o
    0x080014cc   0x080014cc   0x00000030   Code   RO          576    i.HAL_MspInit       stm32f4xx_hal_msp.o
    0x080014fc   0x080014fc   0x0000001a   Code   RO         2320    i.HAL_NVIC_EnableIRQ  stm32f4xx_hal_cortex.o
    0x08001516   0x08001516   0x00000002   PAD
    0x08001518   0x08001518   0x00000040   Code   RO         2326    i.HAL_NVIC_SetPriority  stm32f4xx_hal_cortex.o
    0x08001558   0x08001558   0x00000024   Code   RO         2327    i.HAL_NVIC_SetPriorityGrouping  stm32f4xx_hal_cortex.o
    0x0800157c   0x0800157c   0x00000134   Code   RO         1574    i.HAL_RCC_ClockConfig  stm32f4xx_hal_rcc.o
    0x080016b0   0x080016b0   0x00000020   Code   RO         1581    i.HAL_RCC_GetPCLK1Freq  stm32f4xx_hal_rcc.o
    0x080016d0   0x080016d0   0x00000020   Code   RO         1582    i.HAL_RCC_GetPCLK2Freq  stm32f4xx_hal_rcc.o
    0x080016f0   0x080016f0   0x00000064   Code   RO         1583    i.HAL_RCC_GetSysClockFreq  stm32f4xx_hal_rcc.o
    0x08001754   0x08001754   0x0000036c   Code   RO         1586    i.HAL_RCC_OscConfig  stm32f4xx_hal_rcc.o
    0x08001ac0   0x08001ac0   0x00000028   Code   RO         2331    i.HAL_SYSTICK_Config  stm32f4xx_hal_cortex.o
    0x08001ae8   0x08001ae8   0x00000002   Code   RO         1306    i.HAL_TIMEx_BreakCallback  stm32f4xx_hal_tim_ex.o
    0x08001aea   0x08001aea   0x00000002   Code   RO         1307    i.HAL_TIMEx_CommutCallback  stm32f4xx_hal_tim_ex.o
    0x08001aec   0x08001aec   0x00000054   Code   RO         1309    i.HAL_TIMEx_ConfigBreakDeadTime  stm32f4xx_hal_tim_ex.o
    0x08001b40   0x08001b40   0x00000090   Code   RO         1325    i.HAL_TIMEx_MasterConfigSynchronization  stm32f4xx_hal_tim_ex.o
    0x08001bd0   0x08001bd0   0x0000005a   Code   RO          602    i.HAL_TIM_Base_Init  stm32f4xx_hal_tim.o
    0x08001c2a   0x08001c2a   0x00000002   PAD
    0x08001c2c   0x08001c2c   0x000000e8   Code   RO          272    i.HAL_TIM_Base_MspInit  tim.o
    0x08001d14   0x08001d14   0x00000080   Code   RO          607    i.HAL_TIM_Base_Start_IT  stm32f4xx_hal_tim.o
    0x08001d94   0x08001d94   0x000000dc   Code   RO          611    i.HAL_TIM_ConfigClockSource  stm32f4xx_hal_tim.o
    0x08001e70   0x08001e70   0x000000a4   Code   RO          623    i.HAL_TIM_Encoder_Init  stm32f4xx_hal_tim.o
    0x08001f14   0x08001f14   0x0000012c   Code   RO          274    i.HAL_TIM_Encoder_MspInit  tim.o
    0x08002040   0x08002040   0x00000002   Code   RO          636    i.HAL_TIM_IC_CaptureCallback  stm32f4xx_hal_tim.o
    0x08002042   0x08002042   0x00000130   Code   RO          650    i.HAL_TIM_IRQHandler  stm32f4xx_hal_tim.o
    0x08002172   0x08002172   0x00000002   PAD
    0x08002174   0x08002174   0x000000e4   Code   RO          275    i.HAL_TIM_MspPostInit  tim.o
    0x08002258   0x08002258   0x00000052   Code   RO          651    i.HAL_TIM_OC_ConfigChannel  stm32f4xx_hal_tim.o
    0x080022aa   0x080022aa   0x00000002   Code   RO          653    i.HAL_TIM_OC_DelayElapsedCallback  stm32f4xx_hal_tim.o
    0x080022ac   0x080022ac   0x0000005a   Code   RO          655    i.HAL_TIM_OC_Init   stm32f4xx_hal_tim.o
    0x08002306   0x08002306   0x00000002   Code   RO          657    i.HAL_TIM_OC_MspInit  stm32f4xx_hal_tim.o
    0x08002308   0x08002308   0x000000cc   Code   RO          674    i.HAL_TIM_PWM_ConfigChannel  stm32f4xx_hal_tim.o
    0x080023d4   0x080023d4   0x0000005a   Code   RO          677    i.HAL_TIM_PWM_Init  stm32f4xx_hal_tim.o
    0x0800242e   0x0800242e   0x00000002   Code   RO          679    i.HAL_TIM_PWM_MspInit  stm32f4xx_hal_tim.o
    0x08002430   0x08002430   0x00000002   Code   RO          680    i.HAL_TIM_PWM_PulseFinishedCallback  stm32f4xx_hal_tim.o
    0x08002432   0x08002432   0x00000002   PAD
    0x08002434   0x08002434   0x000000c8   Code   RO          682    i.HAL_TIM_PWM_Start  stm32f4xx_hal_tim.o
    0x080024fc   0x080024fc   0x0000003c   Code   RO         3772    i.HAL_TIM_PeriodElapsedCallback  isr.o
    0x08002538   0x08002538   0x00000002   Code   RO          693    i.HAL_TIM_TriggerCallback  stm32f4xx_hal_tim.o
    0x0800253a   0x0800253a   0x0000004e   Code   RO         2733    i.HAL_UARTEx_ReceiveToIdle_DMA  stm32f4xx_hal_uart.o
    0x08002588   0x08002588   0x000001a0   Code   RO         3446    i.HAL_UARTEx_RxEventCallback  chuankou.o
    0x08002728   0x08002728   0x00000002   Code   RO         2749    i.HAL_UART_ErrorCallback  stm32f4xx_hal_uart.o
    0x0800272a   0x0800272a   0x00000002   PAD
    0x0800272c   0x0800272c   0x00000270   Code   RO         2752    i.HAL_UART_IRQHandler  stm32f4xx_hal_uart.o
    0x0800299c   0x0800299c   0x00000064   Code   RO         2753    i.HAL_UART_Init     stm32f4xx_hal_uart.o
    0x08002a00   0x08002a00   0x00000214   Code   RO          392    i.HAL_UART_MspInit  usart.o
    0x08002c14   0x08002c14   0x00000002   Code   RO         2759    i.HAL_UART_RxCpltCallback  stm32f4xx_hal_uart.o
    0x08002c16   0x08002c16   0x00000002   Code   RO         2760    i.HAL_UART_RxHalfCpltCallback  stm32f4xx_hal_uart.o
    0x08002c18   0x08002c18   0x000000a0   Code   RO         2761    i.HAL_UART_Transmit  stm32f4xx_hal_uart.o
    0x08002cb8   0x08002cb8   0x00000078   Code   RO         2762    i.HAL_UART_Transmit_DMA  stm32f4xx_hal_uart.o
    0x08002d30   0x08002d30   0x00000002   Code   RO         2764    i.HAL_UART_TxCpltCallback  stm32f4xx_hal_uart.o
    0x08002d32   0x08002d32   0x00000002   Code   RO         2765    i.HAL_UART_TxHalfCpltCallback  stm32f4xx_hal_uart.o
    0x08002d34   0x08002d34   0x00000002   Code   RO          457    i.HardFault_Handler  stm32f4xx_it.o
    0x08002d36   0x08002d36   0x0000006a   Code   RO         3527    i.LCD_Address_Set   lcd.o
    0x08002da0   0x08002da0   0x0000009c   Code   RO         3528    i.LCD_DrawLine      lcd.o
    0x08002e3c   0x08002e3c   0x00000016   Code   RO         3529    i.LCD_DrawPoint     lcd.o
    0x08002e52   0x08002e52   0x0000003e   Code   RO         3531    i.LCD_Fill          lcd.o
    0x08002e90   0x08002e90   0x0000007c   Code   RO         3657    i.LCD_GPIO_Init     lcd_init.o
    0x08002f0c   0x08002f0c   0x0000031c   Code   RO         3658    i.LCD_Init          lcd_init.o
    0x08003228   0x08003228   0x0000010c   Code   RO         3532    i.LCD_ShowChar      lcd.o
    0x08003334   0x08003334   0x00000098   Code   RO         3538    i.LCD_ShowFloatNum1  lcd.o
    0x080033cc   0x080033cc   0x0000007e   Code   RO         3539    i.LCD_ShowIntNum    lcd.o
    0x0800344a   0x0800344a   0x0000003a   Code   RO         3541    i.LCD_ShowString    lcd.o
    0x08003484   0x08003484   0x00000014   Code   RO         3659    i.LCD_WR_DATA       lcd_init.o
    0x08003498   0x08003498   0x00000004   Code   RO         3660    i.LCD_WR_DATA8      lcd_init.o
    0x0800349c   0x0800349c   0x00000028   Code   RO         3661    i.LCD_WR_REG        lcd_init.o
    0x080034c4   0x080034c4   0x000000a4   Code   RO         3662    i.LCD_Writ_Bus      lcd_init.o
    0x08003568   0x08003568   0x00000458   Code   RO         3542    i.LCD_show          lcd.o
    0x080039c0   0x080039c0   0x0000006c   Code   RO          247    i.MX_DMA_Init       dma.o
    0x08003a2c   0x08003a2c   0x000000b8   Code   RO          223    i.MX_GPIO_Init      gpio.o
    0x08003ae4   0x08003ae4   0x00000068   Code   RO          276    i.MX_TIM10_Init     tim.o
    0x08003b4c   0x08003b4c   0x00000068   Code   RO          277    i.MX_TIM11_Init     tim.o
    0x08003bb4   0x08003bb4   0x00000068   Code   RO          278    i.MX_TIM13_Init     tim.o
    0x08003c1c   0x08003c1c   0x00000064   Code   RO          279    i.MX_TIM14_Init     tim.o
    0x08003c80   0x08003c80   0x0000006c   Code   RO          280    i.MX_TIM1_Init      tim.o
    0x08003cec   0x08003cec   0x00000064   Code   RO          281    i.MX_TIM2_Init      tim.o
    0x08003d50   0x08003d50   0x00000068   Code   RO          282    i.MX_TIM3_Init      tim.o
    0x08003db8   0x08003db8   0x00000068   Code   RO          283    i.MX_TIM4_Init      tim.o
    0x08003e20   0x08003e20   0x00000044   Code   RO          284    i.MX_TIM6_Init      tim.o
    0x08003e64   0x08003e64   0x00000044   Code   RO          285    i.MX_TIM7_Init      tim.o
    0x08003ea8   0x08003ea8   0x00000104   Code   RO          286    i.MX_TIM8_Init      tim.o
    0x08003fac   0x08003fac   0x00000038   Code   RO          393    i.MX_UART4_Init     usart.o
    0x08003fe4   0x08003fe4   0x00000038   Code   RO          394    i.MX_USART1_UART_Init  usart.o
    0x0800401c   0x0800401c   0x00000038   Code   RO          395    i.MX_USART2_UART_Init  usart.o
    0x08004054   0x08004054   0x00000038   Code   RO          396    i.MX_USART3_UART_Init  usart.o
    0x0800408c   0x0800408c   0x00000002   Code   RO          458    i.MemManage_Handler  stm32f4xx_it.o
    0x0800408e   0x0800408e   0x00000002   Code   RO          459    i.NMI_Handler       stm32f4xx_it.o
    0x08004090   0x08004090   0x000000bc   Code   RO         3370    i.PID_servo1        pid.o
    0x0800414c   0x0800414c   0x000000bc   Code   RO         3371    i.PID_servo2        pid.o
    0x08004208   0x08004208   0x00000002   Code   RO          460    i.PendSV_Handler    stm32f4xx_it.o
    0x0800420a   0x0800420a   0x00000002   Code   RO          461    i.SVC_Handler       stm32f4xx_it.o
    0x0800420c   0x0800420c   0x00000088   Code   RO          462    i.SysTick_Handler   stm32f4xx_it.o
    0x08004294   0x08004294   0x00000094   Code   RO           14    i.SystemClock_Config  main.o
    0x08004328   0x08004328   0x00000010   Code   RO         3087    i.SystemInit        system_stm32f4xx.o
    0x08004338   0x08004338   0x0000000c   Code   RO          463    i.TIM6_DAC_IRQHandler  stm32f4xx_it.o
    0x08004344   0x08004344   0x0000000c   Code   RO          464    i.TIM7_IRQHandler   stm32f4xx_it.o
    0x08004350   0x08004350   0x000000d8   Code   RO          695    i.TIM_Base_SetConfig  stm32f4xx_hal_tim.o
    0x08004428   0x08004428   0x0000001a   Code   RO          696    i.TIM_CCxChannelCmd  stm32f4xx_hal_tim.o
    0x08004442   0x08004442   0x00000014   Code   RO          706    i.TIM_ETR_SetConfig  stm32f4xx_hal_tim.o
    0x08004456   0x08004456   0x00000010   Code   RO          707    i.TIM_ITRx_SetConfig  stm32f4xx_hal_tim.o
    0x08004466   0x08004466   0x00000002   PAD
    0x08004468   0x08004468   0x00000060   Code   RO          708    i.TIM_OC1_SetConfig  stm32f4xx_hal_tim.o
    0x080044c8   0x080044c8   0x0000006c   Code   RO          709    i.TIM_OC2_SetConfig  stm32f4xx_hal_tim.o
    0x08004534   0x08004534   0x00000068   Code   RO          710    i.TIM_OC3_SetConfig  stm32f4xx_hal_tim.o
    0x0800459c   0x0800459c   0x00000050   Code   RO          711    i.TIM_OC4_SetConfig  stm32f4xx_hal_tim.o
    0x080045ec   0x080045ec   0x00000022   Code   RO          713    i.TIM_TI1_ConfigInputStage  stm32f4xx_hal_tim.o
    0x0800460e   0x0800460e   0x00000024   Code   RO          715    i.TIM_TI2_ConfigInputStage  stm32f4xx_hal_tim.o
    0x08004632   0x08004632   0x00000010   Code   RO         2766    i.UART_DMAAbortOnError  stm32f4xx_hal_uart.o
    0x08004642   0x08004642   0x0000004a   Code   RO         2767    i.UART_DMAError     stm32f4xx_hal_uart.o
    0x0800468c   0x0800468c   0x00000086   Code   RO         2768    i.UART_DMAReceiveCplt  stm32f4xx_hal_uart.o
    0x08004712   0x08004712   0x0000001e   Code   RO         2770    i.UART_DMARxHalfCplt  stm32f4xx_hal_uart.o
    0x08004730   0x08004730   0x00000042   Code   RO         2772    i.UART_DMATransmitCplt  stm32f4xx_hal_uart.o
    0x08004772   0x08004772   0x0000000a   Code   RO         2774    i.UART_DMATxHalfCplt  stm32f4xx_hal_uart.o
    0x0800477c   0x0800477c   0x0000004e   Code   RO         2776    i.UART_EndRxTransfer  stm32f4xx_hal_uart.o
    0x080047ca   0x080047ca   0x0000001c   Code   RO         2777    i.UART_EndTxTransfer  stm32f4xx_hal_uart.o
    0x080047e6   0x080047e6   0x000000c2   Code   RO         2778    i.UART_Receive_IT   stm32f4xx_hal_uart.o
    0x080048a8   0x080048a8   0x0000010c   Code   RO         2779    i.UART_SetConfig    stm32f4xx_hal_uart.o
    0x080049b4   0x080049b4   0x00000090   Code   RO         2780    i.UART_Start_Receive_DMA  stm32f4xx_hal_uart.o
    0x08004a44   0x08004a44   0x00000072   Code   RO         2782    i.UART_WaitOnFlagUntilTimeout  stm32f4xx_hal_uart.o
    0x08004ab6   0x08004ab6   0x00000002   PAD
    0x08004ab8   0x08004ab8   0x0000000c   Code   RO          465    i.USART2_IRQHandler  stm32f4xx_it.o
    0x08004ac4   0x08004ac4   0x00000002   Code   RO          466    i.UsageFault_Handler  stm32f4xx_it.o
    0x08004ac6   0x08004ac6   0x00000002   PAD
    0x08004ac8   0x08004ac8   0x00000028   Code   RO         3913    i.__0sprintf$1      mc_w.l(printf1.o)
    0x08004af0   0x08004af0   0x00000020   Code   RO         2333    i.__NVIC_SetPriority  stm32f4xx_hal_cortex.o
    0x08004b10   0x08004b10   0x00000008   Code   RO         4190    i.__aeabi_errno_addr  mc_w.l(errno.o)
    0x08004b18   0x08004b18   0x0000000e   Code   RO         4220    i.__scatterload_copy  mc_w.l(handlers.o)
    0x08004b26   0x08004b26   0x00000002   Code   RO         4221    i.__scatterload_null  mc_w.l(handlers.o)
    0x08004b28   0x08004b28   0x0000000e   Code   RO         4222    i.__scatterload_zeroinit  mc_w.l(handlers.o)
    0x08004b36   0x08004b36   0x00000002   PAD
    0x08004b38   0x08004b38   0x00000154   Code   RO         3918    i._printf_core      mc_w.l(printf1.o)
    0x08004c8c   0x08004c8c   0x0000000a   Code   RO         3920    i._sputc            mc_w.l(printf1.o)
    0x08004c96   0x08004c96   0x00000006   Code   RO         3717    i.cal_mid           image.o
    0x08004c9c   0x08004c9c   0x00000040   Code   RO         3447    i.chuankou_init     chuankou.o
    0x08004cdc   0x08004cdc   0x00000028   Code   RO         3796    i.control_A         control.o
    0x08004d04   0x08004d04   0x0000004c   Code   RO         3797    i.control_AB_X      control.o
    0x08004d50   0x08004d50   0x0000002c   Code   RO         3798    i.control_AB_Y      control.o
    0x08004d7c   0x08004d7c   0x0000000e   Code   RO         3799    i.control_A_B       control.o
    0x08004d8a   0x08004d8a   0x00000002   PAD
    0x08004d8c   0x08004d8c   0x00000018   Code   RO         3800    i.control_mid       control.o
    0x08004da4   0x08004da4   0x00000010   Code   RO         3244    i.flash_buffer_clear  flash.o
    0x08004db4   0x08004db4   0x00000048   Code   RO         3246    i.flash_get_buffer_PID  flash.o
    0x08004dfc   0x08004dfc   0x000000a8   Code   RO         3249    i.flash_set_buffer_PID  flash.o
    0x08004ea4   0x08004ea4   0x000000b4   Code   RO         3373    i.init_pid_parameters  pid.o
    0x08004f58   0x08004f58   0x00000014   Code   RO         3374    i.is_valid_param    pid.o
    0x08004f6c   0x08004f6c   0x000002d4   Code   RO         3201    i.key_function      key.o
    0x08005240   0x08005240   0x000000a0   Code   RO         3202    i.key_scan          key.o
    0x080052e0   0x080052e0   0x0000000c   Code   RO         3203    i.key_start         key.o
    0x080052ec   0x080052ec   0x00000154   Code   RO           15    i.main              main.o
    0x08005440   0x08005440   0x00000010   Code   RO         3543    i.mypow             lcd.o
    0x08005450   0x08005450   0x000000aa   Code   RO         3375    i.pid_cal           pid.o
    0x080054fa   0x080054fa   0x0000000a   Code   RO         3376    i.pid_init          pid.o
    0x08005504   0x08005504   0x0000005c   Code   RO         3450    i.safe_parse_int    chuankou.o
    0x08005560   0x08005560   0x00000074   Code   RO         3377    i.saveThePidParameter  pid.o
    0x080055d4   0x080055d4   0x00000034   Code   RO         3719    i.scale_480_to_128  image.o
    0x08005608   0x08005608   0x00000018   Code   RO         3124    i.servo_init        servo.o
    0x08005620   0x08005620   0x0000001e   Code   RO         3125    i.set_servo         servo.o
    0x0800563e   0x0800563e   0x00000002   PAD
    0x08005640   0x08005640   0x00000014   Code   RO         3322    i.uart_R_start      uart.o
    0x08005654   0x08005654   0x00000008   Data   RO         2047    .constdata          stm32f4xx_hal_dma.o
    0x0800565c   0x0800565c   0x00000010   Data   RO         3088    .constdata          system_stm32f4xx.o
    0x0800566c   0x0800566c   0x00000008   Data   RO         3089    .constdata          system_stm32f4xx.o
    0x08005674   0x08005674   0x0000391c   Data   RO         3544    .constdata          lcd.o
    0x08008f90   0x08008f90   0x00000081   Data   RO         4163    .constdata          mc_w.l(ctype_o.o)
    0x08009011   0x08009011   0x00000003   PAD
    0x08009014   0x08009014   0x00000004   Data   RO         4164    .constdata          mc_w.l(ctype_o.o)
    0x08009018   0x08009018   0x00000020   Data   RO         4218    Region$$Table       anon$$obj.o


    Execution Region RW_IRAM1 (Exec base: 0x20000000, Load base: 0x08009038, Size: 0x000034b8, Max: 0x0001c000, ABSOLUTE)

    Exec Addr    Load Addr    Size         Type   Attr      Idx    E Section Name        Object

    0x20000000   0x08009038   0x00000002   Data   RW           16    .data               main.o
    0x20000002   0x0800903a   0x00000001   Data   RW           17    .data               main.o
    0x20000003   0x0800903b   0x00000001   PAD
    0x20000004   0x0800903c   0x00000006   Data   RW          467    .data               stm32f4xx_it.o
    0x2000000a   0x08009042   0x00000002   PAD
    0x2000000c   0x08009044   0x0000000c   Data   RW         2492    .data               stm32f4xx_hal.o
    0x20000018   0x08009050   0x00000004   Data   RW         3090    .data               system_stm32f4xx.o
    0x2000001c   0x08009054   0x00000002   Data   RW         3205    .data               key.o
    0x2000001e   0x08009056   0x00000002   PAD
    0x20000020   0x08009058   0x00000018   Data   RW         3379    .data               pid.o
    0x20000038   0x08009070   0x00000001   Data   RW         3452    .data               chuankou.o
    0x20000039   0x08009071   0x00000001   PAD
    0x2000003a   0x08009072   0x00000008   Data   RW         3801    .data               control.o
    0x20000042   0x0800907a   0x00000002   PAD
    0x20000044   0x0800907c   0x00000004   Data   RW         4193    .data               mc_w.l(errno.o)
    0x20000048        -       0x00000318   Zero   RW          287    .bss                tim.o
    0x20000360        -       0x000002a0   Zero   RW          397    .bss                usart.o
    0x20000600        -       0x00000020   Zero   RW         1746    .bss                stm32f4xx_hal_flash.o
    0x20000620        -       0x0000003c   Zero   RW         3204    .bss                key.o
    0x2000065c        -       0x00001000   Zero   RW         3253    .bss                flash.o
    0x2000165c        -       0x00000068   Zero   RW         3378    .bss                pid.o
    0x200016c4        -       0x000000f0   Zero   RW         3451    .bss                chuankou.o
    0x200017b4        -       0x00000780   Zero   RW         3720    .bss                image.o
    0x20001f34        -       0x00000780   Zero   RW         3721    .bss                image.o
    0x200026b4        -       0x00000500   Zero   RW         3722    .bss                image.o
    0x20002bb4        -       0x00000500   Zero   RW         3723    .bss                image.o
    0x200030b4   0x08009080   0x00000004   PAD
    0x200030b8        -       0x00000400   Zero   RW            1    STACK               startup_stm32f407xx.o


    Execution Region RW_IRAM2 (Exec base: 0x2001c000, Load base: 0x08009080, Size: 0x00000000, Max: 0x00004000, ABSOLUTE)

    **** No section assigned to this execution region ****


==============================================================================

Image component sizes


      Code (inc. data)   RO Data    RW Data    ZI Data      Debug   Object Name

       260          8          0          0          0        515   all_init.o
       572         86          0          1        240       3832   chuankou.o
       198         50          0          8          0       2819   control.o
       108          4          0          0          0        782   dma.o
       256         20          0          0       4096       3559   flash.o
       184         12          0          0          0        959   gpio.o
       470          4          0          0       6400       3997   image.o
        60         12          0          0          0        808   isr.o
       896        104          0          2         60       2994   key.o
      2078        118      14620          0          0      10104   lcd.o
      1148         24          0          0          0       6883   lcd_init.o
       492         30          0          3          0     700647   main.o
       872         80          0         24        104       5256   pid.o
        54          0          0          0          0       1057   servo.o
        36          8        392          0       1024        808   startup_stm32f407xx.o
       180         28          0         12          0       9197   stm32f4xx_hal.o
       198         14          0          0          0      33663   stm32f4xx_hal_cortex.o
      1084         16          8          0          0       7114   stm32f4xx_hal_dma.o
       520         66          0          0         32       6302   stm32f4xx_hal_flash.o
       356         24          0          0          0       3870   stm32f4xx_hal_flash_ex.o
       516         46          0          0          0       2751   stm32f4xx_hal_gpio.o
        48          6          0          0          0        806   stm32f4xx_hal_msp.o
      1348         76          0          0          0       5084   stm32f4xx_hal_rcc.o
      2320        138          0          0          0      19379   stm32f4xx_hal_tim.o
       232         28          0          0          0       3181   stm32f4xx_hal_tim_ex.o
      2248         44          0          0          0      16955   stm32f4xx_hal_uart.o
       236         60          0          6          0       7517   stm32f4xx_it.o
        16          4         24          4          0       1051   system_stm32f4xx.o
      1984        194          0          0        792       9860   tim.o
        20         10          0          0          0        411   uart.o
       756         80          0          0        672       4015   usart.o

    ----------------------------------------------------------------------
     19774       1394      15076         68      13424     876176   Object Totals
         0          0         32          0          0          0   (incl. Generated)
        28          0          0          8          4          0   (incl. Padding)

    ----------------------------------------------------------------------

      Code (inc. data)   RO Data    RW Data    ZI Data      Debug   Library Member Name

        28          0          0          0          0         68   _chval.o
       158          0          0          0          0         92   _strtoul.o
         8          4        133          0          0         68   ctype_o.o
         0          0          0          0          0          0   entry.o
         0          0          0          0          0          0   entry10a.o
         0          0          0          0          0          0   entry11a.o
         4          0          0          0          0          0   entry12b.o
         8          4          0          0          0          0   entry2.o
         4          0          0          0          0          0   entry5.o
         0          0          0          0          0          0   entry7b.o
         0          0          0          0          0          0   entry8b.o
         8          4          0          0          0          0   entry9a.o
         8          4          0          4          0         68   errno.o
        30          0          0          0          0          0   handlers.o
        36          8          0          0          0         68   init.o
         0          0          0          0          0          0   iusefp.o
        30          0          0          0          0         68   llshl.o
        36          0          0          0          0         68   llsshr.o
        32          0          0          0          0         68   llushr.o
        36          0          0          0          0         68   memcpya.o
        36          0          0          0          0        108   memseta.o
       390         10          0          0          0        252   printf1.o
        20          0          0          0          0         68   strchr.o
        14          0          0          0          0         68   strlen.o
        30          0          0          0          0         80   strncmp.o
        36          0          0          0          0         80   strstr.o
       112          0          0          0          0         88   strtol.o
        44          0          0          0          0         80   uidiv.o
        98          0          0          0          0         92   uldiv.o
        56          0          0          0          0         88   d2f.o
       334          0          0          0          0        148   dadd.o
       186          0          0          0          0        176   depilogue.o
        38          0          0          0          0         68   f2d.o
       110          0          0          0          0        168   fepilogue.o

    ----------------------------------------------------------------------
      1934         34        136          4          0       2200   Library Totals
         4          0          3          0          0          0   (incl. Padding)

    ----------------------------------------------------------------------

      Code (inc. data)   RO Data    RW Data    ZI Data      Debug   Library Name

      1206         34        133          4          0       1552   mc_w.l
       724          0          0          0          0        648   mf_w.l

    ----------------------------------------------------------------------
      1934         34        136          4          0       2200   Library Totals

    ----------------------------------------------------------------------

==============================================================================


      Code (inc. data)   RO Data    RW Data    ZI Data      Debug   

     21708       1428      15212         72      13424     860888   Grand Totals
     21708       1428      15212         72      13424     860888   ELF Image Totals
     21708       1428      15212         72          0          0   ROM Totals

==============================================================================

    Total RO  Size (Code + RO Data)                36920 (  36.05kB)
    Total RW  Size (RW Data + ZI Data)             13496 (  13.18kB)
    Total ROM Size (Code + RO Data + RW Data)      36992 (  36.13kB)

==============================================================================

